{"level":"info","message":"🚀 Server running on http://localhost:5000","timestamp":"2026-02-26 10:30:27"}
{"level":"info","message":"📡 Socket.IO server ready for connections","timestamp":"2026-02-26 10:30:27"}
{"level":"info","message":"✅ Redis Clients (Pub/Sub) Connected and Ready","timestamp":"2026-02-26 10:30:27"}
{"level":"info","message":"OPTIONS /api/messages/unread-count 200 0 - 2.069 ms","timestamp":"2026-02-26 10:30:44"}
{"level":"info","message":"GET /api/messages/unread-count 304 - - 89.474 ms","timestamp":"2026-02-26 10:30:44"}
{"level":"info","message":"GET /api/messages/unread-count 304 - - 57.581 ms","timestamp":"2026-02-26 10:30:44"}
{"level":"info","message":"OPTIONS /api/appointments/revenue/reports 200 0 - 0.204 ms","timestamp":"2026-02-26 10:30:46"}
{"level":"info","message":"OPTIONS /api/attendance/2026/2 200 0 - 0.250 ms","timestamp":"2026-02-26 10:30:46"}
{"level":"info","message":"OPTIONS /api/users/all 200 0 - 0.321 ms","timestamp":"2026-02-26 10:30:46"}
{"level":"info","message":"OPTIONS /api/attendance/range?start=2026-01-31T18:30:00.000Z&end=2026-02-28T18:29:59.999Z 200 0 - 0.269 ms","timestamp":"2026-02-26 10:30:46"}
{"level":"info","message":"OPTIONS /api/appointments/stats?month=1&year=2026 200 0 - 0.163 ms","timestamp":"2026-02-26 10:30:46"}
{"level":"info","message":"OPTIONS /api/tasks 200 0 - 0.451 ms","timestamp":"2026-02-26 10:30:46"}
{"level":"info","message":"OPTIONS /api/admin-status 200 0 - 0.162 ms","timestamp":"2026-02-26 10:30:46"}
{"level":"info","message":"OPTIONS /api/appointments/stats?month=2&year=2026 200 0 - 0.171 ms","timestamp":"2026-02-26 10:30:46"}
{"level":"info","message":"OPTIONS /api/appointments/revenue 200 0 - 0.209 ms","timestamp":"2026-02-26 10:30:46"}
{"level":"info","message":"OPTIONS /api/users 200 0 - 0.123 ms","timestamp":"2026-02-26 10:30:46"}
{"level":"info","message":"OPTIONS /api/appointments 200 0 - 0.092 ms","timestamp":"2026-02-26 10:30:46"}
{"level":"info","message":"GET /api/appointments/revenue/reports 304 - - 64.557 ms","timestamp":"2026-02-26 10:30:47"}
{"level":"info","message":"GET /api/appointments/stats?month=1&year=2026 304 - - 59.040 ms","timestamp":"2026-02-26 10:30:47"}
{"level":"info","message":"GET /api/users/all 200 - - 144.118 ms","timestamp":"2026-02-26 10:30:47"}
{"level":"info","message":"GET /api/appointments/stats?month=2&year=2026 304 - - 133.418 ms","timestamp":"2026-02-26 10:30:47"}
{"level":"info","message":"GET /api/attendance/range?start=2026-01-31T18:30:00.000Z&end=2026-02-28T18:29:59.999Z 200 - - 195.487 ms","timestamp":"2026-02-26 10:30:47"}
{"level":"info","message":"GET /api/attendance/2026/2 200 - - 236.732 ms","timestamp":"2026-02-26 10:30:47"}
{"level":"info","message":"GET /api/appointments/revenue/reports 304 - - 50.450 ms","timestamp":"2026-02-26 10:30:47"}
{"level":"info","message":"GET /api/appointments/revenue 304 - - 86.473 ms","timestamp":"2026-02-26 10:30:47"}
{"level":"info","message":"GET /api/appointments/stats?month=1&year=2026 304 - - 79.592 ms","timestamp":"2026-02-26 10:30:47"}
{"level":"info","message":"GET /api/admin-status 200 49 - 332.320 ms","timestamp":"2026-02-26 10:30:47"}
{"level":"info","message":"GET /api/appointments 304 - - 186.817 ms","timestamp":"2026-02-26 10:30:47"}
{"level":"info","message":"GET /api/users 200 - - 156.401 ms","timestamp":"2026-02-26 10:30:47"}
{"level":"info","message":"GET /api/tasks 304 - - 462.295 ms","timestamp":"2026-02-26 10:30:47"}
{"level":"info","message":"GET /api/appointments/stats?month=2&year=2026 304 - - 113.592 ms","timestamp":"2026-02-26 10:30:47"}
{"level":"info","message":"GET /api/users/all 200 - - 153.137 ms","timestamp":"2026-02-26 10:30:47"}
{"level":"info","message":"GET /api/admin-status 200 49 - 63.558 ms","timestamp":"2026-02-26 10:30:47"}
{"level":"info","message":"GET /api/appointments/revenue 304 - - 103.935 ms","timestamp":"2026-02-26 10:30:47"}
{"level":"info","message":"GET /api/attendance/range?start=2026-01-31T18:30:00.000Z&end=2026-02-28T18:29:59.999Z 200 - - 200.048 ms","timestamp":"2026-02-26 10:30:47"}
{"level":"info","message":"GET /api/attendance/2026/2 200 - - 141.568 ms","timestamp":"2026-02-26 10:30:47"}
{"level":"info","message":"GET /api/appointments 304 - - 158.608 ms","timestamp":"2026-02-26 10:30:47"}
{"level":"info","message":"GET /api/users 200 - - 179.325 ms","timestamp":"2026-02-26 10:30:47"}
{"level":"info","message":"GET /api/tasks 304 - - 123.579 ms","timestamp":"2026-02-26 10:30:47"}
{"level":"info","message":"GET /api/tasks 304 - - 84.177 ms","timestamp":"2026-02-26 10:30:47"}
{"level":"info","message":"GET /api/tasks 304 - - 82.215 ms","timestamp":"2026-02-26 10:30:47"}
{"level":"info","message":"GET /api/tasks 200 - - 103.688 ms","timestamp":"2026-02-26 10:30:50"}
{"level":"info","message":"GET /api/users 304 - - 135.156 ms","timestamp":"2026-02-26 10:30:50"}
{"level":"info","message":"GET /api/users 200 - - 149.046 ms","timestamp":"2026-02-26 10:30:50"}
{"level":"info","message":"GET /api/tasks 304 - - 284.320 ms","timestamp":"2026-02-26 10:30:50"}
{"level":"info","message":"OPTIONS /api/attendance/2026/2 200 0 - 0.375 ms","timestamp":"2026-02-26 10:31:15"}
{"level":"info","message":"GET /api/attendance/2026/2 304 - - 133.636 ms","timestamp":"2026-02-26 10:31:15"}
{"level":"info","message":"OPTIONS /api/messages/unread-count 200 0 - 0.063 ms","timestamp":"2026-02-26 10:31:31"}
{"level":"info","message":"OPTIONS /api/messages/unread-count 200 0 - 0.061 ms","timestamp":"2026-02-26 10:31:31"}
{"level":"info","message":"GET /api/messages/unread-count 401 31 - 1.195 ms","timestamp":"2026-02-26 10:31:31"}
{"level":"info","message":"GET /api/messages/unread-count 401 31 - 1.120 ms","timestamp":"2026-02-26 10:31:31"}
{"level":"info","message":"OPTIONS /api/auth/login 200 0 - 0.097 ms","timestamp":"2026-02-26 10:31:43"}
{"level":"info","message":"POST /api/auth/login 200 827 - 271.646 ms","timestamp":"2026-02-26 10:31:44"}
{"level":"info","message":"OPTIONS /api/messages/unread-count 200 0 - 0.099 ms","timestamp":"2026-02-26 10:31:44"}
{"level":"info","message":"GET /api/messages/unread-count 200 17 - 54.802 ms","timestamp":"2026-02-26 10:31:44"}
{"level":"info","message":"OPTIONS /api/attendance/2026/2 200 0 - 0.134 ms","timestamp":"2026-02-26 10:31:44"}
{"level":"info","message":"OPTIONS /api/appointments/revenue/reports 200 0 - 0.113 ms","timestamp":"2026-02-26 10:31:44"}
{"level":"info","message":"OPTIONS /api/appointments 200 0 - 0.055 ms","timestamp":"2026-02-26 10:31:44"}
{"level":"info","message":"OPTIONS /api/tasks 200 0 - 0.058 ms","timestamp":"2026-02-26 10:31:44"}
{"level":"info","message":"OPTIONS /api/users/all 200 0 - 0.058 ms","timestamp":"2026-02-26 10:31:44"}
{"level":"info","message":"OPTIONS /api/attendance/range?start=2026-01-31T18:30:00.000Z&end=2026-02-28T18:29:59.999Z 200 0 - 0.059 ms","timestamp":"2026-02-26 10:31:44"}
{"level":"info","message":"OPTIONS /api/admin-status 200 0 - 0.073 ms","timestamp":"2026-02-26 10:31:44"}
{"level":"info","message":"OPTIONS /api/appointments/stats?month=2&year=2026 200 0 - 0.066 ms","timestamp":"2026-02-26 10:31:44"}
{"level":"info","message":"OPTIONS /api/appointments/stats?month=1&year=2026 200 0 - 0.065 ms","timestamp":"2026-02-26 10:31:44"}
{"level":"info","message":"OPTIONS /api/appointments/revenue 200 0 - 0.069 ms","timestamp":"2026-02-26 10:31:44"}
{"level":"info","message":"OPTIONS /api/users 200 0 - 0.076 ms","timestamp":"2026-02-26 10:31:44"}
{"level":"info","message":"OPTIONS /api/admin-status 200 0 - 0.075 ms","timestamp":"2026-02-26 10:31:44"}
{"level":"info","message":"OPTIONS /api/appointments/stats?month=2&year=2026 200 0 - 0.062 ms","timestamp":"2026-02-26 10:31:44"}
{"level":"info","message":"OPTIONS /api/appointments/stats?month=1&year=2026 200 0 - 0.083 ms","timestamp":"2026-02-26 10:31:44"}
{"level":"info","message":"OPTIONS /api/appointments/revenue 200 0 - 0.111 ms","timestamp":"2026-02-26 10:31:44"}
{"level":"info","message":"OPTIONS /api/users 200 0 - 0.090 ms","timestamp":"2026-02-26 10:31:44"}
{"level":"info","message":"GET /api/appointments/revenue/reports 200 - - 52.099 ms","timestamp":"2026-02-26 10:31:44"}
{"level":"info","message":"GET /api/tasks 200 - - 94.137 ms","timestamp":"2026-02-26 10:31:44"}
{"level":"info","message":"GET /api/admin-status 200 49 - 60.795 ms","timestamp":"2026-02-26 10:31:44"}
{"level":"info","message":"GET /api/attendance/2026/2 200 - - 158.449 ms","timestamp":"2026-02-26 10:31:44"}
{"level":"info","message":"GET /api/appointments/stats?month=2&year=2026 200 12 - 74.112 ms","timestamp":"2026-02-26 10:31:44"}
{"level":"info","message":"GET /api/users/all 200 - - 133.893 ms","timestamp":"2026-02-26 10:31:44"}
{"level":"info","message":"GET /api/attendance/range?start=2026-01-31T18:30:00.000Z&end=2026-02-28T18:29:59.999Z 200 - - 149.450 ms","timestamp":"2026-02-26 10:31:44"}
{"level":"info","message":"GET /api/appointments 200 - - 176.357 ms","timestamp":"2026-02-26 10:31:44"}
{"level":"info","message":"GET /api/appointments/stats?month=1&year=2026 200 12 - 67.505 ms","timestamp":"2026-02-26 10:31:44"}
{"level":"info","message":"GET /api/appointments/revenue/reports 304 - - 75.589 ms","timestamp":"2026-02-26 10:31:44"}
{"level":"info","message":"GET /api/tasks 304 - - 77.713 ms","timestamp":"2026-02-26 10:31:44"}
{"level":"info","message":"GET /api/appointments/revenue 200 46 - 94.854 ms","timestamp":"2026-02-26 10:31:44"}
{"level":"info","message":"GET /api/admin-status 304 - - 93.751 ms","timestamp":"2026-02-26 10:31:44"}
{"level":"info","message":"GET /api/attendance/2026/2 304 - - 109.594 ms","timestamp":"2026-02-26 10:31:44"}
{"level":"info","message":"GET /api/users/all 304 - - 71.611 ms","timestamp":"2026-02-26 10:31:44"}
{"level":"info","message":"GET /api/appointments/stats?month=2&year=2026 304 - - 70.654 ms","timestamp":"2026-02-26 10:31:44"}
{"level":"info","message":"GET /api/users 200 - - 172.585 ms","timestamp":"2026-02-26 10:31:44"}
{"level":"info","message":"GET /api/appointments/stats?month=1&year=2026 304 - - 64.555 ms","timestamp":"2026-02-26 10:31:45"}
{"level":"info","message":"GET /api/appointments 304 - - 123.866 ms","timestamp":"2026-02-26 10:31:45"}
{"level":"info","message":"GET /api/attendance/range?start=2026-01-31T18:30:00.000Z&end=2026-02-28T18:29:59.999Z 304 - - 146.792 ms","timestamp":"2026-02-26 10:31:45"}
{"level":"info","message":"GET /api/tasks 304 - - 94.415 ms","timestamp":"2026-02-26 10:31:45"}
{"level":"info","message":"GET /api/users 304 - - 90.263 ms","timestamp":"2026-02-26 10:31:45"}
{"level":"info","message":"GET /api/appointments/revenue 304 - - 102.158 ms","timestamp":"2026-02-26 10:31:45"}
{"level":"info","message":"GET /api/tasks 304 - - 77.224 ms","timestamp":"2026-02-26 10:31:45"}
{"level":"info","message":"OPTIONS /api/attendance/2026/2 200 0 - 0.130 ms","timestamp":"2026-02-26 10:31:45"}
{"level":"info","message":"GET /api/attendance/2026/2 200 - - 121.123 ms","timestamp":"2026-02-26 10:31:45"}
{"level":"info","message":"GET /api/tasks 304 - - 74.222 ms","timestamp":"2026-02-26 10:31:48"}
{"level":"info","message":"GET /api/tasks 304 - - 80.866 ms","timestamp":"2026-02-26 10:31:48"}
{"level":"info","message":"GET /api/users 200 - - 155.174 ms","timestamp":"2026-02-26 10:31:48"}
{"level":"info","message":"GET /api/users 304 - - 124.995 ms","timestamp":"2026-02-26 10:31:48"}
{"level":"info","message":"OPTIONS /api/attendance/2026/2 200 0 - 0.214 ms","timestamp":"2026-02-26 10:32:14"}
{"level":"info","message":"GET /api/attendance/2026/2 304 - - 142.766 ms","timestamp":"2026-02-26 10:32:14"}
{"level":"info","message":"OPTIONS /api/attendance/2026/2 200 0 - 0.387 ms","timestamp":"2026-02-26 10:32:44"}
{"level":"info","message":"GET /api/attendance/2026/2 304 - - 165.494 ms","timestamp":"2026-02-26 10:32:44"}
{"level":"info","message":"OPTIONS /api/attendance/2026/2 200 0 - 0.278 ms","timestamp":"2026-02-26 10:33:14"}
{"level":"info","message":"GET /api/attendance/2026/2 304 - - 167.625 ms","timestamp":"2026-02-26 10:33:14"}
{"level":"info","message":"OPTIONS /api/calls/click2call 200 0 - 0.109 ms","timestamp":"2026-02-26 10:33:22"}
{"level":"info","message":"POST /api/calls/click2call 200 265 - 398.467 ms","timestamp":"2026-02-26 10:33:23"}
{"level":"info","message":"OPTIONS /api/attendance/2026/2 200 0 - 0.122 ms","timestamp":"2026-02-26 10:33:45"}
{"level":"info","message":"GET /api/attendance/2026/2 304 - - 157.744 ms","timestamp":"2026-02-26 10:33:45"}
{"level":"info","message":"OPTIONS /api/attendance/2026/2 200 0 - 0.063 ms","timestamp":"2026-02-26 10:34:15"}
{"level":"info","message":"GET /api/attendance/2026/2 304 - - 137.514 ms","timestamp":"2026-02-26 10:34:15"}
{"level":"info","message":"OPTIONS /api/attendance/2026/2 200 0 - 0.170 ms","timestamp":"2026-02-26 10:34:45"}
{"level":"info","message":"GET /api/attendance/2026/2 304 - - 168.607 ms","timestamp":"2026-02-26 10:34:45"}
{"level":"info","message":"OPTIONS /api/attendance/2026/2 200 0 - 0.183 ms","timestamp":"2026-02-26 10:35:46"}
{"level":"info","message":"GET /api/attendance/2026/2 304 - - 180.417 ms","timestamp":"2026-02-26 10:35:46"}
{"level":"info","message":"OPTIONS /api/attendance/2026/2 200 0 - 0.073 ms","timestamp":"2026-02-26 10:36:42"}
{"level":"info","message":"GET /api/attendance/2026/2 304 - - 137.902 ms","timestamp":"2026-02-26 10:36:42"}
{"level":"info","message":"GET /api/attendance/2026/2 304 - - 131.141 ms","timestamp":"2026-02-26 10:36:45"}
{"level":"info","message":"OPTIONS /api/attendance/2026/2 200 0 - 0.091 ms","timestamp":"2026-02-26 10:37:15"}
{"level":"info","message":"GET /api/attendance/2026/2 304 - - 104.892 ms","timestamp":"2026-02-26 10:37:15"}
{"level":"info","message":"OPTIONS /api/attendance/2026/2 200 0 - 0.058 ms","timestamp":"2026-02-26 10:37:46"}
{"level":"info","message":"GET /api/attendance/2026/2 304 - - 105.581 ms","timestamp":"2026-02-26 10:37:46"}
{"level":"info","message":"OPTIONS /api/attendance/2026/2 200 0 - 0.291 ms","timestamp":"2026-02-26 10:38:46"}
{"level":"info","message":"GET /api/attendance/2026/2 304 - - 176.001 ms","timestamp":"2026-02-26 10:38:46"}
{"level":"info","message":"OPTIONS /api/attendance/2026/2 200 0 - 0.194 ms","timestamp":"2026-02-26 10:39:46"}
{"level":"info","message":"GET /api/attendance/2026/2 304 - - 116.456 ms","timestamp":"2026-02-26 10:39:46"}
{"level":"info","message":"OPTIONS /api/attendance/2026/2 200 0 - 0.182 ms","timestamp":"2026-02-26 10:40:46"}
{"level":"info","message":"GET /api/attendance/2026/2 304 - - 139.140 ms","timestamp":"2026-02-26 10:40:46"}
{"level":"info","message":"OPTIONS /api/attendance/2026/2 200 0 - 0.260 ms","timestamp":"2026-02-26 10:41:46"}
{"level":"info","message":"GET /api/attendance/2026/2 304 - - 147.963 ms","timestamp":"2026-02-26 10:41:46"}
{"level":"info","message":"OPTIONS /api/attendance/2026/2 200 0 - 0.423 ms","timestamp":"2026-02-26 10:42:46"}
{"level":"info","message":"GET /api/attendance/2026/2 304 - - 141.267 ms","timestamp":"2026-02-26 10:42:46"}
{"level":"info","message":"OPTIONS /api/attendance/2026/2 200 0 - 0.114 ms","timestamp":"2026-02-26 10:43:46"}
{"level":"info","message":"GET /api/attendance/2026/2 304 - - 125.821 ms","timestamp":"2026-02-26 10:43:46"}
{"level":"info","message":"OPTIONS /api/attendance/2026/2 200 0 - 0.337 ms","timestamp":"2026-02-26 10:44:46"}
{"level":"info","message":"GET /api/attendance/2026/2 304 - - 141.275 ms","timestamp":"2026-02-26 10:44:46"}
{"level":"info","message":"OPTIONS /api/attendance/2026/2 200 0 - 0.092 ms","timestamp":"2026-02-26 10:45:46"}
{"level":"info","message":"GET /api/attendance/2026/2 304 - - 107.377 ms","timestamp":"2026-02-26 10:45:46"}
{"level":"info","message":"OPTIONS /api/attendance/2026/2 200 0 - 0.280 ms","timestamp":"2026-02-26 10:46:46"}
{"level":"info","message":"GET /api/attendance/2026/2 304 - - 139.990 ms","timestamp":"2026-02-26 10:46:46"}
{"level":"info","message":"OPTIONS /api/attendance/2026/2 200 0 - 0.137 ms","timestamp":"2026-02-26 10:47:46"}
{"level":"info","message":"GET /api/attendance/2026/2 304 - - 108.356 ms","timestamp":"2026-02-26 10:47:46"}
{"level":"info","message":"OPTIONS /api/attendance/2026/2 200 0 - 0.115 ms","timestamp":"2026-02-26 10:48:46"}
{"level":"info","message":"GET /api/attendance/2026/2 304 - - 149.378 ms","timestamp":"2026-02-26 10:48:46"}
