{"level":"info","message":"✅ Redis Clients (Pub/Sub) Connected and Ready","timestamp":"2026-06-06 17:21:13"}
{"level":"info","message":"🚀 Server running on http://localhost:5000","timestamp":"2026-06-06 17:21:13"}
{"level":"info","message":"📡 Socket.IO server ready for connections","timestamp":"2026-06-06 17:21:13"}
{"level":"info","message":"GET /api/calls/sip-config 401 44 - 10.699 ms","timestamp":"2026-06-06 17:21:20"}
{"level":"info","message":"GET /api/calls/sip-config 401 44 - 1.524 ms","timestamp":"2026-06-06 17:21:20"}
{"level":"info","message":"OPTIONS /api/auth/login 200 0 - 0.355 ms","timestamp":"2026-06-06 17:21:34"}
{"level":"info","message":"POST /api/auth/login 200 797 - 302.369 ms","timestamp":"2026-06-06 17:21:34"}
{"level":"info","message":"OPTIONS /api/calls/sip-config 200 0 - 0.136 ms","timestamp":"2026-06-06 17:21:34"}
{"level":"info","message":"GET /api/calls/sip-config 200 197 - 25.256 ms","timestamp":"2026-06-06 17:21:34"}
{"level":"info","message":"OPTIONS /api/messages/unread-count 200 0 - 0.088 ms","timestamp":"2026-06-06 17:21:34"}
{"level":"info","message":"GET /api/messages/unread-count 200 17 - 52.816 ms","timestamp":"2026-06-06 17:21:34"}
{"level":"info","message":"OPTIONS /api/attendance/2026/6 200 0 - 0.184 ms","timestamp":"2026-06-06 17:21:35"}
{"level":"info","message":"OPTIONS /api/users 200 0 - 0.168 ms","timestamp":"2026-06-06 17:21:35"}
{"level":"info","message":"OPTIONS /api/calls/daily-stats 200 0 - 0.091 ms","timestamp":"2026-06-06 17:21:35"}
{"level":"info","message":"OPTIONS /api/telecaller-reports 200 0 - 0.112 ms","timestamp":"2026-06-06 17:21:35"}
{"level":"info","message":"GET /api/calls/daily-stats 200 2 - 43.717 ms","timestamp":"2026-06-06 17:21:35"}
{"level":"info","message":"GET /api/telecaller-reports 200 604 - 44.951 ms","timestamp":"2026-06-06 17:21:35"}
{"level":"info","message":"GET /api/telecaller-reports 304 - - 65.427 ms","timestamp":"2026-06-06 17:21:35"}
{"level":"info","message":"GET /api/calls/daily-stats 304 - - 69.266 ms","timestamp":"2026-06-06 17:21:35"}
{"level":"info","message":"GET /api/attendance/2026/6 200 - - 123.383 ms","timestamp":"2026-06-06 17:21:35"}
{"level":"info","message":"GET /api/users 200 - - 138.076 ms","timestamp":"2026-06-06 17:21:35"}
{"level":"info","message":"GET /api/attendance/2026/6 304 - - 88.848 ms","timestamp":"2026-06-06 17:21:35"}
{"level":"info","message":"GET /api/telecaller-reports 304 - - 40.390 ms","timestamp":"2026-06-06 17:21:35"}
{"level":"info","message":"GET /api/calls/daily-stats 304 - - 48.777 ms","timestamp":"2026-06-06 17:21:35"}
{"level":"info","message":"OPTIONS /api/users/me 200 0 - 0.159 ms","timestamp":"2026-06-06 17:21:40"}
{"level":"info","message":"OPTIONS /api/users 200 0 - 0.118 ms","timestamp":"2026-06-06 17:21:40"}
{"level":"info","message":"OPTIONS /api/tasks 200 0 - 0.116 ms","timestamp":"2026-06-06 17:21:40"}
{"level":"info","message":"OPTIONS /api/users 200 0 - 0.125 ms","timestamp":"2026-06-06 17:21:40"}
{"level":"info","message":"GET /api/users/me 200 - - 43.720 ms","timestamp":"2026-06-06 17:21:40"}
{"level":"info","message":"GET /api/tasks 200 2 - 44.364 ms","timestamp":"2026-06-06 17:21:40"}
{"level":"info","message":"GET /api/users/me 304 - - 46.557 ms","timestamp":"2026-06-06 17:21:40"}
{"level":"info","message":"GET /api/tasks 304 - - 44.524 ms","timestamp":"2026-06-06 17:21:40"}
{"level":"info","message":"GET /api/users 304 - - 107.039 ms","timestamp":"2026-06-06 17:21:40"}
{"level":"info","message":"OPTIONS /api/telecaller-reports 200 0 - 0.072 ms","timestamp":"2026-06-06 17:21:40"}
{"level":"info","message":"OPTIONS /api/appointment-status 200 0 - 0.049 ms","timestamp":"2026-06-06 17:21:40"}
{"level":"info","message":"OPTIONS /api/appointment-status 200 0 - 0.069 ms","timestamp":"2026-06-06 17:21:40"}
{"level":"info","message":"GET /api/users 304 - - 78.726 ms","timestamp":"2026-06-06 17:21:40"}
{"level":"info","message":"GET /api/appointment-status 200 2 - 42.541 ms","timestamp":"2026-06-06 17:21:40"}
{"level":"info","message":"GET /api/telecaller-reports 304 - - 43.075 ms","timestamp":"2026-06-06 17:21:40"}
{"level":"info","message":"GET /api/appointment-status 304 - - 39.437 ms","timestamp":"2026-06-06 17:21:40"}
{"level":"info","message":"GET /api/telecaller-reports 304 - - 40.550 ms","timestamp":"2026-06-06 17:21:40"}
{"level":"info","message":"OPTIONS /api/attendance/2026/6 200 0 - 0.061 ms","timestamp":"2026-06-06 17:22:05"}
{"level":"info","message":"GET /api/attendance/2026/6 304 - - 81.467 ms","timestamp":"2026-06-06 17:22:05"}
{"level":"info","message":"OPTIONS /api/attendance/2026/6 200 0 - 0.203 ms","timestamp":"2026-06-06 17:22:35"}
{"level":"info","message":"GET /api/attendance/2026/6 304 - - 93.152 ms","timestamp":"2026-06-06 17:22:35"}
{"level":"info","message":"OPTIONS /api/attendance/2026/6 200 0 - 0.060 ms","timestamp":"2026-06-06 17:23:05"}
{"level":"info","message":"GET /api/attendance/2026/6 304 - - 83.961 ms","timestamp":"2026-06-06 17:23:05"}
{"level":"info","message":"OPTIONS /api/appointment-status 200 0 - 0.080 ms","timestamp":"2026-06-06 17:23:34"}
{"level":"info","message":"POST /api/appointment-status 201 583 - 58.658 ms","timestamp":"2026-06-06 17:23:34"}
{"level":"info","message":"OPTIONS /api/attendance/2026/6 200 0 - 0.091 ms","timestamp":"2026-06-06 17:23:35"}
{"level":"info","message":"GET /api/attendance/2026/6 304 - - 80.603 ms","timestamp":"2026-06-06 17:23:35"}
{"level":"info","message":"OPTIONS /api/calls/sip-config 200 0 - 0.088 ms","timestamp":"2026-06-06 17:23:38"}
{"level":"info","message":"OPTIONS /api/messages/unread-count 200 0 - 0.100 ms","timestamp":"2026-06-06 17:23:38"}
{"level":"info","message":"OPTIONS /api/messages/unread-count 200 0 - 0.085 ms","timestamp":"2026-06-06 17:23:38"}
{"level":"info","message":"GET /api/calls/sip-config 304 - - 27.203 ms","timestamp":"2026-06-06 17:23:39"}
{"level":"info","message":"GET /api/calls/sip-config 304 - - 23.797 ms","timestamp":"2026-06-06 17:23:39"}
{"level":"info","message":"GET /api/messages/unread-count 304 - - 67.749 ms","timestamp":"2026-06-06 17:23:39"}
{"level":"info","message":"GET /api/messages/unread-count 304 - - 42.179 ms","timestamp":"2026-06-06 17:23:39"}
{"level":"info","message":"OPTIONS /api/users/me 200 0 - 0.087 ms","timestamp":"2026-06-06 17:23:39"}
{"level":"info","message":"OPTIONS /api/users 200 0 - 0.082 ms","timestamp":"2026-06-06 17:23:39"}
{"level":"info","message":"OPTIONS /api/tasks 200 0 - 0.065 ms","timestamp":"2026-06-06 17:23:39"}
{"level":"info","message":"OPTIONS /api/tasks 200 0 - 0.090 ms","timestamp":"2026-06-06 17:23:39"}
{"level":"info","message":"GET /api/users/me 200 - - 44.188 ms","timestamp":"2026-06-06 17:23:39"}
{"level":"info","message":"GET /api/tasks 304 - - 47.828 ms","timestamp":"2026-06-06 17:23:39"}
{"level":"info","message":"GET /api/attendance/2026/6 304 - - 88.379 ms","timestamp":"2026-06-06 17:23:39"}
{"level":"info","message":"GET /api/users/me 304 - - 41.644 ms","timestamp":"2026-06-06 17:23:39"}
{"level":"info","message":"GET /api/tasks 304 - - 40.650 ms","timestamp":"2026-06-06 17:23:39"}
{"level":"info","message":"GET /api/users 200 - - 104.195 ms","timestamp":"2026-06-06 17:23:39"}
{"level":"info","message":"OPTIONS /api/telecaller-reports 200 0 - 0.085 ms","timestamp":"2026-06-06 17:23:39"}
{"level":"info","message":"OPTIONS /api/appointment-status 200 0 - 0.061 ms","timestamp":"2026-06-06 17:23:39"}
{"level":"info","message":"OPTIONS /api/appointment-status 200 0 - 0.078 ms","timestamp":"2026-06-06 17:23:39"}
{"level":"info","message":"GET /api/attendance/2026/6 304 - - 87.188 ms","timestamp":"2026-06-06 17:23:39"}
{"level":"info","message":"GET /api/users 304 - - 76.366 ms","timestamp":"2026-06-06 17:23:39"}
{"level":"info","message":"GET /api/telecaller-reports 304 - - 45.050 ms","timestamp":"2026-06-06 17:23:39"}
{"level":"info","message":"GET /api/appointment-status 200 585 - 46.803 ms","timestamp":"2026-06-06 17:23:39"}
{"level":"info","message":"GET /api/telecaller-reports 304 - - 39.111 ms","timestamp":"2026-06-06 17:23:39"}
{"level":"info","message":"GET /api/appointment-status 304 - - 38.956 ms","timestamp":"2026-06-06 17:23:39"}
{"level":"info","message":"OPTIONS /api/attendance/2026/6 200 0 - 0.206 ms","timestamp":"2026-06-06 17:24:09"}
{"level":"info","message":"GET /api/attendance/2026/6 304 - - 91.951 ms","timestamp":"2026-06-06 17:24:09"}
{"level":"info","message":"OPTIONS /api/attendance/2026/6 200 0 - 0.188 ms","timestamp":"2026-06-06 17:24:39"}
{"level":"info","message":"GET /api/attendance/2026/6 304 - - 91.224 ms","timestamp":"2026-06-06 17:24:39"}
{"level":"info","message":"OPTIONS /api/attendance/2026/6 200 0 - 0.184 ms","timestamp":"2026-06-06 17:25:09"}
{"level":"info","message":"GET /api/attendance/2026/6 304 - - 103.164 ms","timestamp":"2026-06-06 17:25:09"}
{"level":"info","message":"OPTIONS /api/attendance/2026/6 200 0 - 0.279 ms","timestamp":"2026-06-06 17:25:39"}
{"level":"info","message":"GET /api/attendance/2026/6 304 - - 87.933 ms","timestamp":"2026-06-06 17:25:39"}
{"level":"info","message":"OPTIONS /api/attendance/2026/6 200 0 - 0.083 ms","timestamp":"2026-06-06 17:26:09"}
{"level":"info","message":"GET /api/attendance/2026/6 304 - - 90.220 ms","timestamp":"2026-06-06 17:26:09"}
{"level":"info","message":"OPTIONS /api/attendance/2026/6 200 0 - 0.104 ms","timestamp":"2026-06-06 17:26:39"}
{"level":"info","message":"GET /api/attendance/2026/6 304 - - 83.666 ms","timestamp":"2026-06-06 17:26:39"}
{"level":"info","message":"OPTIONS /api/calls/sip-config 200 0 - 0.062 ms","timestamp":"2026-06-06 17:27:06"}
{"level":"info","message":"OPTIONS /api/messages/unread-count 200 0 - 0.077 ms","timestamp":"2026-06-06 17:27:06"}
{"level":"info","message":"OPTIONS /api/calls/sip-config 200 0 - 0.167 ms","timestamp":"2026-06-06 17:27:06"}
{"level":"info","message":"OPTIONS /api/messages/unread-count 200 0 - 0.118 ms","timestamp":"2026-06-06 17:27:06"}
{"level":"info","message":"GET /api/calls/sip-config 304 - - 23.641 ms","timestamp":"2026-06-06 17:27:06"}
{"level":"info","message":"GET /api/messages/unread-count 304 - - 47.049 ms","timestamp":"2026-06-06 17:27:06"}
{"level":"info","message":"GET /api/calls/sip-config 304 - - 22.582 ms","timestamp":"2026-06-06 17:27:06"}
{"level":"info","message":"GET /api/messages/unread-count 304 - - 43.164 ms","timestamp":"2026-06-06 17:27:07"}
{"level":"info","message":"OPTIONS /api/attendance/2026/6 200 0 - 0.081 ms","timestamp":"2026-06-06 17:27:07"}
{"level":"info","message":"OPTIONS /api/users/me 200 0 - 0.053 ms","timestamp":"2026-06-06 17:27:07"}
{"level":"info","message":"OPTIONS /api/users 200 0 - 0.048 ms","timestamp":"2026-06-06 17:27:07"}
{"level":"info","message":"OPTIONS /api/tasks 200 0 - 0.074 ms","timestamp":"2026-06-06 17:27:07"}
{"level":"info","message":"OPTIONS /api/tasks 200 0 - 0.095 ms","timestamp":"2026-06-06 17:27:07"}
{"level":"info","message":"GET /api/users/me 200 - - 42.015 ms","timestamp":"2026-06-06 17:27:07"}
{"level":"info","message":"GET /api/tasks 304 - - 41.185 ms","timestamp":"2026-06-06 17:27:07"}
{"level":"info","message":"GET /api/attendance/2026/6 304 - - 81.144 ms","timestamp":"2026-06-06 17:27:07"}
{"level":"info","message":"GET /api/users/me 304 - - 42.317 ms","timestamp":"2026-06-06 17:27:07"}
{"level":"info","message":"GET /api/tasks 304 - - 46.799 ms","timestamp":"2026-06-06 17:27:07"}
{"level":"info","message":"GET /api/users 200 - - 110.566 ms","timestamp":"2026-06-06 17:27:07"}
{"level":"info","message":"OPTIONS /api/telecaller-reports 200 0 - 0.090 ms","timestamp":"2026-06-06 17:27:07"}
{"level":"info","message":"OPTIONS /api/appointment-status 200 0 - 0.085 ms","timestamp":"2026-06-06 17:27:07"}
{"level":"info","message":"OPTIONS /api/appointment-status 200 0 - 0.053 ms","timestamp":"2026-06-06 17:27:07"}
{"level":"info","message":"GET /api/attendance/2026/6 304 - - 93.169 ms","timestamp":"2026-06-06 17:27:07"}
{"level":"info","message":"GET /api/users 304 - - 75.268 ms","timestamp":"2026-06-06 17:27:07"}
{"level":"info","message":"GET /api/telecaller-reports 304 - - 46.927 ms","timestamp":"2026-06-06 17:27:07"}
{"level":"info","message":"GET /api/appointment-status 304 - - 47.598 ms","timestamp":"2026-06-06 17:27:07"}
{"level":"info","message":"GET /api/telecaller-reports 304 - - 38.880 ms","timestamp":"2026-06-06 17:27:07"}
{"level":"info","message":"GET /api/appointment-status 304 - - 38.924 ms","timestamp":"2026-06-06 17:27:07"}
{"level":"info","message":"OPTIONS /api/appointment-status/6a240a3efe5d378991426380 200 0 - 0.068 ms","timestamp":"2026-06-06 17:27:21"}
{"level":"info","message":"PUT /api/appointment-status/6a240a3efe5d378991426380 200 583 - 47.836 ms","timestamp":"2026-06-06 17:27:21"}
{"level":"info","message":"OPTIONS /api/appointment-status 200 0 - 0.087 ms","timestamp":"2026-06-06 17:27:21"}
{"level":"info","message":"GET /api/appointment-status 200 585 - 40.428 ms","timestamp":"2026-06-06 17:27:21"}
{"level":"info","message":"OPTIONS /api/calls/sip-config 200 0 - 0.163 ms","timestamp":"2026-06-06 17:27:25"}
{"level":"info","message":"OPTIONS /api/messages/unread-count 200 0 - 0.099 ms","timestamp":"2026-06-06 17:27:25"}
{"level":"info","message":"OPTIONS /api/calls/sip-config 200 0 - 0.072 ms","timestamp":"2026-06-06 17:27:25"}
{"level":"info","message":"OPTIONS /api/messages/unread-count 200 0 - 0.071 ms","timestamp":"2026-06-06 17:27:25"}
{"level":"info","message":"GET /api/calls/sip-config 304 - - 25.826 ms","timestamp":"2026-06-06 17:27:25"}
{"level":"info","message":"GET /api/messages/unread-count 304 - - 54.918 ms","timestamp":"2026-06-06 17:27:25"}
{"level":"info","message":"GET /api/calls/sip-config 304 - - 30.154 ms","timestamp":"2026-06-06 17:27:25"}
{"level":"info","message":"GET /api/messages/unread-count 304 - - 43.016 ms","timestamp":"2026-06-06 17:27:25"}
{"level":"info","message":"OPTIONS /api/attendance/2026/6 200 0 - 0.089 ms","timestamp":"2026-06-06 17:27:26"}
{"level":"info","message":"OPTIONS /api/users/me 200 0 - 0.047 ms","timestamp":"2026-06-06 17:27:26"}
{"level":"info","message":"OPTIONS /api/users 200 0 - 0.072 ms","timestamp":"2026-06-06 17:27:26"}
{"level":"info","message":"OPTIONS /api/tasks 200 0 - 0.050 ms","timestamp":"2026-06-06 17:27:26"}
{"level":"info","message":"OPTIONS /api/tasks 200 0 - 0.058 ms","timestamp":"2026-06-06 17:27:26"}
{"level":"info","message":"GET /api/tasks 304 - - 39.104 ms","timestamp":"2026-06-06 17:27:26"}
{"level":"info","message":"GET /api/users/me 200 - - 48.373 ms","timestamp":"2026-06-06 17:27:26"}
{"level":"info","message":"GET /api/attendance/2026/6 304 - - 84.151 ms","timestamp":"2026-06-06 17:27:26"}
{"level":"info","message":"GET /api/users/me 304 - - 41.726 ms","timestamp":"2026-06-06 17:27:26"}
{"level":"info","message":"GET /api/tasks 304 - - 48.256 ms","timestamp":"2026-06-06 17:27:26"}
{"level":"info","message":"GET /api/users 200 - - 109.313 ms","timestamp":"2026-06-06 17:27:26"}
{"level":"info","message":"OPTIONS /api/telecaller-reports 200 0 - 0.081 ms","timestamp":"2026-06-06 17:27:26"}
{"level":"info","message":"GET /api/attendance/2026/6 304 - - 90.695 ms","timestamp":"2026-06-06 17:27:26"}
{"level":"info","message":"GET /api/users 304 - - 79.084 ms","timestamp":"2026-06-06 17:27:26"}
{"level":"info","message":"GET /api/appointment-status 304 - - 55.258 ms","timestamp":"2026-06-06 17:27:26"}
{"level":"info","message":"GET /api/telecaller-reports 304 - - 54.900 ms","timestamp":"2026-06-06 17:27:26"}
{"level":"info","message":"GET /api/appointment-status 304 - - 50.292 ms","timestamp":"2026-06-06 17:27:26"}
{"level":"info","message":"GET /api/telecaller-reports 304 - - 50.129 ms","timestamp":"2026-06-06 17:27:26"}
{"level":"info","message":"OPTIONS /api/calls/sip-config 200 0 - 0.181 ms","timestamp":"2026-06-06 17:27:46"}
{"level":"info","message":"OPTIONS /api/messages/unread-count 200 0 - 0.237 ms","timestamp":"2026-06-06 17:27:46"}
{"level":"info","message":"OPTIONS /api/calls/sip-config 200 0 - 0.106 ms","timestamp":"2026-06-06 17:27:46"}
{"level":"info","message":"OPTIONS /api/messages/unread-count 200 0 - 0.075 ms","timestamp":"2026-06-06 17:27:46"}
{"level":"info","message":"GET /api/calls/sip-config 304 - - 35.583 ms","timestamp":"2026-06-06 17:27:46"}
{"level":"info","message":"GET /api/messages/unread-count 304 - - 47.649 ms","timestamp":"2026-06-06 17:27:46"}
{"level":"info","message":"GET /api/calls/sip-config 304 - - 23.266 ms","timestamp":"2026-06-06 17:27:46"}
{"level":"info","message":"GET /api/messages/unread-count 304 - - 48.277 ms","timestamp":"2026-06-06 17:27:46"}
{"level":"info","message":"OPTIONS /api/attendance/2026/6 200 0 - 0.076 ms","timestamp":"2026-06-06 17:27:47"}
{"level":"info","message":"OPTIONS /api/users/me 200 0 - 0.049 ms","timestamp":"2026-06-06 17:27:47"}
{"level":"info","message":"OPTIONS /api/users 200 0 - 0.095 ms","timestamp":"2026-06-06 17:27:47"}
{"level":"info","message":"OPTIONS /api/tasks 200 0 - 0.079 ms","timestamp":"2026-06-06 17:27:47"}
{"level":"info","message":"GET /api/tasks 304 - - 43.449 ms","timestamp":"2026-06-06 17:27:47"}
{"level":"info","message":"GET /api/users/me 200 - - 45.279 ms","timestamp":"2026-06-06 17:27:47"}
{"level":"info","message":"GET /api/attendance/2026/6 304 - - 86.144 ms","timestamp":"2026-06-06 17:27:47"}
{"level":"info","message":"GET /api/tasks 304 - - 40.980 ms","timestamp":"2026-06-06 17:27:47"}
{"level":"info","message":"GET /api/users/me 304 - - 42.730 ms","timestamp":"2026-06-06 17:27:47"}
{"level":"info","message":"GET /api/users 200 - - 104.259 ms","timestamp":"2026-06-06 17:27:47"}
{"level":"info","message":"OPTIONS /api/telecaller-reports 200 0 - 0.121 ms","timestamp":"2026-06-06 17:27:47"}
{"level":"info","message":"OPTIONS /api/appointment-status 200 0 - 0.042 ms","timestamp":"2026-06-06 17:27:47"}
{"level":"info","message":"OPTIONS /api/appointment-status 200 0 - 0.032 ms","timestamp":"2026-06-06 17:27:47"}
{"level":"info","message":"GET /api/attendance/2026/6 304 - - 83.294 ms","timestamp":"2026-06-06 17:27:47"}
{"level":"info","message":"GET /api/users 304 - - 78.044 ms","timestamp":"2026-06-06 17:27:47"}
{"level":"info","message":"GET /api/telecaller-reports 304 - - 46.089 ms","timestamp":"2026-06-06 17:27:47"}
{"level":"info","message":"GET /api/appointment-status 304 - - 46.507 ms","timestamp":"2026-06-06 17:27:47"}
{"level":"info","message":"GET /api/appointment-status 304 - - 39.403 ms","timestamp":"2026-06-06 17:27:47"}
{"level":"info","message":"GET /api/telecaller-reports 304 - - 39.000 ms","timestamp":"2026-06-06 17:27:47"}
{"level":"info","message":"GET /api/messages/unread-count - - - - ms","timestamp":"2026-06-06 17:27:48"}
{"level":"info","message":"GET /api/messages/unread-count - - - - ms","timestamp":"2026-06-06 17:27:48"}
{"level":"info","message":"GET /api/calls/sip-config - - - - ms","timestamp":"2026-06-06 17:27:48"}
{"level":"info","message":"OPTIONS /api/calls/sip-config 200 0 - 0.076 ms","timestamp":"2026-06-06 17:27:48"}
{"level":"info","message":"OPTIONS /api/messages/unread-count 200 0 - 0.059 ms","timestamp":"2026-06-06 17:27:48"}
{"level":"info","message":"OPTIONS /api/calls/sip-config 200 0 - 0.087 ms","timestamp":"2026-06-06 17:27:48"}
{"level":"info","message":"OPTIONS /api/messages/unread-count 200 0 - 0.039 ms","timestamp":"2026-06-06 17:27:48"}
{"level":"info","message":"GET /api/calls/sip-config 200 197 - 22.200 ms","timestamp":"2026-06-06 17:27:48"}
{"level":"info","message":"GET /api/calls/sip-config 200 197 - 37.180 ms","timestamp":"2026-06-06 17:27:48"}
{"level":"info","message":"GET /api/messages/unread-count 200 17 - 43.452 ms","timestamp":"2026-06-06 17:27:48"}
{"level":"info","message":"GET /api/messages/unread-count 200 17 - 53.862 ms","timestamp":"2026-06-06 17:27:48"}
{"level":"info","message":"GET /api/tasks 304 - - 38.890 ms","timestamp":"2026-06-06 17:27:48"}
{"level":"info","message":"GET /api/users/me 200 - - 41.882 ms","timestamp":"2026-06-06 17:27:48"}
{"level":"info","message":"GET /api/attendance/2026/6 304 - - 79.446 ms","timestamp":"2026-06-06 17:27:48"}
{"level":"info","message":"GET /api/tasks 304 - - 41.700 ms","timestamp":"2026-06-06 17:27:48"}
{"level":"info","message":"GET /api/users/me 304 - - 43.372 ms","timestamp":"2026-06-06 17:27:48"}
{"level":"info","message":"GET /api/users 200 - - 105.737 ms","timestamp":"2026-06-06 17:27:49"}
{"level":"info","message":"GET /api/attendance/2026/6 304 - - 86.893 ms","timestamp":"2026-06-06 17:27:49"}
{"level":"info","message":"GET /api/users 304 - - 75.231 ms","timestamp":"2026-06-06 17:27:49"}
{"level":"info","message":"GET /api/telecaller-reports 304 - - 52.438 ms","timestamp":"2026-06-06 17:27:49"}
{"level":"info","message":"GET /api/appointment-status 304 - - 52.662 ms","timestamp":"2026-06-06 17:27:49"}
{"level":"info","message":"GET /api/telecaller-reports 304 - - 38.351 ms","timestamp":"2026-06-06 17:27:49"}
{"level":"info","message":"GET /api/appointment-status 304 - - 42.360 ms","timestamp":"2026-06-06 17:27:49"}
{"level":"info","message":"OPTIONS /api/attendance/2026/6 200 0 - 0.114 ms","timestamp":"2026-06-06 17:28:18"}
{"level":"info","message":"GET /api/attendance/2026/6 304 - - 90.512 ms","timestamp":"2026-06-06 17:28:18"}
{"level":"info","message":"OPTIONS /api/attendance/2026/6 200 0 - 0.168 ms","timestamp":"2026-06-06 17:28:49"}
{"level":"info","message":"GET /api/attendance/2026/6 304 - - 86.839 ms","timestamp":"2026-06-06 17:28:49"}
{"level":"info","message":"OPTIONS /api/attendance/2026/6 200 0 - 0.054 ms","timestamp":"2026-06-06 17:29:19"}
{"level":"info","message":"GET /api/attendance/2026/6 304 - - 79.206 ms","timestamp":"2026-06-06 17:29:19"}
{"level":"info","message":"OPTIONS /api/attendance/2026/6 200 0 - 0.261 ms","timestamp":"2026-06-06 17:29:49"}
{"level":"info","message":"GET /api/attendance/2026/6 304 - - 84.269 ms","timestamp":"2026-06-06 17:29:49"}
{"level":"info","message":"OPTIONS /api/appointment-status/6a240a3efe5d378991426380 200 0 - 0.069 ms","timestamp":"2026-06-06 17:30:03"}
{"level":"info","message":"PUT /api/appointment-status/6a240a3efe5d378991426380 200 583 - 45.928 ms","timestamp":"2026-06-06 17:30:03"}
{"level":"info","message":"OPTIONS /api/appointment-status 200 0 - 0.059 ms","timestamp":"2026-06-06 17:30:03"}
{"level":"info","message":"GET /api/appointment-status 200 585 - 39.613 ms","timestamp":"2026-06-06 17:30:03"}
{"level":"info","message":"OPTIONS /api/calls/sip-config 200 0 - 0.084 ms","timestamp":"2026-06-06 17:30:06"}
{"level":"info","message":"OPTIONS /api/messages/unread-count 200 0 - 0.075 ms","timestamp":"2026-06-06 17:30:06"}
{"level":"info","message":"OPTIONS /api/messages/unread-count 200 0 - 0.103 ms","timestamp":"2026-06-06 17:30:06"}
{"level":"info","message":"GET /api/calls/sip-config 304 - - 41.357 ms","timestamp":"2026-06-06 17:30:06"}
{"level":"info","message":"GET /api/messages/unread-count 304 - - 53.456 ms","timestamp":"2026-06-06 17:30:06"}
{"level":"info","message":"GET /api/calls/sip-config 304 - - 25.007 ms","timestamp":"2026-06-06 17:30:06"}
{"level":"info","message":"GET /api/messages/unread-count 304 - - 45.087 ms","timestamp":"2026-06-06 17:30:06"}
{"level":"info","message":"OPTIONS /api/attendance/2026/6 200 0 - 0.055 ms","timestamp":"2026-06-06 17:30:06"}
{"level":"info","message":"OPTIONS /api/users/me 200 0 - 0.072 ms","timestamp":"2026-06-06 17:30:06"}
{"level":"info","message":"OPTIONS /api/users 200 0 - 0.086 ms","timestamp":"2026-06-06 17:30:06"}
{"level":"info","message":"OPTIONS /api/tasks 200 0 - 0.084 ms","timestamp":"2026-06-06 17:30:06"}
{"level":"info","message":"GET /api/tasks 304 - - 40.646 ms","timestamp":"2026-06-06 17:30:06"}
{"level":"info","message":"GET /api/users/me 200 - - 43.468 ms","timestamp":"2026-06-06 17:30:06"}
{"level":"info","message":"GET /api/attendance/2026/6 304 - - 79.534 ms","timestamp":"2026-06-06 17:30:06"}
{"level":"info","message":"GET /api/tasks 304 - - 40.169 ms","timestamp":"2026-06-06 17:30:06"}
{"level":"info","message":"GET /api/users/me 304 - - 44.113 ms","timestamp":"2026-06-06 17:30:06"}
{"level":"info","message":"GET /api/users 200 - - 110.928 ms","timestamp":"2026-06-06 17:30:07"}
{"level":"info","message":"OPTIONS /api/telecaller-reports 200 0 - 0.097 ms","timestamp":"2026-06-06 17:30:07"}
{"level":"info","message":"GET /api/attendance/2026/6 304 - - 86.376 ms","timestamp":"2026-06-06 17:30:07"}
{"level":"info","message":"GET /api/users 304 - - 77.050 ms","timestamp":"2026-06-06 17:30:07"}
{"level":"info","message":"GET /api/appointment-status 304 - - 51.852 ms","timestamp":"2026-06-06 17:30:07"}
{"level":"info","message":"GET /api/telecaller-reports 304 - - 53.200 ms","timestamp":"2026-06-06 17:30:07"}
{"level":"info","message":"GET /api/appointment-status 304 - - 39.197 ms","timestamp":"2026-06-06 17:30:07"}
{"level":"info","message":"GET /api/telecaller-reports 304 - - 38.903 ms","timestamp":"2026-06-06 17:30:07"}
{"level":"info","message":"GET /api/calls/sip-config 304 - - 24.730 ms","timestamp":"2026-06-06 17:30:11"}
{"level":"info","message":"GET /api/messages/unread-count 304 - - 52.774 ms","timestamp":"2026-06-06 17:30:11"}
{"level":"info","message":"GET /api/calls/sip-config 304 - - 25.822 ms","timestamp":"2026-06-06 17:30:11"}
{"level":"info","message":"GET /api/messages/unread-count 304 - - 75.875 ms","timestamp":"2026-06-06 17:30:11"}
{"level":"info","message":"GET /api/tasks 304 - - 39.215 ms","timestamp":"2026-06-06 17:30:11"}
{"level":"info","message":"GET /api/users/me 200 - - 43.464 ms","timestamp":"2026-06-06 17:30:11"}
{"level":"info","message":"GET /api/attendance/2026/6 304 - - 83.389 ms","timestamp":"2026-06-06 17:30:11"}
{"level":"info","message":"GET /api/tasks 304 - - 39.167 ms","timestamp":"2026-06-06 17:30:11"}
{"level":"info","message":"GET /api/users/me 304 - - 40.099 ms","timestamp":"2026-06-06 17:30:11"}
{"level":"info","message":"GET /api/users 200 - - 104.190 ms","timestamp":"2026-06-06 17:30:11"}
{"level":"info","message":"OPTIONS /api/appointment-status 200 0 - 0.066 ms","timestamp":"2026-06-06 17:30:11"}
{"level":"info","message":"OPTIONS /api/appointment-status 200 0 - 0.036 ms","timestamp":"2026-06-06 17:30:11"}
{"level":"info","message":"GET /api/telecaller-reports 304 - - 44.110 ms","timestamp":"2026-06-06 17:30:11"}
{"level":"info","message":"GET /api/users 304 - - 83.235 ms","timestamp":"2026-06-06 17:30:11"}
{"level":"info","message":"GET /api/appointment-status 304 - - 56.415 ms","timestamp":"2026-06-06 17:30:11"}
{"level":"info","message":"GET /api/attendance/2026/6 304 - - 113.599 ms","timestamp":"2026-06-06 17:30:11"}
{"level":"info","message":"GET /api/appointment-status 304 - - 39.376 ms","timestamp":"2026-06-06 17:30:11"}
{"level":"info","message":"GET /api/telecaller-reports 304 - - 45.072 ms","timestamp":"2026-06-06 17:30:11"}
{"level":"info","message":"OPTIONS /api/appointment-status/6a240a3efe5d378991426380 200 0 - 0.072 ms","timestamp":"2026-06-06 17:30:36"}
{"level":"info","message":"PUT /api/appointment-status/6a240a3efe5d378991426380 200 583 - 43.319 ms","timestamp":"2026-06-06 17:30:36"}
{"level":"info","message":"OPTIONS /api/appointment-status 200 0 - 0.169 ms","timestamp":"2026-06-06 17:30:36"}
{"level":"info","message":"GET /api/appointment-status 200 585 - 39.050 ms","timestamp":"2026-06-06 17:30:36"}
{"level":"info","message":"OPTIONS /api/calls/sip-config 200 0 - 0.087 ms","timestamp":"2026-06-06 17:30:40"}
{"level":"info","message":"OPTIONS /api/messages/unread-count 200 0 - 0.083 ms","timestamp":"2026-06-06 17:30:40"}
{"level":"info","message":"OPTIONS /api/calls/sip-config 200 0 - 0.064 ms","timestamp":"2026-06-06 17:30:40"}
{"level":"info","message":"OPTIONS /api/messages/unread-count 200 0 - 0.114 ms","timestamp":"2026-06-06 17:30:40"}
{"level":"info","message":"GET /api/calls/sip-config 304 - - 22.654 ms","timestamp":"2026-06-06 17:30:40"}
{"level":"info","message":"GET /api/messages/unread-count 304 - - 51.450 ms","timestamp":"2026-06-06 17:30:40"}
{"level":"info","message":"GET /api/calls/sip-config 304 - - 26.613 ms","timestamp":"2026-06-06 17:30:40"}
{"level":"info","message":"GET /api/messages/unread-count 304 - - 61.601 ms","timestamp":"2026-06-06 17:30:40"}
{"level":"info","message":"OPTIONS /api/attendance/2026/6 200 0 - 0.052 ms","timestamp":"2026-06-06 17:30:41"}
{"level":"info","message":"OPTIONS /api/users/me 200 0 - 0.074 ms","timestamp":"2026-06-06 17:30:41"}
{"level":"info","message":"OPTIONS /api/users 200 0 - 0.056 ms","timestamp":"2026-06-06 17:30:41"}
{"level":"info","message":"OPTIONS /api/tasks 200 0 - 0.063 ms","timestamp":"2026-06-06 17:30:41"}
{"level":"info","message":"GET /api/users/me 200 - - 42.699 ms","timestamp":"2026-06-06 17:30:41"}
{"level":"info","message":"GET /api/tasks 304 - - 46.313 ms","timestamp":"2026-06-06 17:30:41"}
{"level":"info","message":"GET /api/attendance/2026/6 304 - - 83.105 ms","timestamp":"2026-06-06 17:30:41"}
{"level":"info","message":"GET /api/tasks 304 - - 39.076 ms","timestamp":"2026-06-06 17:30:41"}
{"level":"info","message":"GET /api/users/me 304 - - 41.466 ms","timestamp":"2026-06-06 17:30:41"}
{"level":"info","message":"GET /api/users 200 - - 111.072 ms","timestamp":"2026-06-06 17:30:41"}
{"level":"info","message":"OPTIONS /api/telecaller-reports 200 0 - 0.174 ms","timestamp":"2026-06-06 17:30:41"}
{"level":"info","message":"GET /api/attendance/2026/6 304 - - 93.591 ms","timestamp":"2026-06-06 17:30:41"}
{"level":"info","message":"GET /api/users 304 - - 88.150 ms","timestamp":"2026-06-06 17:30:41"}
{"level":"info","message":"GET /api/appointment-status 304 - - 51.573 ms","timestamp":"2026-06-06 17:30:41"}
{"level":"info","message":"GET /api/telecaller-reports 304 - - 51.186 ms","timestamp":"2026-06-06 17:30:41"}
{"level":"info","message":"GET /api/telecaller-reports 304 - - 38.261 ms","timestamp":"2026-06-06 17:30:41"}
{"level":"info","message":"GET /api/appointment-status 304 - - 41.066 ms","timestamp":"2026-06-06 17:30:41"}
{"level":"info","message":"OPTIONS /api/attendance/2026/6 200 0 - 0.072 ms","timestamp":"2026-06-06 17:31:11"}
{"level":"info","message":"GET /api/attendance/2026/6 200 - - 83.038 ms","timestamp":"2026-06-06 17:31:11"}
{"level":"info","message":"OPTIONS /api/calls/sip-config 200 0 - 0.128 ms","timestamp":"2026-06-06 17:31:30"}
{"level":"info","message":"OPTIONS /api/messages/unread-count 200 0 - 0.076 ms","timestamp":"2026-06-06 17:31:30"}
{"level":"info","message":"OPTIONS /api/messages/unread-count 200 0 - 0.083 ms","timestamp":"2026-06-06 17:31:30"}
{"level":"info","message":"GET /api/calls/sip-config 304 - - 23.119 ms","timestamp":"2026-06-06 17:31:30"}
{"level":"info","message":"GET /api/calls/sip-config 304 - - 22.167 ms","timestamp":"2026-06-06 17:31:30"}
{"level":"info","message":"GET /api/messages/unread-count 304 - - 57.169 ms","timestamp":"2026-06-06 17:31:30"}
{"level":"info","message":"GET /api/messages/unread-count 304 - - 44.526 ms","timestamp":"2026-06-06 17:31:30"}
{"level":"info","message":"OPTIONS /api/attendance/2026/6 200 0 - 0.086 ms","timestamp":"2026-06-06 17:31:31"}
{"level":"info","message":"OPTIONS /api/users/me 200 0 - 0.066 ms","timestamp":"2026-06-06 17:31:31"}
{"level":"info","message":"OPTIONS /api/users 200 0 - 0.065 ms","timestamp":"2026-06-06 17:31:31"}
{"level":"info","message":"OPTIONS /api/tasks 200 0 - 0.049 ms","timestamp":"2026-06-06 17:31:31"}
{"level":"info","message":"OPTIONS /api/tasks 200 0 - 0.061 ms","timestamp":"2026-06-06 17:31:31"}
{"level":"info","message":"GET /api/users/me 200 - - 42.605 ms","timestamp":"2026-06-06 17:31:31"}
{"level":"info","message":"GET /api/tasks 304 - - 39.917 ms","timestamp":"2026-06-06 17:31:31"}
{"level":"info","message":"GET /api/users/me 304 - - 41.944 ms","timestamp":"2026-06-06 17:31:31"}
{"level":"info","message":"GET /api/attendance/2026/6 200 - - 88.150 ms","timestamp":"2026-06-06 17:31:31"}
{"level":"info","message":"GET /api/tasks 304 - - 42.212 ms","timestamp":"2026-06-06 17:31:31"}
{"level":"info","message":"GET /api/users 200 - - 110.544 ms","timestamp":"2026-06-06 17:31:31"}
{"level":"info","message":"OPTIONS /api/telecaller-reports 200 0 - 0.104 ms","timestamp":"2026-06-06 17:31:31"}
{"level":"info","message":"OPTIONS /api/appointment-status 200 0 - 0.066 ms","timestamp":"2026-06-06 17:31:31"}
{"level":"info","message":"OPTIONS /api/appointment-status 200 0 - 0.063 ms","timestamp":"2026-06-06 17:31:31"}
{"level":"info","message":"GET /api/attendance/2026/6 304 - - 102.988 ms","timestamp":"2026-06-06 17:31:31"}
{"level":"info","message":"GET /api/users 304 - - 86.357 ms","timestamp":"2026-06-06 17:31:31"}
{"level":"info","message":"GET /api/appointment-status 200 2 - 47.485 ms","timestamp":"2026-06-06 17:31:31"}
{"level":"info","message":"GET /api/telecaller-reports 304 - - 51.286 ms","timestamp":"2026-06-06 17:31:31"}
{"level":"info","message":"GET /api/telecaller-reports 304 - - 40.068 ms","timestamp":"2026-06-06 17:31:31"}
{"level":"info","message":"GET /api/appointment-status 304 - - 43.378 ms","timestamp":"2026-06-06 17:31:31"}
{"level":"info","message":"OPTIONS /api/calls/sip-config 200 0 - 0.088 ms","timestamp":"2026-06-06 17:32:01"}
{"level":"info","message":"OPTIONS /api/messages/unread-count 200 0 - 0.127 ms","timestamp":"2026-06-06 17:32:01"}
{"level":"info","message":"OPTIONS /api/calls/sip-config 200 0 - 0.128 ms","timestamp":"2026-06-06 17:32:01"}
{"level":"info","message":"OPTIONS /api/messages/unread-count 200 0 - 0.098 ms","timestamp":"2026-06-06 17:32:01"}
{"level":"info","message":"GET /api/calls/sip-config 304 - - 25.956 ms","timestamp":"2026-06-06 17:32:01"}
{"level":"info","message":"GET /api/calls/sip-config 304 - - 21.621 ms","timestamp":"2026-06-06 17:32:01"}
{"level":"info","message":"GET /api/messages/unread-count 304 - - 49.821 ms","timestamp":"2026-06-06 17:32:01"}
{"level":"info","message":"GET /api/messages/unread-count 304 - - 48.193 ms","timestamp":"2026-06-06 17:32:01"}
{"level":"info","message":"OPTIONS /api/attendance/2026/6 200 0 - 0.129 ms","timestamp":"2026-06-06 17:32:01"}
{"level":"info","message":"OPTIONS /api/users/me 200 0 - 0.051 ms","timestamp":"2026-06-06 17:32:01"}
{"level":"info","message":"OPTIONS /api/users 200 0 - 0.044 ms","timestamp":"2026-06-06 17:32:01"}
{"level":"info","message":"OPTIONS /api/tasks 200 0 - 0.034 ms","timestamp":"2026-06-06 17:32:01"}
{"level":"info","message":"OPTIONS /api/tasks 200 0 - 0.061 ms","timestamp":"2026-06-06 17:32:01"}
{"level":"info","message":"GET /api/tasks 304 - - 41.758 ms","timestamp":"2026-06-06 17:32:01"}
{"level":"info","message":"GET /api/users/me 200 - - 49.277 ms","timestamp":"2026-06-06 17:32:01"}
{"level":"info","message":"GET /api/attendance/2026/6 304 - - 100.225 ms","timestamp":"2026-06-06 17:32:01"}
{"level":"info","message":"GET /api/tasks 304 - - 49.919 ms","timestamp":"2026-06-06 17:32:01"}
{"level":"info","message":"GET /api/users/me 304 - - 50.257 ms","timestamp":"2026-06-06 17:32:01"}
{"level":"info","message":"GET /api/users 200 - - 122.086 ms","timestamp":"2026-06-06 17:32:01"}
{"level":"info","message":"OPTIONS /api/telecaller-reports 200 0 - 0.095 ms","timestamp":"2026-06-06 17:32:01"}
{"level":"info","message":"OPTIONS /api/appointment-status 200 0 - 0.069 ms","timestamp":"2026-06-06 17:32:01"}
{"level":"info","message":"OPTIONS /api/appointment-status 200 0 - 0.076 ms","timestamp":"2026-06-06 17:32:01"}
{"level":"info","message":"GET /api/attendance/2026/6 304 - - 94.859 ms","timestamp":"2026-06-06 17:32:01"}
{"level":"info","message":"GET /api/users 304 - - 92.358 ms","timestamp":"2026-06-06 17:32:01"}
{"level":"info","message":"GET /api/telecaller-reports 304 - - 47.786 ms","timestamp":"2026-06-06 17:32:01"}
{"level":"info","message":"GET /api/appointment-status 304 - - 46.832 ms","timestamp":"2026-06-06 17:32:01"}
{"level":"info","message":"GET /api/appointment-status 304 - - 70.023 ms","timestamp":"2026-06-06 17:32:01"}
{"level":"info","message":"GET /api/telecaller-reports 304 - - 45.424 ms","timestamp":"2026-06-06 17:32:01"}
{"level":"info","message":"OPTIONS /api/attendance/2026/6 200 0 - 0.069 ms","timestamp":"2026-06-06 17:32:32"}
{"level":"info","message":"GET /api/attendance/2026/6 304 - - 81.585 ms","timestamp":"2026-06-06 17:32:32"}
{"level":"info","message":"OPTIONS /api/attendance/2026/6 200 0 - 0.056 ms","timestamp":"2026-06-06 17:33:02"}
{"level":"info","message":"GET /api/attendance/2026/6 304 - - 80.006 ms","timestamp":"2026-06-06 17:33:02"}
{"level":"info","message":"✅ Redis Clients (Pub/Sub) Connected and Ready","timestamp":"2026-06-06 17:33:25"}
{"level":"info","message":"🚀 Server running on http://localhost:5000","timestamp":"2026-06-06 17:33:25"}
{"level":"info","message":"📡 Socket.IO server ready for connections","timestamp":"2026-06-06 17:33:25"}
{"level":"info","message":"OPTIONS /api/attendance/2026/6 200 0 - 1.319 ms","timestamp":"2026-06-06 17:33:32"}
{"level":"info","message":"GET /api/attendance/2026/6 304 - - 105.836 ms","timestamp":"2026-06-06 17:33:32"}
{"level":"info","message":"OPTIONS /api/calls/sip-config 200 0 - 0.461 ms","timestamp":"2026-06-06 17:33:40"}
{"level":"info","message":"OPTIONS /api/messages/unread-count 200 0 - 0.148 ms","timestamp":"2026-06-06 17:33:40"}
{"level":"info","message":"OPTIONS /api/calls/sip-config 200 0 - 0.177 ms","timestamp":"2026-06-06 17:33:40"}
{"level":"info","message":"OPTIONS /api/messages/unread-count 200 0 - 0.188 ms","timestamp":"2026-06-06 17:33:40"}
{"level":"info","message":"GET /api/calls/sip-config 304 - - 32.425 ms","timestamp":"2026-06-06 17:33:40"}
{"level":"info","message":"GET /api/messages/unread-count 304 - - 57.324 ms","timestamp":"2026-06-06 17:33:40"}
{"level":"info","message":"GET /api/calls/sip-config 304 - - 26.919 ms","timestamp":"2026-06-06 17:33:40"}
{"level":"info","message":"GET /api/messages/unread-count 304 - - 46.851 ms","timestamp":"2026-06-06 17:33:40"}
{"level":"info","message":"OPTIONS /api/attendance/2026/6 200 0 - 0.124 ms","timestamp":"2026-06-06 17:33:40"}
{"level":"info","message":"OPTIONS /api/users/me 200 0 - 0.109 ms","timestamp":"2026-06-06 17:33:40"}
{"level":"info","message":"OPTIONS /api/users 200 0 - 0.120 ms","timestamp":"2026-06-06 17:33:40"}
{"level":"info","message":"OPTIONS /api/tasks 200 0 - 0.121 ms","timestamp":"2026-06-06 17:33:40"}
{"level":"info","message":"OPTIONS /api/users/me 200 0 - 0.165 ms","timestamp":"2026-06-06 17:33:40"}
{"level":"info","message":"GET /api/tasks 304 - - 49.412 ms","timestamp":"2026-06-06 17:33:40"}
{"level":"info","message":"GET /api/users/me 200 - - 52.080 ms","timestamp":"2026-06-06 17:33:40"}
{"level":"info","message":"GET /api/attendance/2026/6 304 - - 90.048 ms","timestamp":"2026-06-06 17:33:40"}
{"level":"info","message":"GET /api/tasks 304 - - 40.711 ms","timestamp":"2026-06-06 17:33:40"}
{"level":"info","message":"GET /api/users/me 304 - - 55.213 ms","timestamp":"2026-06-06 17:33:40"}
{"level":"info","message":"GET /api/users 200 - - 108.729 ms","timestamp":"2026-06-06 17:33:40"}
{"level":"info","message":"OPTIONS /api/telecaller-reports 200 0 - 0.130 ms","timestamp":"2026-06-06 17:33:40"}
{"level":"info","message":"OPTIONS /api/appointment-status 200 0 - 0.110 ms","timestamp":"2026-06-06 17:33:40"}
{"level":"info","message":"OPTIONS /api/appointment-status 200 0 - 0.048 ms","timestamp":"2026-06-06 17:33:40"}
{"level":"info","message":"GET /api/attendance/2026/6 304 - - 92.585 ms","timestamp":"2026-06-06 17:33:40"}
{"level":"info","message":"GET /api/telecaller-reports 304 - - 41.957 ms","timestamp":"2026-06-06 17:33:40"}
{"level":"info","message":"GET /api/appointment-status 304 - - 41.443 ms","timestamp":"2026-06-06 17:33:40"}
{"level":"info","message":"GET /api/users 304 - - 126.112 ms","timestamp":"2026-06-06 17:33:40"}
{"level":"info","message":"GET /api/appointment-status 304 - - 46.893 ms","timestamp":"2026-06-06 17:33:40"}
{"level":"info","message":"GET /api/telecaller-reports 304 - - 40.168 ms","timestamp":"2026-06-06 17:33:40"}
{"level":"info","message":"OPTIONS /api/calls/sip-config 200 0 - 0.132 ms","timestamp":"2026-06-06 17:33:44"}
{"level":"info","message":"OPTIONS /api/messages/unread-count 200 0 - 0.092 ms","timestamp":"2026-06-06 17:33:44"}
{"level":"info","message":"OPTIONS /api/calls/sip-config 200 0 - 0.198 ms","timestamp":"2026-06-06 17:33:44"}
{"level":"info","message":"OPTIONS /api/messages/unread-count 200 0 - 0.093 ms","timestamp":"2026-06-06 17:33:44"}
{"level":"info","message":"GET /api/calls/sip-config 200 197 - 23.593 ms","timestamp":"2026-06-06 17:33:44"}
{"level":"info","message":"GET /api/calls/sip-config 200 197 - 27.346 ms","timestamp":"2026-06-06 17:33:44"}
{"level":"info","message":"GET /api/messages/unread-count 200 17 - 58.058 ms","timestamp":"2026-06-06 17:33:44"}
{"level":"info","message":"GET /api/messages/unread-count 200 17 - 56.679 ms","timestamp":"2026-06-06 17:33:44"}
{"level":"info","message":"GET /api/calls/sip-config - - - - ms","timestamp":"2026-06-06 17:33:44"}
{"level":"info","message":"GET /api/messages/unread-count - - - - ms","timestamp":"2026-06-06 17:33:44"}
{"level":"info","message":"OPTIONS /api/calls/sip-config 200 0 - 0.087 ms","timestamp":"2026-06-06 17:33:45"}
{"level":"info","message":"OPTIONS /api/messages/unread-count 200 0 - 0.079 ms","timestamp":"2026-06-06 17:33:45"}
{"level":"info","message":"OPTIONS /api/calls/sip-config 200 0 - 0.175 ms","timestamp":"2026-06-06 17:33:45"}
{"level":"info","message":"OPTIONS /api/messages/unread-count 200 0 - 0.101 ms","timestamp":"2026-06-06 17:33:45"}
{"level":"info","message":"GET /api/calls/sip-config 200 197 - 23.476 ms","timestamp":"2026-06-06 17:33:45"}
{"level":"info","message":"GET /api/calls/sip-config 200 197 - 30.150 ms","timestamp":"2026-06-06 17:33:45"}
{"level":"info","message":"GET /api/messages/unread-count 200 17 - 49.395 ms","timestamp":"2026-06-06 17:33:45"}
{"level":"info","message":"GET /api/messages/unread-count 200 17 - 47.910 ms","timestamp":"2026-06-06 17:33:45"}
{"level":"info","message":"OPTIONS /api/attendance/2026/6 200 0 - 0.055 ms","timestamp":"2026-06-06 17:33:45"}
{"level":"info","message":"OPTIONS /api/users/me 200 0 - 0.042 ms","timestamp":"2026-06-06 17:33:45"}
{"level":"info","message":"OPTIONS /api/users 200 0 - 0.062 ms","timestamp":"2026-06-06 17:33:45"}
{"level":"info","message":"OPTIONS /api/tasks 200 0 - 0.053 ms","timestamp":"2026-06-06 17:33:45"}
{"level":"info","message":"GET /api/tasks 304 - - 43.814 ms","timestamp":"2026-06-06 17:33:45"}
{"level":"info","message":"GET /api/users/me 200 - - 44.435 ms","timestamp":"2026-06-06 17:33:45"}
{"level":"info","message":"GET /api/attendance/2026/6 304 - - 85.669 ms","timestamp":"2026-06-06 17:33:45"}
{"level":"info","message":"GET /api/tasks 304 - - 43.601 ms","timestamp":"2026-06-06 17:33:45"}
{"level":"info","message":"GET /api/users/me 304 - - 44.373 ms","timestamp":"2026-06-06 17:33:45"}
{"level":"info","message":"GET /api/users 200 - - 116.271 ms","timestamp":"2026-06-06 17:33:45"}
{"level":"info","message":"OPTIONS /api/telecaller-reports 200 0 - 0.125 ms","timestamp":"2026-06-06 17:33:45"}
{"level":"info","message":"OPTIONS /api/appointment-status 200 0 - 0.047 ms","timestamp":"2026-06-06 17:33:45"}
{"level":"info","message":"OPTIONS /api/appointment-status 200 0 - 0.056 ms","timestamp":"2026-06-06 17:33:45"}
{"level":"info","message":"GET /api/attendance/2026/6 304 - - 105.274 ms","timestamp":"2026-06-06 17:33:45"}
{"level":"info","message":"GET /api/users 304 - - 85.777 ms","timestamp":"2026-06-06 17:33:45"}
{"level":"info","message":"GET /api/telecaller-reports 304 - - 51.711 ms","timestamp":"2026-06-06 17:33:45"}
{"level":"info","message":"GET /api/appointment-status 304 - - 51.866 ms","timestamp":"2026-06-06 17:33:45"}
{"level":"info","message":"GET /api/appointment-status 304 - - 37.411 ms","timestamp":"2026-06-06 17:33:45"}
{"level":"info","message":"GET /api/telecaller-reports 304 - - 44.654 ms","timestamp":"2026-06-06 17:33:45"}
{"level":"info","message":"OPTIONS /api/attendance/2026/6 200 0 - 0.177 ms","timestamp":"2026-06-06 17:34:15"}
{"level":"info","message":"GET /api/attendance/2026/6 304 - - 92.231 ms","timestamp":"2026-06-06 17:34:15"}
{"level":"info","message":"OPTIONS /api/appointment-status 200 0 - 0.076 ms","timestamp":"2026-06-06 17:34:24"}
{"level":"info","message":"POST /api/appointment-status 201 607 - 70.084 ms","timestamp":"2026-06-06 17:34:24"}
{"level":"info","message":"OPTIONS /api/calls/sip-config 200 0 - 0.069 ms","timestamp":"2026-06-06 17:34:29"}
{"level":"info","message":"OPTIONS /api/messages/unread-count 200 0 - 0.088 ms","timestamp":"2026-06-06 17:34:29"}
{"level":"info","message":"OPTIONS /api/messages/unread-count 200 0 - 0.101 ms","timestamp":"2026-06-06 17:34:29"}
{"level":"info","message":"GET /api/calls/sip-config 304 - - 30.869 ms","timestamp":"2026-06-06 17:34:29"}
{"level":"info","message":"GET /api/messages/unread-count 304 - - 44.335 ms","timestamp":"2026-06-06 17:34:29"}
{"level":"info","message":"GET /api/calls/sip-config 304 - - 21.964 ms","timestamp":"2026-06-06 17:34:29"}
{"level":"info","message":"GET /api/messages/unread-count 304 - - 45.424 ms","timestamp":"2026-06-06 17:34:29"}
{"level":"info","message":"OPTIONS /api/attendance/2026/6 200 0 - 0.116 ms","timestamp":"2026-06-06 17:34:29"}
{"level":"info","message":"OPTIONS /api/users/me 200 0 - 0.088 ms","timestamp":"2026-06-06 17:34:29"}
{"level":"info","message":"OPTIONS /api/users 200 0 - 0.086 ms","timestamp":"2026-06-06 17:34:29"}
{"level":"info","message":"OPTIONS /api/tasks 200 0 - 0.093 ms","timestamp":"2026-06-06 17:34:29"}
{"level":"info","message":"OPTIONS /api/tasks 200 0 - 0.124 ms","timestamp":"2026-06-06 17:34:29"}
{"level":"info","message":"GET /api/users/me 200 - - 47.009 ms","timestamp":"2026-06-06 17:34:29"}
{"level":"info","message":"GET /api/tasks 304 - - 44.797 ms","timestamp":"2026-06-06 17:34:29"}
{"level":"info","message":"GET /api/attendance/2026/6 304 - - 81.675 ms","timestamp":"2026-06-06 17:34:29"}
{"level":"info","message":"GET /api/users/me 304 - - 41.901 ms","timestamp":"2026-06-06 17:34:29"}
{"level":"info","message":"GET /api/tasks 304 - - 41.372 ms","timestamp":"2026-06-06 17:34:29"}
{"level":"info","message":"GET /api/users 200 - - 111.738 ms","timestamp":"2026-06-06 17:34:29"}
{"level":"info","message":"OPTIONS /api/telecaller-reports 200 0 - 0.223 ms","timestamp":"2026-06-06 17:34:29"}
{"level":"info","message":"OPTIONS /api/appointment-status 200 0 - 0.117 ms","timestamp":"2026-06-06 17:34:29"}
{"level":"info","message":"GET /api/attendance/2026/6 304 - - 96.663 ms","timestamp":"2026-06-06 17:34:29"}
{"level":"info","message":"GET /api/appointment-status 200 609 - 48.283 ms","timestamp":"2026-06-06 17:34:29"}
{"level":"info","message":"GET /api/users 304 - - 128.192 ms","timestamp":"2026-06-06 17:34:29"}
{"level":"info","message":"GET /api/telecaller-reports 304 - - 66.621 ms","timestamp":"2026-06-06 17:34:29"}
{"level":"info","message":"GET /api/appointment-status 304 - - 43.283 ms","timestamp":"2026-06-06 17:34:29"}
{"level":"info","message":"GET /api/telecaller-reports 304 - - 41.954 ms","timestamp":"2026-06-06 17:34:29"}
{"level":"info","message":"OPTIONS /api/attendance/2026/6 200 0 - 0.123 ms","timestamp":"2026-06-06 17:35:00"}
{"level":"info","message":"GET /api/attendance/2026/6 304 - - 88.139 ms","timestamp":"2026-06-06 17:35:00"}
{"level":"info","message":"OPTIONS /api/attendance/2026/6 200 0 - 0.127 ms","timestamp":"2026-06-06 17:35:30"}
{"level":"info","message":"GET /api/attendance/2026/6 304 - - 98.575 ms","timestamp":"2026-06-06 17:35:30"}
{"level":"info","message":"OPTIONS /api/attendance/2026/6 200 0 - 0.091 ms","timestamp":"2026-06-06 17:36:00"}
{"level":"info","message":"GET /api/attendance/2026/6 304 - - 97.099 ms","timestamp":"2026-06-06 17:36:00"}
{"level":"info","message":"OPTIONS /api/attendance/2026/6 200 0 - 0.078 ms","timestamp":"2026-06-06 17:36:30"}
{"level":"info","message":"GET /api/attendance/2026/6 304 - - 94.571 ms","timestamp":"2026-06-06 17:36:30"}
{"level":"info","message":"OPTIONS /api/attendance/2026/6 200 0 - 0.063 ms","timestamp":"2026-06-06 17:37:00"}
{"level":"info","message":"GET /api/attendance/2026/6 304 - - 96.593 ms","timestamp":"2026-06-06 17:37:00"}
{"level":"info","message":"OPTIONS /api/attendance/2026/6 200 0 - 0.112 ms","timestamp":"2026-06-06 17:37:30"}
{"level":"info","message":"GET /api/attendance/2026/6 304 - - 87.872 ms","timestamp":"2026-06-06 17:37:30"}
{"level":"info","message":"OPTIONS /api/attendance/2026/6 200 0 - 0.184 ms","timestamp":"2026-06-06 17:38:38"}
{"level":"info","message":"GET /api/attendance/2026/6 304 - - 82.637 ms","timestamp":"2026-06-06 17:38:38"}
{"level":"info","message":"OPTIONS /api/attendance/2026/6 200 0 - 0.079 ms","timestamp":"2026-06-06 17:39:00"}
{"level":"info","message":"GET /api/attendance/2026/6 304 - - 87.692 ms","timestamp":"2026-06-06 17:39:00"}
{"level":"info","message":"OPTIONS /api/attendance/2026/6 200 0 - 0.078 ms","timestamp":"2026-06-06 17:39:30"}
{"level":"info","message":"GET /api/attendance/2026/6 304 - - 82.642 ms","timestamp":"2026-06-06 17:39:30"}
{"level":"info","message":"OPTIONS /api/attendance/2026/6 200 0 - 0.075 ms","timestamp":"2026-06-06 17:40:00"}
{"level":"info","message":"GET /api/attendance/2026/6 304 - - 107.764 ms","timestamp":"2026-06-06 17:40:00"}
{"level":"info","message":"OPTIONS /api/attendance/2026/6 200 0 - 0.108 ms","timestamp":"2026-06-06 17:40:50"}
{"level":"info","message":"GET /api/attendance/2026/6 304 - - 88.803 ms","timestamp":"2026-06-06 17:40:50"}
{"level":"info","message":"OPTIONS /api/attendance/2026/6 200 0 - 0.145 ms","timestamp":"2026-06-06 17:41:50"}
{"level":"info","message":"GET /api/attendance/2026/6 304 - - 82.649 ms","timestamp":"2026-06-06 17:41:50"}
{"level":"info","message":"OPTIONS /api/attendance/2026/6 200 0 - 0.156 ms","timestamp":"2026-06-06 17:42:50"}
{"level":"info","message":"GET /api/attendance/2026/6 304 - - 88.250 ms","timestamp":"2026-06-06 17:42:50"}
{"level":"info","message":"OPTIONS /api/attendance/2026/6 200 0 - 0.123 ms","timestamp":"2026-06-06 17:43:44"}
{"level":"info","message":"GET /api/attendance/2026/6 304 - - 83.986 ms","timestamp":"2026-06-06 17:43:45"}
{"level":"info","message":"OPTIONS /api/attendance/2026/6 200 0 - 0.086 ms","timestamp":"2026-06-06 17:44:00"}
{"level":"info","message":"GET /api/attendance/2026/6 304 - - 80.586 ms","timestamp":"2026-06-06 17:44:00"}
{"level":"info","message":"OPTIONS /api/attendance/2026/6 200 0 - 0.083 ms","timestamp":"2026-06-06 17:44:30"}
{"level":"info","message":"GET /api/attendance/2026/6 304 - - 81.163 ms","timestamp":"2026-06-06 17:44:30"}
{"level":"info","message":"OPTIONS /api/attendance/2026/6 200 0 - 0.114 ms","timestamp":"2026-06-06 17:45:00"}
{"level":"info","message":"GET /api/attendance/2026/6 304 - - 93.794 ms","timestamp":"2026-06-06 17:45:00"}
{"level":"info","message":"OPTIONS /api/attendance/2026/6 200 0 - 0.462 ms","timestamp":"2026-06-06 17:45:30"}
{"level":"info","message":"GET /api/attendance/2026/6 304 - - 85.871 ms","timestamp":"2026-06-06 17:45:30"}
{"level":"info","message":"OPTIONS /api/attendance/2026/6 200 0 - 0.064 ms","timestamp":"2026-06-06 17:46:00"}
{"level":"info","message":"GET /api/attendance/2026/6 304 - - 79.440 ms","timestamp":"2026-06-06 17:46:00"}
{"level":"info","message":"OPTIONS /api/attendance/2026/6 200 0 - 0.123 ms","timestamp":"2026-06-06 17:46:50"}
{"level":"info","message":"GET /api/attendance/2026/6 304 - - 86.793 ms","timestamp":"2026-06-06 17:46:50"}
{"level":"info","message":"OPTIONS /api/attendance/2026/6 200 0 - 0.281 ms","timestamp":"2026-06-06 17:46:59"}
{"level":"info","message":"GET /api/attendance/2026/6 304 - - 87.189 ms","timestamp":"2026-06-06 17:46:59"}
{"level":"info","message":"OPTIONS /api/attendance/2026/6 200 0 - 0.189 ms","timestamp":"2026-06-06 17:47:29"}
{"level":"info","message":"GET /api/attendance/2026/6 304 - - 104.646 ms","timestamp":"2026-06-06 17:47:29"}
{"level":"info","message":"OPTIONS /api/attendance/2026/6 200 0 - 0.186 ms","timestamp":"2026-06-06 17:47:59"}
{"level":"info","message":"GET /api/attendance/2026/6 304 - - 97.386 ms","timestamp":"2026-06-06 17:47:59"}
{"level":"info","message":"OPTIONS /api/attendance/2026/6 200 0 - 0.182 ms","timestamp":"2026-06-06 17:48:29"}
{"level":"info","message":"GET /api/attendance/2026/6 304 - - 92.360 ms","timestamp":"2026-06-06 17:48:29"}
{"level":"info","message":"OPTIONS /api/attendance/2026/6 200 0 - 0.180 ms","timestamp":"2026-06-06 17:48:59"}
{"level":"info","message":"GET /api/attendance/2026/6 304 - - 95.731 ms","timestamp":"2026-06-06 17:48:59"}
{"level":"info","message":"OPTIONS /api/attendance/2026/6 200 0 - 0.073 ms","timestamp":"2026-06-06 17:49:29"}
{"level":"info","message":"GET /api/attendance/2026/6 304 - - 79.053 ms","timestamp":"2026-06-06 17:49:29"}
{"level":"info","message":"OPTIONS /api/attendance/2026/6 200 0 - 0.187 ms","timestamp":"2026-06-06 17:49:59"}
{"level":"info","message":"GET /api/attendance/2026/6 304 - - 88.082 ms","timestamp":"2026-06-06 17:49:59"}
{"level":"info","message":"OPTIONS /api/attendance/2026/6 200 0 - 0.189 ms","timestamp":"2026-06-06 17:50:29"}
{"level":"info","message":"GET /api/attendance/2026/6 304 - - 100.161 ms","timestamp":"2026-06-06 17:50:29"}
{"level":"info","message":"OPTIONS /api/attendance/2026/6 200 0 - 0.170 ms","timestamp":"2026-06-06 17:50:59"}
{"level":"info","message":"GET /api/attendance/2026/6 304 - - 100.569 ms","timestamp":"2026-06-06 17:50:59"}
{"level":"info","message":"OPTIONS /api/attendance/2026/6 200 0 - 0.191 ms","timestamp":"2026-06-06 17:51:29"}
{"level":"info","message":"GET /api/attendance/2026/6 304 - - 105.669 ms","timestamp":"2026-06-06 17:51:29"}
{"level":"info","message":"OPTIONS /api/attendance/2026/6 200 0 - 0.097 ms","timestamp":"2026-06-06 17:51:59"}
{"level":"info","message":"GET /api/attendance/2026/6 304 - - 79.319 ms","timestamp":"2026-06-06 17:51:59"}
{"level":"info","message":"OPTIONS /api/attendance/2026/6 200 0 - 0.186 ms","timestamp":"2026-06-06 17:52:29"}
{"level":"info","message":"GET /api/attendance/2026/6 304 - - 95.881 ms","timestamp":"2026-06-06 17:52:29"}
{"level":"info","message":"OPTIONS /api/attendance/2026/6 200 0 - 0.106 ms","timestamp":"2026-06-06 17:52:59"}
{"level":"info","message":"GET /api/attendance/2026/6 304 - - 90.596 ms","timestamp":"2026-06-06 17:52:59"}
{"level":"info","message":"OPTIONS /api/attendance/2026/6 200 0 - 0.176 ms","timestamp":"2026-06-06 17:53:30"}
{"level":"info","message":"GET /api/attendance/2026/6 304 - - 84.339 ms","timestamp":"2026-06-06 17:53:30"}
{"level":"info","message":"OPTIONS /api/attendance/2026/6 200 0 - 0.095 ms","timestamp":"2026-06-06 17:54:00"}
{"level":"info","message":"GET /api/attendance/2026/6 304 - - 106.705 ms","timestamp":"2026-06-06 17:54:00"}
{"level":"info","message":"OPTIONS /api/attendance/2026/6 200 0 - 0.100 ms","timestamp":"2026-06-06 17:54:30"}
{"level":"info","message":"GET /api/attendance/2026/6 304 - - 79.086 ms","timestamp":"2026-06-06 17:54:30"}
{"level":"info","message":"OPTIONS /api/attendance/2026/6 200 0 - 0.235 ms","timestamp":"2026-06-06 17:55:50"}
{"level":"info","message":"GET /api/attendance/2026/6 304 - - 83.483 ms","timestamp":"2026-06-06 17:55:50"}
{"level":"info","message":"OPTIONS /api/attendance/2026/6 200 0 - 0.702 ms","timestamp":"2026-06-06 17:56:50"}
{"level":"info","message":"GET /api/attendance/2026/6 304 - - 84.140 ms","timestamp":"2026-06-06 17:56:50"}
{"level":"info","message":"OPTIONS /api/attendance/2026/6 200 0 - 0.059 ms","timestamp":"2026-06-06 17:57:30"}
{"level":"info","message":"GET /api/attendance/2026/6 304 - - 88.408 ms","timestamp":"2026-06-06 17:57:30"}
{"level":"info","message":"OPTIONS /api/calls/sip-config 200 0 - 0.157 ms","timestamp":"2026-06-06 17:57:43"}
{"level":"info","message":"OPTIONS /api/messages/unread-count 200 0 - 0.067 ms","timestamp":"2026-06-06 17:57:43"}
{"level":"info","message":"OPTIONS /api/calls/sip-config 200 0 - 0.139 ms","timestamp":"2026-06-06 17:57:43"}
{"level":"info","message":"OPTIONS /api/messages/unread-count 200 0 - 0.105 ms","timestamp":"2026-06-06 17:57:43"}
{"level":"info","message":"GET /api/calls/sip-config 304 - - 29.170 ms","timestamp":"2026-06-06 17:57:43"}
{"level":"info","message":"GET /api/messages/unread-count 304 - - 42.242 ms","timestamp":"2026-06-06 17:57:43"}
{"level":"info","message":"GET /api/calls/sip-config 304 - - 25.044 ms","timestamp":"2026-06-06 17:57:43"}
{"level":"info","message":"GET /api/messages/unread-count 304 - - 46.423 ms","timestamp":"2026-06-06 17:57:43"}
{"level":"info","message":"OPTIONS /api/attendance/2026/6 200 0 - 0.091 ms","timestamp":"2026-06-06 17:57:43"}
{"level":"info","message":"OPTIONS /api/users/me 200 0 - 0.104 ms","timestamp":"2026-06-06 17:57:43"}
{"level":"info","message":"OPTIONS /api/users 200 0 - 0.073 ms","timestamp":"2026-06-06 17:57:43"}
{"level":"info","message":"OPTIONS /api/tasks 200 0 - 0.064 ms","timestamp":"2026-06-06 17:57:43"}
{"level":"info","message":"OPTIONS /api/attendance/2026/6 200 0 - 0.052 ms","timestamp":"2026-06-06 17:57:43"}
{"level":"info","message":"GET /api/users/me 200 - - 44.500 ms","timestamp":"2026-06-06 17:57:43"}
{"level":"info","message":"GET /api/tasks 304 - - 44.938 ms","timestamp":"2026-06-06 17:57:43"}
{"level":"info","message":"GET /api/attendance/2026/6 304 - - 80.267 ms","timestamp":"2026-06-06 17:57:43"}
{"level":"info","message":"GET /api/users/me 304 - - 41.181 ms","timestamp":"2026-06-06 17:57:43"}
{"level":"info","message":"GET /api/tasks 304 - - 40.137 ms","timestamp":"2026-06-06 17:57:43"}
{"level":"info","message":"GET /api/users 200 - - 107.654 ms","timestamp":"2026-06-06 17:57:44"}
{"level":"info","message":"OPTIONS /api/telecaller-reports 200 0 - 0.134 ms","timestamp":"2026-06-06 17:57:44"}
{"level":"info","message":"OPTIONS /api/appointment-status 200 0 - 0.100 ms","timestamp":"2026-06-06 17:57:44"}
{"level":"info","message":"OPTIONS /api/appointment-status 200 0 - 0.068 ms","timestamp":"2026-06-06 17:57:44"}
{"level":"info","message":"GET /api/attendance/2026/6 304 - - 85.322 ms","timestamp":"2026-06-06 17:57:44"}
{"level":"info","message":"GET /api/users 304 - - 80.252 ms","timestamp":"2026-06-06 17:57:44"}
{"level":"info","message":"GET /api/appointment-status 304 - - 41.037 ms","timestamp":"2026-06-06 17:57:44"}
{"level":"info","message":"GET /api/telecaller-reports 304 - - 44.911 ms","timestamp":"2026-06-06 17:57:44"}
{"level":"info","message":"GET /api/appointment-status 304 - - 40.157 ms","timestamp":"2026-06-06 17:57:44"}
{"level":"info","message":"GET /api/telecaller-reports 304 - - 39.197 ms","timestamp":"2026-06-06 17:57:44"}
{"level":"info","message":"OPTIONS /api/appointment-status/6a240cc87b63bc1e15e05f01 200 0 - 0.060 ms","timestamp":"2026-06-06 17:57:50"}
{"level":"info","message":"DELETE /api/appointment-status/6a240cc87b63bc1e15e05f01 200 34 - 42.616 ms","timestamp":"2026-06-06 17:57:50"}
{"level":"info","message":"OPTIONS /api/appointment-status 200 0 - 0.064 ms","timestamp":"2026-06-06 17:57:50"}
{"level":"info","message":"GET /api/appointment-status 200 2 - 38.365 ms","timestamp":"2026-06-06 17:57:50"}
{"level":"info","message":"OPTIONS /api/attendance/2026/6 200 0 - 0.085 ms","timestamp":"2026-06-06 17:58:14"}
{"level":"info","message":"GET /api/attendance/2026/6 304 - - 83.220 ms","timestamp":"2026-06-06 17:58:14"}
{"level":"info","message":"OPTIONS /api/attendance/2026/6 200 0 - 0.053 ms","timestamp":"2026-06-06 17:58:44"}
{"level":"info","message":"GET /api/attendance/2026/6 304 - - 80.008 ms","timestamp":"2026-06-06 17:58:44"}
{"level":"info","message":"OPTIONS /api/auth/logout 200 0 - 0.055 ms","timestamp":"2026-06-06 17:59:10"}
{"level":"info","message":"POST /api/auth/logout 200 31 - 1.411 ms","timestamp":"2026-06-06 17:59:10"}
{"level":"info","message":"OPTIONS /api/users/logout 200 0 - 0.112 ms","timestamp":"2026-06-06 17:59:10"}
{"level":"info","message":"POST /api/users/logout 200 33 - 106.503 ms","timestamp":"2026-06-06 17:59:10"}
{"level":"info","message":"GET /api/calls/sip-config 401 44 - 0.586 ms","timestamp":"2026-06-06 17:59:10"}
{"level":"info","message":"OPTIONS /api/auth/login 200 0 - 0.114 ms","timestamp":"2026-06-06 18:02:23"}
{"level":"info","message":"POST /api/auth/login 200 767 - 205.806 ms","timestamp":"2026-06-06 18:02:23"}
{"level":"info","message":"OPTIONS /api/calls/sip-config 200 0 - 0.117 ms","timestamp":"2026-06-06 18:02:23"}
{"level":"info","message":"OPTIONS /api/messages/unread-count 200 0 - 0.107 ms","timestamp":"2026-06-06 18:02:23"}
{"level":"info","message":"GET /api/calls/sip-config 304 - - 25.561 ms","timestamp":"2026-06-06 18:02:24"}
{"level":"info","message":"GET /api/messages/unread-count 304 - - 45.167 ms","timestamp":"2026-06-06 18:02:24"}
{"level":"info","message":"OPTIONS /api/attendance/2026/6 200 0 - 0.059 ms","timestamp":"2026-06-06 18:02:24"}
{"level":"info","message":"OPTIONS /api/appointments/revenue/reports 200 0 - 0.079 ms","timestamp":"2026-06-06 18:02:24"}
{"level":"info","message":"OPTIONS /api/appointments/all 200 0 - 0.078 ms","timestamp":"2026-06-06 18:02:24"}
{"level":"info","message":"OPTIONS /api/tasks 200 0 - 0.068 ms","timestamp":"2026-06-06 18:02:24"}
{"level":"info","message":"OPTIONS /api/users/all 200 0 - 0.057 ms","timestamp":"2026-06-06 18:02:24"}
{"level":"info","message":"OPTIONS /api/attendance/range?start=2026-05-31T18:30:00.000Z&end=2026-06-30T18:29:59.999Z 200 0 - 0.108 ms","timestamp":"2026-06-06 18:02:24"}
{"level":"info","message":"OPTIONS /api/appointments/revenue 200 0 - 0.075 ms","timestamp":"2026-06-06 18:02:24"}
{"level":"info","message":"OPTIONS /api/tasks 200 0 - 0.061 ms","timestamp":"2026-06-06 18:02:24"}
{"level":"info","message":"OPTIONS /api/admin-status 200 0 - 0.084 ms","timestamp":"2026-06-06 18:02:24"}
{"level":"info","message":"OPTIONS /api/appointments/stats?month=6&year=2026 200 0 - 0.081 ms","timestamp":"2026-06-06 18:02:24"}
{"level":"info","message":"OPTIONS /api/users 200 0 - 0.099 ms","timestamp":"2026-06-06 18:02:24"}
{"level":"info","message":"OPTIONS /api/appointments/stats?month=5&year=2026 200 0 - 0.102 ms","timestamp":"2026-06-06 18:02:24"}
{"level":"info","message":"OPTIONS /api/attendance/range?start=2026-05-31T18:30:00.000Z&end=2026-06-30T18:29:59.999Z 200 0 - 0.100 ms","timestamp":"2026-06-06 18:02:24"}
{"level":"info","message":"OPTIONS /api/admin-status 200 0 - 0.056 ms","timestamp":"2026-06-06 18:02:24"}
{"level":"info","message":"OPTIONS /api/appointments/stats?month=6&year=2026 200 0 - 0.056 ms","timestamp":"2026-06-06 18:02:24"}
{"level":"info","message":"OPTIONS /api/appointments/stats?month=5&year=2026 200 0 - 0.048 ms","timestamp":"2026-06-06 18:02:24"}
{"level":"info","message":"OPTIONS /api/appointments/revenue 200 0 - 0.067 ms","timestamp":"2026-06-06 18:02:24"}
{"level":"info","message":"OPTIONS /api/users 200 0 - 0.064 ms","timestamp":"2026-06-06 18:02:24"}
{"level":"info","message":"GET /api/appointments/revenue/reports 200 - - 49.698 ms","timestamp":"2026-06-06 18:02:24"}
{"level":"info","message":"GET /api/attendance/2026/6 200 - - 146.594 ms","timestamp":"2026-06-06 18:02:24"}
{"level":"info","message":"GET /api/appointments/revenue 200 46 - 142.677 ms","timestamp":"2026-06-06 18:02:24"}
{"level":"info","message":"GET /api/users/all 200 - - 122.660 ms","timestamp":"2026-06-06 18:02:24"}
{"level":"info","message":"GET /api/appointments/all 200 - - 184.631 ms","timestamp":"2026-06-06 18:02:24"}
{"level":"info","message":"GET /api/attendance/range?start=2026-05-31T18:30:00.000Z&end=2026-06-30T18:29:59.999Z 200 - - 155.016 ms","timestamp":"2026-06-06 18:02:24"}
{"level":"info","message":"GET /api/admin-status 200 48 - 53.905 ms","timestamp":"2026-06-06 18:02:24"}
{"level":"info","message":"GET /api/appointments/stats?month=6&year=2026 200 12 - 49.357 ms","timestamp":"2026-06-06 18:02:24"}
{"level":"info","message":"GET /api/appointments/revenue/reports 304 - - 45.433 ms","timestamp":"2026-06-06 18:02:24"}
{"level":"info","message":"GET /api/appointments/stats?month=5&year=2026 200 12 - 65.552 ms","timestamp":"2026-06-06 18:02:24"}
{"level":"info","message":"GET /api/users 200 - - 83.774 ms","timestamp":"2026-06-06 18:02:24"}
{"level":"info","message":"GET /api/appointments/revenue 304 - - 92.034 ms","timestamp":"2026-06-06 18:02:24"}
{"level":"info","message":"GET /api/users/all 304 - - 114.352 ms","timestamp":"2026-06-06 18:02:24"}
{"level":"info","message":"GET /api/attendance/2026/6 304 - - 156.593 ms","timestamp":"2026-06-06 18:02:24"}
{"level":"info","message":"GET /api/attendance/range?start=2026-05-31T18:30:00.000Z&end=2026-06-30T18:29:59.999Z 304 - - 121.437 ms","timestamp":"2026-06-06 18:02:24"}
{"level":"info","message":"GET /api/tasks 200 - - 342.254 ms","timestamp":"2026-06-06 18:02:24"}
{"level":"info","message":"GET /api/appointments/all 304 - - 172.527 ms","timestamp":"2026-06-06 18:02:24"}
{"level":"info","message":"GET /api/admin-status 304 - - 90.798 ms","timestamp":"2026-06-06 18:02:24"}
{"level":"info","message":"GET /api/appointments/stats?month=6&year=2026 304 - - 49.120 ms","timestamp":"2026-06-06 18:02:24"}
{"level":"info","message":"GET /api/appointments/stats?month=5&year=2026 304 - - 54.918 ms","timestamp":"2026-06-06 18:02:24"}
{"level":"info","message":"GET /api/tasks 304 - - 75.631 ms","timestamp":"2026-06-06 18:02:24"}
{"level":"info","message":"GET /api/users 304 - - 112.045 ms","timestamp":"2026-06-06 18:02:25"}
{"level":"info","message":"GET /api/tasks 304 - - 65.299 ms","timestamp":"2026-06-06 18:02:25"}
{"level":"info","message":"GET /api/tasks 304 - - 80.534 ms","timestamp":"2026-06-06 18:02:25"}
{"level":"info","message":"OPTIONS /api/telecaller-reports 200 0 - 0.223 ms","timestamp":"2026-06-06 18:02:30"}
{"level":"info","message":"OPTIONS /api/telecaller-reports/marketing-summary?startDate=2026-05-07&endDate=2026-06-06 200 0 - 0.058 ms","timestamp":"2026-06-06 18:02:30"}
{"level":"info","message":"OPTIONS /api/telecaller-reports 200 0 - 0.036 ms","timestamp":"2026-06-06 18:02:30"}
{"level":"info","message":"OPTIONS /api/telecaller-reports/marketing-summary?startDate=2026-05-07&endDate=2026-06-06 200 0 - 0.080 ms","timestamp":"2026-06-06 18:02:30"}
{"level":"info","message":"GET /api/telecaller-reports/marketing-summary?startDate=2026-05-07&endDate=2026-06-06 200 200 - 39.846 ms","timestamp":"2026-06-06 18:02:30"}
{"level":"info","message":"GET /api/telecaller-reports 304 - - 40.945 ms","timestamp":"2026-06-06 18:02:30"}
{"level":"info","message":"GET /api/telecaller-reports/marketing-summary?startDate=2026-05-07&endDate=2026-06-06 304 - - 40.788 ms","timestamp":"2026-06-06 18:02:30"}
{"level":"info","message":"GET /api/telecaller-reports 304 - - 40.354 ms","timestamp":"2026-06-06 18:02:30"}
{"level":"info","message":"OPTIONS /api/appointment-status 200 0 - 0.056 ms","timestamp":"2026-06-06 18:02:32"}
{"level":"info","message":"OPTIONS /api/appointment-status 200 0 - 0.047 ms","timestamp":"2026-06-06 18:02:32"}
{"level":"info","message":"GET /api/appointment-status 200 - - 40.277 ms","timestamp":"2026-06-06 18:02:32"}
{"level":"info","message":"GET /api/appointment-status 304 - - 39.358 ms","timestamp":"2026-06-06 18:02:32"}
{"level":"info","message":"OPTIONS /api/attendance/2026/6 200 0 - 0.170 ms","timestamp":"2026-06-06 18:02:54"}
{"level":"info","message":"GET /api/attendance/2026/6 304 - - 89.240 ms","timestamp":"2026-06-06 18:02:54"}
{"level":"info","message":"OPTIONS /api/attendance/2026/6 200 0 - 0.187 ms","timestamp":"2026-06-06 18:03:24"}
{"level":"info","message":"GET /api/attendance/2026/6 304 - - 95.264 ms","timestamp":"2026-06-06 18:03:24"}
{"level":"info","message":"OPTIONS /api/attendance/2026/6 200 0 - 0.054 ms","timestamp":"2026-06-06 18:03:54"}
{"level":"info","message":"GET /api/attendance/2026/6 304 - - 79.425 ms","timestamp":"2026-06-06 18:03:54"}
{"level":"info","message":"OPTIONS /api/appointments/revenue/report 200 0 - 0.070 ms","timestamp":"2026-06-06 18:04:00"}
{"level":"info","message":"OPTIONS /api/appointments/all 200 0 - 0.047 ms","timestamp":"2026-06-06 18:04:00"}
{"level":"info","message":"OPTIONS /api/users 200 0 - 0.033 ms","timestamp":"2026-06-06 18:04:00"}
{"level":"info","message":"OPTIONS /api/appointments/revenue/report 200 0 - 0.037 ms","timestamp":"2026-06-06 18:04:00"}
{"level":"info","message":"POST /api/appointments/revenue/report 200 308 - 103.765 ms","timestamp":"2026-06-06 18:04:00"}
{"level":"info","message":"POST /api/appointments/revenue/report 200 308 - 103.029 ms","timestamp":"2026-06-06 18:04:00"}
{"level":"info","message":"GET /api/users 200 - - 144.997 ms","timestamp":"2026-06-06 18:04:00"}
{"level":"info","message":"GET /api/appointments/all 304 - - 175.599 ms","timestamp":"2026-06-06 18:04:00"}
{"level":"info","message":"GET /api/users 304 - - 89.164 ms","timestamp":"2026-06-06 18:04:00"}
{"level":"info","message":"GET /api/appointments/all 304 - - 148.453 ms","timestamp":"2026-06-06 18:04:01"}
{"level":"info","message":"OPTIONS /api/appointments/6a1fc4640cdce9e43c27a380/hard 200 0 - 0.098 ms","timestamp":"2026-06-06 18:04:08"}
{"level":"info","message":"DELETE /api/appointments/6a1fc4640cdce9e43c27a380/hard 200 45 - 50.068 ms","timestamp":"2026-06-06 18:04:08"}
{"level":"info","message":"OPTIONS /api/appointments/all 200 0 - 0.064 ms","timestamp":"2026-06-06 18:04:08"}
{"level":"info","message":"GET /api/appointments/all 200 - - 149.838 ms","timestamp":"2026-06-06 18:04:09"}
{"level":"info","message":"GET /api/appointments/all 304 - - 120.964 ms","timestamp":"2026-06-06 18:04:09"}
{"level":"info","message":"OPTIONS /api/appointments/6a1fc4660cdce9e43c27a393/hard 200 0 - 0.113 ms","timestamp":"2026-06-06 18:04:15"}
{"level":"info","message":"DELETE /api/appointments/6a1fc4660cdce9e43c27a393/hard 200 45 - 41.966 ms","timestamp":"2026-06-06 18:04:15"}
{"level":"info","message":"OPTIONS /api/appointments/all 200 0 - 0.055 ms","timestamp":"2026-06-06 18:04:15"}
{"level":"info","message":"GET /api/appointments/all 200 - - 139.690 ms","timestamp":"2026-06-06 18:04:15"}
{"level":"info","message":"GET /api/appointments/all 304 - - 115.592 ms","timestamp":"2026-06-06 18:04:15"}
{"level":"info","message":"OPTIONS /api/attendance/2026/6 200 0 - 0.287 ms","timestamp":"2026-06-06 18:04:24"}
{"level":"info","message":"GET /api/attendance/2026/6 304 - - 99.574 ms","timestamp":"2026-06-06 18:04:24"}
{"level":"info","message":"OPTIONS /api/attendance/2026/6 200 0 - 0.194 ms","timestamp":"2026-06-06 18:04:54"}
{"level":"info","message":"GET /api/attendance/2026/6 304 - - 98.316 ms","timestamp":"2026-06-06 18:04:54"}
{"level":"info","message":"OPTIONS /api/attendance/2026/6 200 0 - 0.199 ms","timestamp":"2026-06-06 18:05:25"}
{"level":"info","message":"GET /api/attendance/2026/6 304 - - 85.535 ms","timestamp":"2026-06-06 18:05:25"}
{"level":"info","message":"OPTIONS /api/attendance/2026/6 200 0 - 0.184 ms","timestamp":"2026-06-06 18:05:55"}
{"level":"info","message":"GET /api/attendance/2026/6 304 - - 101.075 ms","timestamp":"2026-06-06 18:05:55"}
{"level":"info","message":"OPTIONS /api/attendance/2026/6 200 0 - 0.181 ms","timestamp":"2026-06-06 18:06:39"}
{"level":"info","message":"GET /api/attendance/2026/6 200 - - 91.754 ms","timestamp":"2026-06-06 18:06:39"}
{"level":"info","message":"OPTIONS /api/telecaller-reports 200 0 - 0.140 ms","timestamp":"2026-06-06 18:06:47"}
{"level":"info","message":"OPTIONS /api/telecaller-reports/marketing-summary?startDate=2026-05-07&endDate=2026-06-06 200 0 - 0.078 ms","timestamp":"2026-06-06 18:06:47"}
{"level":"info","message":"OPTIONS /api/telecaller-reports 200 0 - 0.049 ms","timestamp":"2026-06-06 18:06:47"}
{"level":"info","message":"OPTIONS /api/telecaller-reports/marketing-summary?startDate=2026-05-07&endDate=2026-06-06 200 0 - 0.086 ms","timestamp":"2026-06-06 18:06:47"}
{"level":"info","message":"GET /api/telecaller-reports 304 - - 41.004 ms","timestamp":"2026-06-06 18:06:47"}
{"level":"info","message":"GET /api/telecaller-reports/marketing-summary?startDate=2026-05-07&endDate=2026-06-06 304 - - 40.559 ms","timestamp":"2026-06-06 18:06:47"}
{"level":"info","message":"GET /api/telecaller-reports 304 - - 39.744 ms","timestamp":"2026-06-06 18:06:47"}
{"level":"info","message":"GET /api/telecaller-reports/marketing-summary?startDate=2026-05-07&endDate=2026-06-06 304 - - 39.124 ms","timestamp":"2026-06-06 18:06:47"}
{"level":"info","message":"OPTIONS /api/attendance/2026/6 200 0 - 0.167 ms","timestamp":"2026-06-06 18:06:54"}
{"level":"info","message":"GET /api/attendance/2026/6 304 - - 96.689 ms","timestamp":"2026-06-06 18:06:54"}
{"level":"info","message":"OPTIONS /api/appointment-status 200 0 - 0.057 ms","timestamp":"2026-06-06 18:06:58"}
{"level":"info","message":"OPTIONS /api/appointment-status 200 0 - 0.051 ms","timestamp":"2026-06-06 18:06:58"}
{"level":"info","message":"GET /api/appointment-status 304 - - 39.334 ms","timestamp":"2026-06-06 18:06:58"}
{"level":"info","message":"GET /api/appointment-status 304 - - 39.274 ms","timestamp":"2026-06-06 18:06:58"}
{"level":"info","message":"OPTIONS /api/attendance/2026/6 200 0 - 0.264 ms","timestamp":"2026-06-06 18:07:25"}
{"level":"info","message":"GET /api/attendance/2026/6 304 - - 86.363 ms","timestamp":"2026-06-06 18:07:25"}
{"level":"info","message":"OPTIONS /api/attendance/2026/6 200 0 - 0.176 ms","timestamp":"2026-06-06 18:07:55"}
{"level":"info","message":"GET /api/attendance/2026/6 304 - - 96.314 ms","timestamp":"2026-06-06 18:07:55"}
{"level":"info","message":"OPTIONS /api/attendance/2026/6 200 0 - 0.078 ms","timestamp":"2026-06-06 18:08:50"}
{"level":"info","message":"GET /api/attendance/2026/6 304 - - 84.425 ms","timestamp":"2026-06-06 18:08:50"}
{"level":"info","message":"OPTIONS /api/attendance/2026/6 200 0 - 0.078 ms","timestamp":"2026-06-06 18:09:08"}
{"level":"info","message":"GET /api/attendance/2026/6 304 - - 80.378 ms","timestamp":"2026-06-06 18:09:08"}
{"level":"info","message":"OPTIONS /api/attendance/2026/6 200 0 - 0.162 ms","timestamp":"2026-06-06 18:09:25"}
{"level":"info","message":"GET /api/attendance/2026/6 304 - - 89.404 ms","timestamp":"2026-06-06 18:09:25"}
{"level":"info","message":"OPTIONS /api/attendance/2026/6 200 0 - 0.052 ms","timestamp":"2026-06-06 18:09:55"}
{"level":"info","message":"GET /api/attendance/2026/6 304 - - 82.547 ms","timestamp":"2026-06-06 18:09:55"}
{"level":"info","message":"OPTIONS /api/attendance/2026/6 200 0 - 0.061 ms","timestamp":"2026-06-06 18:10:25"}
{"level":"info","message":"GET /api/attendance/2026/6 304 - - 86.224 ms","timestamp":"2026-06-06 18:10:25"}
{"level":"info","message":"OPTIONS /api/attendance/2026/6 200 0 - 0.090 ms","timestamp":"2026-06-06 18:10:55"}
{"level":"info","message":"GET /api/attendance/2026/6 304 - - 95.239 ms","timestamp":"2026-06-06 18:10:55"}
{"level":"info","message":"OPTIONS /api/attendance/2026/6 200 0 - 0.128 ms","timestamp":"2026-06-06 18:11:50"}
{"level":"info","message":"GET /api/attendance/2026/6 304 - - 85.111 ms","timestamp":"2026-06-06 18:11:50"}
{"level":"info","message":"OPTIONS /api/attendance/2026/6 200 0 - 0.134 ms","timestamp":"2026-06-06 18:12:50"}
{"level":"info","message":"GET /api/attendance/2026/6 304 - - 83.489 ms","timestamp":"2026-06-06 18:12:50"}
{"level":"info","message":"OPTIONS /api/attendance/2026/6 200 0 - 0.098 ms","timestamp":"2026-06-06 18:13:25"}
{"level":"info","message":"GET /api/attendance/2026/6 304 - - 82.085 ms","timestamp":"2026-06-06 18:13:26"}
{"level":"info","message":"OPTIONS /api/attendance/2026/6 200 0 - 0.205 ms","timestamp":"2026-06-06 18:13:54"}
{"level":"info","message":"GET /api/attendance/2026/6 304 - - 102.340 ms","timestamp":"2026-06-06 18:13:54"}
{"level":"info","message":"OPTIONS /api/attendance/2026/6 200 0 - 0.173 ms","timestamp":"2026-06-06 18:14:24"}
{"level":"info","message":"GET /api/attendance/2026/6 304 - - 113.825 ms","timestamp":"2026-06-06 18:14:24"}
{"level":"info","message":"OPTIONS /api/attendance/2026/6 200 0 - 0.301 ms","timestamp":"2026-06-06 18:14:54"}
{"level":"info","message":"GET /api/attendance/2026/6 304 - - 111.263 ms","timestamp":"2026-06-06 18:14:54"}
{"level":"info","message":"OPTIONS /api/attendance/2026/6 200 0 - 0.175 ms","timestamp":"2026-06-06 18:15:24"}
{"level":"info","message":"GET /api/attendance/2026/6 304 - - 94.984 ms","timestamp":"2026-06-06 18:15:24"}
{"level":"info","message":"OPTIONS /api/attendance/2026/6 200 0 - 0.156 ms","timestamp":"2026-06-06 18:15:54"}
{"level":"info","message":"GET /api/attendance/2026/6 304 - - 90.988 ms","timestamp":"2026-06-06 18:15:54"}
{"level":"info","message":"OPTIONS /api/attendance/2026/6 200 0 - 0.082 ms","timestamp":"2026-06-06 18:16:24"}
{"level":"info","message":"GET /api/attendance/2026/6 304 - - 90.608 ms","timestamp":"2026-06-06 18:16:24"}
{"level":"info","message":"OPTIONS /api/attendance/2026/6 200 0 - 0.051 ms","timestamp":"2026-06-06 18:16:54"}
{"level":"info","message":"GET /api/attendance/2026/6 200 - - 78.873 ms","timestamp":"2026-06-06 18:16:54"}
{"level":"info","message":"OPTIONS /api/attendance/2026/6 200 0 - 0.159 ms","timestamp":"2026-06-06 18:17:24"}
{"level":"info","message":"GET /api/attendance/2026/6 304 - - 89.109 ms","timestamp":"2026-06-06 18:17:24"}
{"level":"info","message":"OPTIONS /api/attendance/2026/6 200 0 - 0.085 ms","timestamp":"2026-06-06 18:17:55"}
{"level":"info","message":"GET /api/attendance/2026/6 304 - - 84.164 ms","timestamp":"2026-06-06 18:17:55"}
{"level":"info","message":"OPTIONS /api/attendance/2026/6 200 0 - 0.117 ms","timestamp":"2026-06-06 18:18:25"}
{"level":"info","message":"GET /api/attendance/2026/6 304 - - 92.072 ms","timestamp":"2026-06-06 18:18:25"}
{"level":"info","message":"OPTIONS /api/attendance/2026/6 200 0 - 0.182 ms","timestamp":"2026-06-06 18:18:55"}
{"level":"info","message":"GET /api/attendance/2026/6 304 - - 88.537 ms","timestamp":"2026-06-06 18:18:55"}
{"level":"info","message":"OPTIONS /api/attendance/2026/6 200 0 - 0.076 ms","timestamp":"2026-06-06 18:19:31"}
{"level":"info","message":"GET /api/attendance/2026/6 304 - - 79.742 ms","timestamp":"2026-06-06 18:19:31"}
{"level":"info","message":"OPTIONS /api/attendance/2026/6 200 0 - 0.178 ms","timestamp":"2026-06-06 18:19:54"}
{"level":"info","message":"GET /api/attendance/2026/6 304 - - 86.592 ms","timestamp":"2026-06-06 18:19:54"}
{"level":"info","message":"OPTIONS /api/attendance/2026/6 200 0 - 0.169 ms","timestamp":"2026-06-06 18:20:25"}
{"level":"info","message":"GET /api/attendance/2026/6 304 - - 87.052 ms","timestamp":"2026-06-06 18:20:25"}
{"level":"info","message":"OPTIONS /api/attendance/2026/6 200 0 - 0.173 ms","timestamp":"2026-06-06 18:21:44"}
{"level":"info","message":"GET /api/attendance/2026/6 304 - - 91.095 ms","timestamp":"2026-06-06 18:21:44"}
{"level":"info","message":"OPTIONS /api/attendance/2026/6 200 0 - 0.103 ms","timestamp":"2026-06-06 18:22:10"}
{"level":"info","message":"GET /api/attendance/2026/6 304 - - 80.931 ms","timestamp":"2026-06-06 18:22:10"}
{"level":"info","message":"OPTIONS /api/attendance/2026/6 200 0 - 0.168 ms","timestamp":"2026-06-06 18:22:25"}
{"level":"info","message":"GET /api/attendance/2026/6 304 - - 85.250 ms","timestamp":"2026-06-06 18:22:25"}
{"level":"info","message":"OPTIONS /api/attendance/2026/6 200 0 - 0.182 ms","timestamp":"2026-06-06 18:22:54"}
{"level":"info","message":"GET /api/attendance/2026/6 304 - - 97.617 ms","timestamp":"2026-06-06 18:22:54"}
{"level":"info","message":"OPTIONS /api/attendance/2026/6 200 0 - 0.072 ms","timestamp":"2026-06-06 18:23:25"}
{"level":"info","message":"GET /api/attendance/2026/6 304 - - 81.401 ms","timestamp":"2026-06-06 18:23:25"}
{"level":"info","message":"OPTIONS /api/attendance/2026/6 200 0 - 0.166 ms","timestamp":"2026-06-06 18:23:55"}
{"level":"info","message":"GET /api/attendance/2026/6 304 - - 104.758 ms","timestamp":"2026-06-06 18:23:55"}
{"level":"info","message":"OPTIONS /api/attendance/2026/6 200 0 - 0.052 ms","timestamp":"2026-06-06 18:24:24"}
{"level":"info","message":"GET /api/attendance/2026/6 304 - - 95.555 ms","timestamp":"2026-06-06 18:24:24"}
{"level":"info","message":"OPTIONS /api/attendance/2026/6 200 0 - 0.166 ms","timestamp":"2026-06-06 18:24:55"}
{"level":"info","message":"GET /api/attendance/2026/6 304 - - 87.124 ms","timestamp":"2026-06-06 18:24:55"}
{"level":"info","message":"OPTIONS /api/attendance/2026/6 200 0 - 0.051 ms","timestamp":"2026-06-06 18:25:24"}
{"level":"info","message":"GET /api/attendance/2026/6 304 - - 80.583 ms","timestamp":"2026-06-06 18:25:24"}
{"level":"info","message":"OPTIONS /api/attendance/2026/6 200 0 - 0.054 ms","timestamp":"2026-06-06 18:25:55"}
{"level":"info","message":"GET /api/attendance/2026/6 200 - - 79.041 ms","timestamp":"2026-06-06 18:25:55"}
{"level":"info","message":"OPTIONS /api/attendance/2026/6 200 0 - 0.159 ms","timestamp":"2026-06-06 18:26:50"}
{"level":"info","message":"GET /api/attendance/2026/6 304 - - 85.443 ms","timestamp":"2026-06-06 18:26:50"}
{"level":"info","message":"OPTIONS /api/attendance/2026/6 200 0 - 0.089 ms","timestamp":"2026-06-06 18:27:04"}
{"level":"info","message":"GET /api/attendance/2026/6 304 - - 83.975 ms","timestamp":"2026-06-06 18:27:05"}
{"level":"info","message":"OPTIONS /api/attendance/2026/6 200 0 - 0.053 ms","timestamp":"2026-06-06 18:27:25"}
{"level":"info","message":"GET /api/attendance/2026/6 304 - - 78.471 ms","timestamp":"2026-06-06 18:27:25"}
{"level":"info","message":"OPTIONS /api/attendance/2026/6 200 0 - 0.376 ms","timestamp":"2026-06-06 18:27:55"}
{"level":"info","message":"GET /api/attendance/2026/6 304 - - 93.459 ms","timestamp":"2026-06-06 18:27:55"}
{"level":"info","message":"OPTIONS /api/attendance/2026/6 200 0 - 0.053 ms","timestamp":"2026-06-06 18:28:25"}
{"level":"info","message":"GET /api/attendance/2026/6 304 - - 117.265 ms","timestamp":"2026-06-06 18:28:25"}
{"level":"info","message":"OPTIONS /api/attendance/2026/6 200 0 - 0.096 ms","timestamp":"2026-06-06 18:29:18"}
{"level":"info","message":"GET /api/attendance/2026/6 304 - - 81.939 ms","timestamp":"2026-06-06 18:29:18"}
{"level":"info","message":"OPTIONS /api/attendance/2026/6 200 0 - 0.109 ms","timestamp":"2026-06-06 18:29:25"}
{"level":"info","message":"GET /api/attendance/2026/6 304 - - 84.700 ms","timestamp":"2026-06-06 18:29:25"}
{"level":"info","message":"OPTIONS /api/attendance/2026/6 200 0 - 0.115 ms","timestamp":"2026-06-06 18:29:55"}
{"level":"info","message":"GET /api/attendance/2026/6 304 - - 86.072 ms","timestamp":"2026-06-06 18:29:55"}
{"level":"info","message":"OPTIONS /api/attendance/2026/6 200 0 - 0.173 ms","timestamp":"2026-06-06 18:30:50"}
{"level":"info","message":"GET /api/attendance/2026/6 304 - - 88.800 ms","timestamp":"2026-06-06 18:30:50"}
