{"level":"info","message":"✅ Redis Clients (Pub/Sub) Connected and Ready","timestamp":"2026-03-27 14:57:30"}
{"level":"info","message":"✅ Redis Clients (Pub/Sub) Connected and Ready","timestamp":"2026-03-27 15:00:01"}
{"level":"info","message":"🚀 Server running on http://localhost:5000","timestamp":"2026-03-27 15:05:19"}
{"level":"info","message":"📡 Socket.IO server ready for connections","timestamp":"2026-03-27 15:05:19"}
{"level":"info","message":"✅ Redis Clients (Pub/Sub) Connected and Ready","timestamp":"2026-03-27 15:05:19"}
{"level":"info","message":"GET /api/products 200 - - 40.950 ms","timestamp":"2026-03-27 15:05:20"}
{"level":"info","message":"GET /api/products 200 - - 2.429 ms","timestamp":"2026-03-27 15:05:37"}
{"level":"info","message":"GET /api/products 200 - - 1.748 ms","timestamp":"2026-03-27 15:05:37"}
{"level":"info","message":"GET /api/products 200 - - 1.580 ms","timestamp":"2026-03-27 15:05:37"}
{"level":"info","message":"GET /api/products 200 - - 2.193 ms","timestamp":"2026-03-27 15:05:38"}
{"level":"info","message":"OPTIONS /api/wishlist 200 0 - 0.410 ms","timestamp":"2026-03-27 15:05:38"}
{"level":"info","message":"OPTIONS /api/wishlist 200 0 - 0.069 ms","timestamp":"2026-03-27 15:05:38"}
{"level":"info","message":"GET /api/wishlist 200 - - 4.124 ms","timestamp":"2026-03-27 15:05:38"}
{"level":"info","message":"GET /api/wishlist 200 - - 1.576 ms","timestamp":"2026-03-27 15:05:38"}
{"level":"info","message":"GET /api/products 200 - - 1.375 ms","timestamp":"2026-03-27 15:05:53"}
{"level":"info","message":"GET /api/products 200 - - 1.998 ms","timestamp":"2026-03-27 15:05:53"}
{"level":"info","message":"GET /api/products 200 - - 1.876 ms","timestamp":"2026-03-27 15:05:53"}
{"level":"info","message":"GET /api/products 200 - - 1.553 ms","timestamp":"2026-03-27 15:05:53"}
{"level":"info","message":"OPTIONS /api/wishlist 200 0 - 0.132 ms","timestamp":"2026-03-27 15:05:53"}
{"level":"info","message":"OPTIONS /api/wishlist 200 0 - 0.100 ms","timestamp":"2026-03-27 15:05:53"}
{"level":"info","message":"GET /api/wishlist 200 - - 3.551 ms","timestamp":"2026-03-27 15:05:53"}
{"level":"info","message":"GET /api/wishlist 200 - - 1.551 ms","timestamp":"2026-03-27 15:05:53"}
{"level":"info","message":"🚀 Server running on http://localhost:5000","timestamp":"2026-03-27 15:07:16"}
{"level":"info","message":"📡 Socket.IO server ready for connections","timestamp":"2026-03-27 15:07:16"}
{"level":"info","message":"✅ Redis Clients (Pub/Sub) Connected and Ready","timestamp":"2026-03-27 15:07:17"}
{"level":"info","message":"✅ Redis Clients (Pub/Sub) Connected and Ready","timestamp":"2026-03-27 15:07:17"}
{"level":"info","message":"✅ Redis Clients (Pub/Sub) Connected and Ready","timestamp":"2026-03-27 15:07:17"}
{"level":"info","message":"GET /api/products 200 - - 11.157 ms","timestamp":"2026-03-27 15:07:56"}
{"level":"info","message":"GET /api/products 200 - - 2.564 ms","timestamp":"2026-03-27 15:07:56"}
{"level":"info","message":"GET /api/products 200 - - 1.854 ms","timestamp":"2026-03-27 15:07:57"}
{"level":"info","message":"GET /api/products 200 - - 2.136 ms","timestamp":"2026-03-27 15:07:57"}
{"level":"info","message":"OPTIONS /api/wishlist 200 0 - 0.481 ms","timestamp":"2026-03-27 15:07:57"}
{"level":"info","message":"OPTIONS /api/wishlist 200 0 - 0.242 ms","timestamp":"2026-03-27 15:07:57"}
{"level":"info","message":"GET /api/wishlist 200 - - 2.732 ms","timestamp":"2026-03-27 15:07:57"}
{"level":"info","message":"GET /api/wishlist 200 - - 3.029 ms","timestamp":"2026-03-27 15:07:57"}
{"level":"info","message":"GET /api/products 200 - - 1.539 ms","timestamp":"2026-03-27 15:08:13"}
{"level":"info","message":"GET /api/products 200 - - 1.910 ms","timestamp":"2026-03-27 15:08:13"}
{"level":"info","message":"GET /api/products 200 - - 1.775 ms","timestamp":"2026-03-27 15:08:13"}
{"level":"info","message":"GET /api/products 200 - - 1.868 ms","timestamp":"2026-03-27 15:08:13"}
{"level":"info","message":"OPTIONS /api/wishlist 200 0 - 0.143 ms","timestamp":"2026-03-27 15:08:13"}
{"level":"info","message":"OPTIONS /api/wishlist 200 0 - 0.162 ms","timestamp":"2026-03-27 15:08:13"}
{"level":"info","message":"GET /api/wishlist 200 - - 2.901 ms","timestamp":"2026-03-27 15:08:13"}
{"level":"info","message":"GET /api/wishlist 200 - - 1.783 ms","timestamp":"2026-03-27 15:08:13"}
{"level":"info","message":"✅ Redis Clients (Pub/Sub) Connected and Ready","timestamp":"2026-03-27 15:11:21"}
{"level":"info","message":"🚀 Server running on http://localhost:5000","timestamp":"2026-03-27 15:11:21"}
{"level":"info","message":"📡 Socket.IO server ready for connections","timestamp":"2026-03-27 15:11:21"}
{"level":"info","message":"✅ Redis Clients (Pub/Sub) Connected and Ready","timestamp":"2026-03-27 15:24:46"}
{"level":"info","message":"✅ Redis Clients (Pub/Sub) Connected and Ready","timestamp":"2026-03-27 15:26:15"}
{"level":"info","message":"✅ Redis Clients (Pub/Sub) Connected and Ready","timestamp":"2026-03-27 15:26:15"}
{"level":"info","message":"🚀 Server running on http://localhost:5000","timestamp":"2026-03-27 15:26:15"}
{"level":"info","message":"📡 Socket.IO server ready for connections","timestamp":"2026-03-27 15:26:15"}
{"level":"info","message":"OPTIONS /api/auth/login 200 0 - 0.736 ms","timestamp":"2026-03-27 15:26:47"}
{"level":"info","message":"POST /api/auth/login 200 806 - 274.508 ms","timestamp":"2026-03-27 15:26:48"}
{"level":"info","message":"OPTIONS /api/messages/unread-count 200 0 - 0.178 ms","timestamp":"2026-03-27 15:26:48"}
{"level":"info","message":"GET /api/messages/unread-count 200 17 - 55.475 ms","timestamp":"2026-03-27 15:26:48"}
{"level":"info","message":"OPTIONS /api/messages/unread-count 200 0 - 0.282 ms","timestamp":"2026-03-27 15:40:11"}
{"level":"info","message":"OPTIONS /api/messages/unread-count 200 0 - 0.144 ms","timestamp":"2026-03-27 15:40:11"}
{"level":"info","message":"GET /api/messages/unread-count 304 - - 58.273 ms","timestamp":"2026-03-27 15:40:11"}
{"level":"info","message":"GET /api/messages/unread-count 304 - - 50.874 ms","timestamp":"2026-03-27 15:40:11"}
{"level":"info","message":"OPTIONS /api/attendance/2026/3 200 0 - 0.141 ms","timestamp":"2026-03-27 15:40:11"}
{"level":"info","message":"OPTIONS /api/appointments/revenue/reports 200 0 - 0.154 ms","timestamp":"2026-03-27 15:40:11"}
{"level":"info","message":"OPTIONS /api/tasks 200 0 - 0.090 ms","timestamp":"2026-03-27 15:40:11"}
{"level":"info","message":"OPTIONS /api/appointments 200 0 - 0.108 ms","timestamp":"2026-03-27 15:40:11"}
{"level":"info","message":"OPTIONS /api/users/all 200 0 - 0.125 ms","timestamp":"2026-03-27 15:40:11"}
{"level":"info","message":"OPTIONS /api/appointments/stats?month=3&year=2026 200 0 - 0.158 ms","timestamp":"2026-03-27 15:40:11"}
{"level":"info","message":"OPTIONS /api/attendance/range?start=2026-02-28T18:30:00.000Z&end=2026-03-31T18:29:59.999Z 200 0 - 0.102 ms","timestamp":"2026-03-27 15:40:11"}
{"level":"info","message":"OPTIONS /api/admin-status 200 0 - 0.095 ms","timestamp":"2026-03-27 15:40:11"}
{"level":"info","message":"OPTIONS /api/attendance/range?start=2026-02-28T18:30:00.000Z&end=2026-03-31T18:29:59.999Z 200 0 - 0.073 ms","timestamp":"2026-03-27 15:40:11"}
{"level":"info","message":"OPTIONS /api/admin-status 200 0 - 0.102 ms","timestamp":"2026-03-27 15:40:11"}
{"level":"info","message":"OPTIONS /api/users 200 0 - 0.060 ms","timestamp":"2026-03-27 15:40:11"}
{"level":"info","message":"OPTIONS /api/appointments/stats?month=2&year=2026 200 0 - 0.058 ms","timestamp":"2026-03-27 15:40:11"}
{"level":"info","message":"OPTIONS /api/appointments/revenue 200 0 - 0.043 ms","timestamp":"2026-03-27 15:40:11"}
{"level":"info","message":"OPTIONS /api/appointments/stats?month=3&year=2026 200 0 - 0.038 ms","timestamp":"2026-03-27 15:40:11"}
{"level":"info","message":"OPTIONS /api/appointments/stats?month=2&year=2026 200 0 - 0.068 ms","timestamp":"2026-03-27 15:40:11"}
{"level":"info","message":"OPTIONS /api/appointments/revenue 200 0 - 0.046 ms","timestamp":"2026-03-27 15:40:11"}
{"level":"info","message":"OPTIONS /api/users 200 0 - 0.079 ms","timestamp":"2026-03-27 15:40:11"}
{"level":"info","message":"GET /api/appointments/revenue/reports 200 - - 52.147 ms","timestamp":"2026-03-27 15:40:11"}
{"level":"info","message":"GET /api/appointments/stats?month=3&year=2026 200 12 - 61.232 ms","timestamp":"2026-03-27 15:40:11"}
{"level":"info","message":"GET /api/admin-status 200 49 - 116.018 ms","timestamp":"2026-03-27 15:40:11"}
{"level":"info","message":"GET /api/users/all 200 - - 124.184 ms","timestamp":"2026-03-27 15:40:11"}
{"level":"info","message":"GET /api/attendance/2026/3 200 - - 223.588 ms","timestamp":"2026-03-27 15:40:11"}
{"level":"info","message":"GET /api/appointments 200 - - 225.585 ms","timestamp":"2026-03-27 15:40:11"}
{"level":"info","message":"GET /api/appointments/stats?month=2&year=2026 200 12 - 44.776 ms","timestamp":"2026-03-27 15:40:11"}
{"level":"info","message":"GET /api/appointments/revenue/reports 304 - - 48.795 ms","timestamp":"2026-03-27 15:40:11"}
{"level":"info","message":"GET /api/appointments/revenue 200 46 - 71.475 ms","timestamp":"2026-03-27 15:40:11"}
{"level":"info","message":"GET /api/tasks 200 - - 296.518 ms","timestamp":"2026-03-27 15:40:11"}
{"level":"info","message":"GET /api/appointments/stats?month=3&year=2026 304 - - 46.256 ms","timestamp":"2026-03-27 15:40:11"}
{"level":"info","message":"GET /api/users 200 - - 111.465 ms","timestamp":"2026-03-27 15:40:11"}
{"level":"info","message":"GET /api/admin-status 304 - - 105.227 ms","timestamp":"2026-03-27 15:40:11"}
{"level":"info","message":"GET /api/appointments/stats?month=2&year=2026 304 - - 116.355 ms","timestamp":"2026-03-27 15:40:12"}
{"level":"info","message":"GET /api/attendance/range?start=2026-02-28T18:30:00.000Z&end=2026-03-31T18:29:59.999Z 200 - - 374.404 ms","timestamp":"2026-03-27 15:40:12"}
{"level":"info","message":"GET /api/users/all 304 - - 202.278 ms","timestamp":"2026-03-27 15:40:12"}
{"level":"info","message":"GET /api/appointments 304 - - 224.304 ms","timestamp":"2026-03-27 15:40:12"}
{"level":"info","message":"GET /api/attendance/2026/3 304 - - 238.770 ms","timestamp":"2026-03-27 15:40:12"}
{"level":"info","message":"GET /api/appointments/revenue 304 - - 123.262 ms","timestamp":"2026-03-27 15:40:12"}
{"level":"info","message":"GET /api/tasks 304 - - 132.750 ms","timestamp":"2026-03-27 15:40:12"}
{"level":"info","message":"GET /api/users 304 - - 141.545 ms","timestamp":"2026-03-27 15:40:12"}
{"level":"info","message":"GET /api/attendance/range?start=2026-02-28T18:30:00.000Z&end=2026-03-31T18:29:59.999Z 304 - - 128.036 ms","timestamp":"2026-03-27 15:40:12"}
{"level":"info","message":"GET /api/tasks 304 - - 79.549 ms","timestamp":"2026-03-27 15:40:12"}
{"level":"info","message":"GET /api/tasks 304 - - 80.230 ms","timestamp":"2026-03-27 15:40:12"}
{"level":"info","message":"GET /api/tasks 304 - - 66.960 ms","timestamp":"2026-03-27 15:40:15"}
{"level":"info","message":"GET /api/users 304 - - 130.175 ms","timestamp":"2026-03-27 15:40:15"}
{"level":"info","message":"GET /api/tasks 304 - - 71.499 ms","timestamp":"2026-03-27 15:40:15"}
{"level":"info","message":"GET /api/users 304 - - 87.854 ms","timestamp":"2026-03-27 15:40:16"}
{"level":"info","message":"OPTIONS /api/appointments/search?phone=9843240703 200 0 - 0.162 ms","timestamp":"2026-03-27 15:40:28"}
{"level":"info","message":"GET /api/appointments/search?phone=9843240703 200 659 - 55.402 ms","timestamp":"2026-03-27 15:40:28"}
{"level":"info","message":"OPTIONS /api/calls 200 0 - 0.063 ms","timestamp":"2026-03-27 15:40:29"}
{"level":"info","message":"POST /api/calls 201 254 - 59.964 ms","timestamp":"2026-03-27 15:40:29"}
{"level":"info","message":"OPTIONS /api/attendance/2026/3 200 0 - 0.125 ms","timestamp":"2026-03-27 15:40:41"}
{"level":"info","message":"GET /api/attendance/2026/3 304 - - 138.879 ms","timestamp":"2026-03-27 15:40:41"}
{"level":"info","message":"OPTIONS /api/calls/69c65795b9a0a5d6171f68b6 200 0 - 0.145 ms","timestamp":"2026-03-27 15:40:50"}
{"level":"info","message":"PATCH /api/calls/69c65795b9a0a5d6171f68b6 200 256 - 57.024 ms","timestamp":"2026-03-27 15:40:50"}
{"level":"info","message":"OPTIONS /api/calls/69c65795b9a0a5d6171f68b6 200 0 - 0.064 ms","timestamp":"2026-03-27 15:41:03"}
{"level":"info","message":"PATCH /api/calls/69c65795b9a0a5d6171f68b6 200 331 - 63.220 ms","timestamp":"2026-03-27 15:41:03"}
{"level":"info","message":"OPTIONS /api/attendance/2026/3 200 0 - 0.161 ms","timestamp":"2026-03-27 15:41:11"}
{"level":"info","message":"GET /api/attendance/2026/3 304 - - 150.503 ms","timestamp":"2026-03-27 15:41:11"}
{"level":"info","message":"OPTIONS /api/attendance/2026/3 200 0 - 0.169 ms","timestamp":"2026-03-27 15:41:41"}
{"level":"info","message":"GET /api/attendance/2026/3 304 - - 184.304 ms","timestamp":"2026-03-27 15:41:41"}
{"level":"info","message":"OPTIONS /api/attendance/2026/3 200 0 - 0.436 ms","timestamp":"2026-03-27 15:42:11"}
{"level":"info","message":"GET /api/attendance/2026/3 304 - - 166.859 ms","timestamp":"2026-03-27 15:42:11"}
{"level":"info","message":"OPTIONS /api/attendance/2026/3 200 0 - 0.186 ms","timestamp":"2026-03-27 15:42:41"}
{"level":"info","message":"GET /api/attendance/2026/3 304 - - 149.657 ms","timestamp":"2026-03-27 15:42:41"}
{"level":"info","message":"OPTIONS /api/attendance/2026/3 200 0 - 0.071 ms","timestamp":"2026-03-27 15:43:11"}
{"level":"info","message":"GET /api/attendance/2026/3 304 - - 137.273 ms","timestamp":"2026-03-27 15:43:11"}
{"level":"info","message":"OPTIONS /api/attendance/2026/3 200 0 - 0.111 ms","timestamp":"2026-03-27 15:43:41"}
{"level":"info","message":"GET /api/attendance/2026/3 304 - - 134.262 ms","timestamp":"2026-03-27 15:43:41"}
{"level":"info","message":"OPTIONS /api/attendance/2026/3 200 0 - 0.371 ms","timestamp":"2026-03-27 15:44:11"}
{"level":"info","message":"GET /api/attendance/2026/3 304 - - 136.528 ms","timestamp":"2026-03-27 15:44:11"}
{"level":"info","message":"OPTIONS /api/attendance/2026/3 200 0 - 0.105 ms","timestamp":"2026-03-27 15:44:41"}
{"level":"info","message":"GET /api/attendance/2026/3 304 - - 135.386 ms","timestamp":"2026-03-27 15:44:41"}
{"level":"info","message":"OPTIONS /api/attendance/2026/3 200 0 - 0.074 ms","timestamp":"2026-03-27 15:45:11"}
{"level":"info","message":"GET /api/attendance/2026/3 304 - - 173.811 ms","timestamp":"2026-03-27 15:45:11"}
{"level":"info","message":"OPTIONS /api/attendance/2026/3 200 0 - 0.087 ms","timestamp":"2026-03-27 15:45:41"}
{"level":"info","message":"GET /api/attendance/2026/3 304 - - 127.962 ms","timestamp":"2026-03-27 15:45:41"}
{"level":"info","message":"OPTIONS /api/attendance/2026/3 200 0 - 0.056 ms","timestamp":"2026-03-27 15:46:11"}
{"level":"info","message":"GET /api/attendance/2026/3 304 - - 177.502 ms","timestamp":"2026-03-27 15:46:11"}
{"level":"info","message":"OPTIONS /api/attendance/2026/3 200 0 - 0.119 ms","timestamp":"2026-03-27 15:46:41"}
{"level":"info","message":"GET /api/attendance/2026/3 304 - - 122.653 ms","timestamp":"2026-03-27 15:46:41"}
{"level":"info","message":"OPTIONS /api/attendance/2026/3 200 0 - 0.242 ms","timestamp":"2026-03-27 15:47:11"}
{"level":"info","message":"GET /api/attendance/2026/3 304 - - 137.498 ms","timestamp":"2026-03-27 15:47:11"}
{"level":"info","message":"OPTIONS /api/attendance/2026/3 200 0 - 0.223 ms","timestamp":"2026-03-27 15:47:41"}
{"level":"info","message":"GET /api/attendance/2026/3 304 - - 165.309 ms","timestamp":"2026-03-27 15:47:41"}
{"level":"info","message":"OPTIONS /api/attendance/2026/3 200 0 - 0.183 ms","timestamp":"2026-03-27 15:48:11"}
{"level":"info","message":"GET /api/attendance/2026/3 304 - - 137.056 ms","timestamp":"2026-03-27 15:48:11"}
{"level":"info","message":"✅ Redis Clients (Pub/Sub) Connected and Ready","timestamp":"2026-03-27 15:48:21"}
{"level":"info","message":"✅ Redis Clients (Pub/Sub) Connected and Ready","timestamp":"2026-03-27 15:48:21"}
{"level":"info","message":"🚀 Server running on http://localhost:5000","timestamp":"2026-03-27 15:48:21"}
{"level":"info","message":"📡 Socket.IO server ready for connections","timestamp":"2026-03-27 15:48:21"}
{"level":"info","message":"OPTIONS /api/attendance/2026/3 200 0 - 1.121 ms","timestamp":"2026-03-27 15:48:41"}
{"level":"info","message":"GET /api/attendance/2026/3 304 - - 199.040 ms","timestamp":"2026-03-27 15:48:41"}
{"level":"info","message":"OPTIONS /api/attendance/2026/3 200 0 - 0.386 ms","timestamp":"2026-03-27 15:49:11"}
{"level":"info","message":"GET /api/attendance/2026/3 304 - - 145.258 ms","timestamp":"2026-03-27 15:49:11"}
{"level":"info","message":"OPTIONS /api/attendance/2026/3 200 0 - 0.171 ms","timestamp":"2026-03-27 15:49:41"}
{"level":"info","message":"GET /api/attendance/2026/3 304 - - 126.510 ms","timestamp":"2026-03-27 15:49:41"}
{"level":"info","message":"OPTIONS /api/attendance/2026/3 200 0 - 0.119 ms","timestamp":"2026-03-27 15:50:11"}
{"level":"info","message":"GET /api/attendance/2026/3 304 - - 114.361 ms","timestamp":"2026-03-27 15:50:11"}
{"level":"info","message":"OPTIONS /api/attendance/2026/3 200 0 - 0.315 ms","timestamp":"2026-03-27 15:50:41"}
{"level":"info","message":"GET /api/attendance/2026/3 304 - - 129.644 ms","timestamp":"2026-03-27 15:50:41"}
{"level":"info","message":"OPTIONS /api/attendance/2026/3 200 0 - 0.415 ms","timestamp":"2026-03-27 15:51:11"}
{"level":"info","message":"GET /api/attendance/2026/3 304 - - 128.097 ms","timestamp":"2026-03-27 15:51:11"}
{"level":"info","message":"OPTIONS /api/attendance/2026/3 200 0 - 0.301 ms","timestamp":"2026-03-27 15:51:41"}
{"level":"info","message":"GET /api/attendance/2026/3 200 - - 141.964 ms","timestamp":"2026-03-27 15:51:41"}
{"level":"info","message":"OPTIONS /api/attendance/2026/3 200 0 - 0.250 ms","timestamp":"2026-03-27 15:52:11"}
{"level":"info","message":"GET /api/attendance/2026/3 304 - - 145.294 ms","timestamp":"2026-03-27 15:52:11"}
{"level":"info","message":"OPTIONS /api/attendance/2026/3 200 0 - 0.380 ms","timestamp":"2026-03-27 15:52:41"}
{"level":"info","message":"GET /api/attendance/2026/3 304 - - 131.922 ms","timestamp":"2026-03-27 15:52:41"}
{"level":"info","message":"OPTIONS /api/messages/unread-count 200 0 - 0.164 ms","timestamp":"2026-03-27 15:53:11"}
{"level":"info","message":"OPTIONS /api/messages/unread-count 200 0 - 0.134 ms","timestamp":"2026-03-27 15:53:11"}
{"level":"info","message":"GET /api/messages/unread-count 304 - - 68.965 ms","timestamp":"2026-03-27 15:53:11"}
{"level":"info","message":"GET /api/messages/unread-count 304 - - 95.293 ms","timestamp":"2026-03-27 15:53:11"}
{"level":"info","message":"OPTIONS /api/attendance/2026/3 200 0 - 0.138 ms","timestamp":"2026-03-27 15:53:11"}
{"level":"info","message":"OPTIONS /api/users 200 0 - 0.071 ms","timestamp":"2026-03-27 15:53:11"}
{"level":"info","message":"OPTIONS /api/tasks 200 0 - 0.069 ms","timestamp":"2026-03-27 15:53:11"}
{"level":"info","message":"OPTIONS /api/attendance/2026/3 200 0 - 0.073 ms","timestamp":"2026-03-27 15:53:11"}
{"level":"info","message":"GET /api/tasks 200 2 - 44.970 ms","timestamp":"2026-03-27 15:53:11"}
{"level":"info","message":"GET /api/tasks 304 - - 58.786 ms","timestamp":"2026-03-27 15:53:11"}
{"level":"info","message":"GET /api/users 200 - - 121.575 ms","timestamp":"2026-03-27 15:53:11"}
{"level":"info","message":"GET /api/attendance/2026/3 200 - - 136.190 ms","timestamp":"2026-03-27 15:53:11"}
{"level":"info","message":"GET /api/users 304 - - 97.271 ms","timestamp":"2026-03-27 15:53:11"}
{"level":"info","message":"GET /api/attendance/2026/3 304 - - 111.703 ms","timestamp":"2026-03-27 15:53:11"}
{"level":"info","message":"OPTIONS /api/auth/logout 200 0 - 0.089 ms","timestamp":"2026-03-27 15:53:13"}
{"level":"info","message":"POST /api/auth/logout 200 31 - 1.121 ms","timestamp":"2026-03-27 15:53:13"}
{"level":"info","message":"OPTIONS /api/users/logout 200 0 - 0.070 ms","timestamp":"2026-03-27 15:53:13"}
{"level":"info","message":"POST /api/users/logout 200 33 - 192.085 ms","timestamp":"2026-03-27 15:53:13"}
{"level":"info","message":"OPTIONS /api/auth/login 200 0 - 0.132 ms","timestamp":"2026-03-27 15:54:01"}
{"level":"info","message":"POST /api/auth/login 200 817 - 319.253 ms","timestamp":"2026-03-27 15:54:01"}
{"level":"info","message":"OPTIONS /api/messages/unread-count 200 0 - 0.110 ms","timestamp":"2026-03-27 15:54:02"}
{"level":"info","message":"GET /api/messages/unread-count 304 - - 61.188 ms","timestamp":"2026-03-27 15:54:02"}
{"level":"info","message":"OPTIONS /api/attendance/2026/3 200 0 - 0.092 ms","timestamp":"2026-03-27 15:54:02"}
{"level":"info","message":"OPTIONS /api/users 200 0 - 0.080 ms","timestamp":"2026-03-27 15:54:02"}
{"level":"info","message":"OPTIONS /api/calls/daily-stats 200 0 - 0.090 ms","timestamp":"2026-03-27 15:54:02"}
{"level":"info","message":"OPTIONS /api/calls/daily-stats 200 0 - 0.072 ms","timestamp":"2026-03-27 15:54:02"}
{"level":"info","message":"GET /api/calls/daily-stats 200 185 - 53.585 ms","timestamp":"2026-03-27 15:54:02"}
{"level":"info","message":"GET /api/calls/daily-stats 304 - - 47.855 ms","timestamp":"2026-03-27 15:54:02"}
{"level":"info","message":"GET /api/attendance/2026/3 200 - - 135.494 ms","timestamp":"2026-03-27 15:54:02"}
{"level":"info","message":"GET /api/users 200 - - 144.055 ms","timestamp":"2026-03-27 15:54:02"}
{"level":"info","message":"GET /api/attendance/2026/3 304 - - 153.042 ms","timestamp":"2026-03-27 15:54:02"}
{"level":"info","message":"GET /api/calls/daily-stats 304 - - 89.398 ms","timestamp":"2026-03-27 15:54:02"}
{"level":"info","message":"OPTIONS /api/attendance/2026/3 200 0 - 0.334 ms","timestamp":"2026-03-27 15:54:32"}
{"level":"info","message":"GET /api/attendance/2026/3 304 - - 140.299 ms","timestamp":"2026-03-27 15:54:32"}
{"level":"info","message":"OPTIONS /api/attendance/2026/3 200 0 - 0.054 ms","timestamp":"2026-03-27 15:55:02"}
{"level":"info","message":"GET /api/attendance/2026/3 304 - - 111.837 ms","timestamp":"2026-03-27 15:55:02"}
{"level":"info","message":"OPTIONS /api/messages/unread-count 200 0 - 0.091 ms","timestamp":"2026-03-27 15:55:08"}
{"level":"info","message":"OPTIONS /api/messages/unread-count 200 0 - 0.090 ms","timestamp":"2026-03-27 15:55:08"}
{"level":"info","message":"GET /api/messages/unread-count 304 - - 46.080 ms","timestamp":"2026-03-27 15:55:08"}
{"level":"info","message":"GET /api/messages/unread-count 304 - - 47.424 ms","timestamp":"2026-03-27 15:55:08"}
{"level":"info","message":"OPTIONS /api/attendance/2026/3 200 0 - 0.093 ms","timestamp":"2026-03-27 15:55:08"}
{"level":"info","message":"OPTIONS /api/users 200 0 - 0.073 ms","timestamp":"2026-03-27 15:55:08"}
{"level":"info","message":"OPTIONS /api/calls/daily-stats 200 0 - 0.038 ms","timestamp":"2026-03-27 15:55:08"}
{"level":"info","message":"OPTIONS /api/calls/daily-stats 200 0 - 0.053 ms","timestamp":"2026-03-27 15:55:08"}
{"level":"info","message":"GET /api/calls/daily-stats 304 - - 45.797 ms","timestamp":"2026-03-27 15:55:08"}
{"level":"info","message":"GET /api/calls/daily-stats 304 - - 49.902 ms","timestamp":"2026-03-27 15:55:09"}
{"level":"info","message":"GET /api/users 200 - - 111.978 ms","timestamp":"2026-03-27 15:55:09"}
{"level":"info","message":"GET /api/attendance/2026/3 200 - - 118.819 ms","timestamp":"2026-03-27 15:55:09"}
{"level":"info","message":"GET /api/calls/daily-stats 304 - - 42.372 ms","timestamp":"2026-03-27 15:55:09"}
{"level":"info","message":"GET /api/attendance/2026/3 304 - - 104.824 ms","timestamp":"2026-03-27 15:55:09"}
{"level":"info","message":"OPTIONS /api/telecaller-leads/upload 200 0 - 0.197 ms","timestamp":"2026-03-27 15:55:34"}
{"level":"info","message":"POST /api/telecaller-leads/upload 403 60 - 23.398 ms","timestamp":"2026-03-27 15:55:34"}
{"level":"info","message":"OPTIONS /api/attendance/2026/3 200 0 - 0.118 ms","timestamp":"2026-03-27 15:55:38"}
{"level":"info","message":"GET /api/attendance/2026/3 304 - - 163.110 ms","timestamp":"2026-03-27 15:55:39"}
{"level":"info","message":"OPTIONS /api/attendance/2026/3 200 0 - 0.206 ms","timestamp":"2026-03-27 15:56:08"}
{"level":"info","message":"GET /api/attendance/2026/3 304 - - 130.400 ms","timestamp":"2026-03-27 15:56:09"}
{"level":"info","message":"OPTIONS /api/attendance/2026/3 200 0 - 0.085 ms","timestamp":"2026-03-27 15:56:39"}
{"level":"info","message":"GET /api/attendance/2026/3 304 - - 119.526 ms","timestamp":"2026-03-27 15:56:39"}
{"level":"info","message":"OPTIONS /api/auth/logout 200 0 - 0.067 ms","timestamp":"2026-03-27 15:56:53"}
{"level":"info","message":"POST /api/auth/logout 200 31 - 0.507 ms","timestamp":"2026-03-27 15:56:53"}
{"level":"info","message":"OPTIONS /api/users/logout 200 0 - 0.067 ms","timestamp":"2026-03-27 15:56:53"}
{"level":"info","message":"POST /api/users/logout 200 33 - 141.640 ms","timestamp":"2026-03-27 15:56:53"}
{"level":"info","message":"OPTIONS /api/auth/login 200 0 - 0.094 ms","timestamp":"2026-03-27 15:57:00"}
{"level":"info","message":"POST /api/auth/login 200 750 - 206.666 ms","timestamp":"2026-03-27 15:57:00"}
{"level":"info","message":"OPTIONS /api/messages/unread-count 200 0 - 0.116 ms","timestamp":"2026-03-27 15:57:00"}
{"level":"info","message":"GET /api/messages/unread-count 200 17 - 45.879 ms","timestamp":"2026-03-27 15:57:00"}
{"level":"info","message":"OPTIONS /api/attendance/2026/3 200 0 - 0.094 ms","timestamp":"2026-03-27 15:57:00"}
{"level":"info","message":"OPTIONS /api/appointments/revenue/reports 200 0 - 0.077 ms","timestamp":"2026-03-27 15:57:00"}
{"level":"info","message":"OPTIONS /api/appointments/all 200 0 - 0.073 ms","timestamp":"2026-03-27 15:57:00"}
{"level":"info","message":"OPTIONS /api/tasks 200 0 - 0.086 ms","timestamp":"2026-03-27 15:57:00"}
{"level":"info","message":"OPTIONS /api/users/all 200 0 - 0.072 ms","timestamp":"2026-03-27 15:57:00"}
{"level":"info","message":"OPTIONS /api/attendance/range?start=2026-02-28T18:30:00.000Z&end=2026-03-31T18:29:59.999Z 200 0 - 0.107 ms","timestamp":"2026-03-27 15:57:00"}
{"level":"info","message":"OPTIONS /api/admin-status 200 0 - 0.100 ms","timestamp":"2026-03-27 15:57:00"}
{"level":"info","message":"OPTIONS /api/appointments/stats?month=3&year=2026 200 0 - 0.111 ms","timestamp":"2026-03-27 15:57:00"}
{"level":"info","message":"OPTIONS /api/admin-status 200 0 - 0.043 ms","timestamp":"2026-03-27 15:57:00"}
{"level":"info","message":"OPTIONS /api/appointments/stats?month=3&year=2026 200 0 - 0.061 ms","timestamp":"2026-03-27 15:57:00"}
{"level":"info","message":"OPTIONS /api/appointments/stats?month=2&year=2026 200 0 - 0.055 ms","timestamp":"2026-03-27 15:57:00"}
{"level":"info","message":"OPTIONS /api/appointments/revenue 200 0 - 0.072 ms","timestamp":"2026-03-27 15:57:00"}
{"level":"info","message":"OPTIONS /api/users 200 0 - 0.051 ms","timestamp":"2026-03-27 15:57:00"}
{"level":"info","message":"OPTIONS /api/appointments/stats?month=2&year=2026 200 0 - 0.069 ms","timestamp":"2026-03-27 15:57:00"}
{"level":"info","message":"OPTIONS /api/appointments/revenue 200 0 - 0.083 ms","timestamp":"2026-03-27 15:57:00"}
{"level":"info","message":"OPTIONS /api/users 200 0 - 0.048 ms","timestamp":"2026-03-27 15:57:00"}
{"level":"info","message":"GET /api/appointments/revenue/reports 304 - - 45.884 ms","timestamp":"2026-03-27 15:57:00"}
{"level":"info","message":"GET /api/attendance/2026/3 200 - - 164.100 ms","timestamp":"2026-03-27 15:57:00"}
{"level":"info","message":"GET /api/users/all 200 - - 131.870 ms","timestamp":"2026-03-27 15:57:00"}
{"level":"info","message":"GET /api/appointments/all 200 - - 177.572 ms","timestamp":"2026-03-27 15:57:00"}
{"level":"info","message":"GET /api/attendance/range?start=2026-02-28T18:30:00.000Z&end=2026-03-31T18:29:59.999Z 200 - - 199.927 ms","timestamp":"2026-03-27 15:57:00"}
{"level":"info","message":"GET /api/appointments/stats?month=3&year=2026 304 - - 58.585 ms","timestamp":"2026-03-27 15:57:00"}
{"level":"info","message":"GET /api/appointments/stats?month=2&year=2026 304 - - 55.311 ms","timestamp":"2026-03-27 15:57:00"}
{"level":"info","message":"GET /api/appointments/revenue 304 - - 82.223 ms","timestamp":"2026-03-27 15:57:00"}
{"level":"info","message":"GET /api/appointments/revenue/reports 304 - - 55.775 ms","timestamp":"2026-03-27 15:57:00"}
{"level":"info","message":"GET /api/users 200 - - 87.448 ms","timestamp":"2026-03-27 15:57:00"}
{"level":"info","message":"GET /api/tasks 200 - - 311.351 ms","timestamp":"2026-03-27 15:57:00"}
{"level":"info","message":"GET /api/admin-status 200 48 - 277.131 ms","timestamp":"2026-03-27 15:57:00"}
{"level":"info","message":"GET /api/users/all 304 - - 94.919 ms","timestamp":"2026-03-27 15:57:01"}
{"level":"info","message":"GET /api/appointments/stats?month=3&year=2026 304 - - 49.474 ms","timestamp":"2026-03-27 15:57:01"}
{"level":"info","message":"GET /api/appointments/stats?month=2&year=2026 304 - - 68.292 ms","timestamp":"2026-03-27 15:57:01"}
{"level":"info","message":"GET /api/attendance/2026/3 304 - - 114.643 ms","timestamp":"2026-03-27 15:57:01"}
{"level":"info","message":"GET /api/appointments/all 304 - - 150.645 ms","timestamp":"2026-03-27 15:57:01"}
{"level":"info","message":"GET /api/appointments/revenue 304 - - 115.081 ms","timestamp":"2026-03-27 15:57:01"}
{"level":"info","message":"GET /api/users 304 - - 123.852 ms","timestamp":"2026-03-27 15:57:01"}
{"level":"info","message":"GET /api/tasks 304 - - 104.793 ms","timestamp":"2026-03-27 15:57:01"}
{"level":"info","message":"GET /api/admin-status 304 - - 68.007 ms","timestamp":"2026-03-27 15:57:01"}
{"level":"info","message":"GET /api/attendance/range?start=2026-02-28T18:30:00.000Z&end=2026-03-31T18:29:59.999Z 304 - - 199.355 ms","timestamp":"2026-03-27 15:57:01"}
{"level":"info","message":"GET /api/tasks 304 - - 84.582 ms","timestamp":"2026-03-27 15:57:01"}
{"level":"info","message":"GET /api/tasks 304 - - 72.800 ms","timestamp":"2026-03-27 15:57:01"}
{"level":"info","message":"OPTIONS /api/appointments/stats?month=3&year=2026 200 0 - 0.101 ms","timestamp":"2026-03-27 15:57:10"}
{"level":"info","message":"OPTIONS /api/appointments/stats?month=2&year=2026 200 0 - 0.087 ms","timestamp":"2026-03-27 15:57:10"}
{"level":"info","message":"OPTIONS /api/appointments/revenue 200 0 - 0.070 ms","timestamp":"2026-03-27 15:57:10"}
{"level":"info","message":"OPTIONS /api/users 200 0 - 0.051 ms","timestamp":"2026-03-27 15:57:10"}
{"level":"info","message":"GET /api/appointments/stats?month=2&year=2026 304 - - 49.824 ms","timestamp":"2026-03-27 15:57:10"}
{"level":"info","message":"GET /api/appointments/stats?month=3&year=2026 304 - - 55.265 ms","timestamp":"2026-03-27 15:57:10"}
{"level":"info","message":"GET /api/appointments/revenue 304 - - 86.464 ms","timestamp":"2026-03-27 15:57:10"}
{"level":"info","message":"GET /api/users 304 - - 137.186 ms","timestamp":"2026-03-27 15:57:10"}
{"level":"info","message":"OPTIONS /api/telecaller-leads/upload 200 0 - 0.126 ms","timestamp":"2026-03-27 15:57:16"}
{"level":"info","message":"POST /api/telecaller-leads/upload 201 68 - 59.905 ms","timestamp":"2026-03-27 15:57:16"}
{"level":"info","message":"OPTIONS /api/appointments/stats?month=3&year=2026 200 0 - 0.051 ms","timestamp":"2026-03-27 15:57:20"}
{"level":"info","message":"OPTIONS /api/appointments/stats?month=2&year=2026 200 0 - 0.062 ms","timestamp":"2026-03-27 15:57:20"}
{"level":"info","message":"OPTIONS /api/appointments/revenue 200 0 - 0.062 ms","timestamp":"2026-03-27 15:57:20"}
{"level":"info","message":"OPTIONS /api/users 200 0 - 0.055 ms","timestamp":"2026-03-27 15:57:20"}
{"level":"info","message":"GET /api/appointments/stats?month=3&year=2026 304 - - 51.385 ms","timestamp":"2026-03-27 15:57:20"}
{"level":"info","message":"GET /api/appointments/stats?month=2&year=2026 304 - - 50.433 ms","timestamp":"2026-03-27 15:57:20"}
{"level":"info","message":"GET /api/appointments/revenue 304 - - 102.001 ms","timestamp":"2026-03-27 15:57:20"}
{"level":"info","message":"GET /api/users 200 - - 167.947 ms","timestamp":"2026-03-27 15:57:20"}
{"level":"info","message":"OPTIONS /api/attendance/2026/3 200 0 - 0.410 ms","timestamp":"2026-03-27 15:57:30"}
{"level":"info","message":"OPTIONS /api/users/all 200 0 - 0.222 ms","timestamp":"2026-03-27 15:57:30"}
{"level":"info","message":"OPTIONS /api/attendance/range?start=2026-02-28T18:30:00.000Z&end=2026-03-31T18:29:59.999Z 200 0 - 0.088 ms","timestamp":"2026-03-27 15:57:30"}
{"level":"info","message":"GET /api/attendance/2026/3 304 - - 122.016 ms","timestamp":"2026-03-27 15:57:30"}
{"level":"info","message":"GET /api/attendance/range?start=2026-02-28T18:30:00.000Z&end=2026-03-31T18:29:59.999Z 304 - - 143.743 ms","timestamp":"2026-03-27 15:57:30"}
{"level":"info","message":"GET /api/users/all 200 - - 139.551 ms","timestamp":"2026-03-27 15:57:30"}
{"level":"info","message":"OPTIONS /api/appointments/stats?month=3&year=2026 200 0 - 0.138 ms","timestamp":"2026-03-27 15:57:30"}
{"level":"info","message":"OPTIONS /api/appointments/stats?month=2&year=2026 200 0 - 0.058 ms","timestamp":"2026-03-27 15:57:30"}
{"level":"info","message":"OPTIONS /api/appointments/revenue 200 0 - 0.072 ms","timestamp":"2026-03-27 15:57:30"}
{"level":"info","message":"OPTIONS /api/users 200 0 - 0.202 ms","timestamp":"2026-03-27 15:57:30"}
{"level":"info","message":"GET /api/appointments/stats?month=3&year=2026 304 - - 43.932 ms","timestamp":"2026-03-27 15:57:30"}
{"level":"info","message":"GET /api/appointments/stats?month=2&year=2026 304 - - 53.293 ms","timestamp":"2026-03-27 15:57:30"}
{"level":"info","message":"GET /api/appointments/revenue 304 - - 74.749 ms","timestamp":"2026-03-27 15:57:30"}
{"level":"info","message":"GET /api/users 200 - - 114.728 ms","timestamp":"2026-03-27 15:57:30"}
{"level":"info","message":"OPTIONS /api/appointments/stats?month=3&year=2026 200 0 - 0.086 ms","timestamp":"2026-03-27 15:57:40"}
{"level":"info","message":"OPTIONS /api/appointments/stats?month=2&year=2026 200 0 - 0.123 ms","timestamp":"2026-03-27 15:57:40"}
{"level":"info","message":"OPTIONS /api/appointments/revenue 200 0 - 0.075 ms","timestamp":"2026-03-27 15:57:40"}
{"level":"info","message":"OPTIONS /api/users 200 0 - 0.069 ms","timestamp":"2026-03-27 15:57:40"}
{"level":"info","message":"GET /api/appointments/stats?month=3&year=2026 304 - - 41.031 ms","timestamp":"2026-03-27 15:57:40"}
{"level":"info","message":"GET /api/appointments/stats?month=2&year=2026 304 - - 40.651 ms","timestamp":"2026-03-27 15:57:40"}
{"level":"info","message":"GET /api/appointments/revenue 304 - - 76.949 ms","timestamp":"2026-03-27 15:57:40"}
{"level":"info","message":"GET /api/users 304 - - 113.985 ms","timestamp":"2026-03-27 15:57:40"}
{"level":"info","message":"OPTIONS /api/appointments/stats?month=3&year=2026 200 0 - 0.082 ms","timestamp":"2026-03-27 15:57:50"}
{"level":"info","message":"OPTIONS /api/appointments/revenue 200 0 - 0.073 ms","timestamp":"2026-03-27 15:57:50"}
{"level":"info","message":"OPTIONS /api/appointments/stats?month=2&year=2026 200 0 - 0.074 ms","timestamp":"2026-03-27 15:57:50"}
{"level":"info","message":"OPTIONS /api/users 200 0 - 0.067 ms","timestamp":"2026-03-27 15:57:50"}
{"level":"info","message":"GET /api/appointments/stats?month=3&year=2026 304 - - 45.251 ms","timestamp":"2026-03-27 15:57:50"}
{"level":"info","message":"GET /api/appointments/stats?month=2&year=2026 304 - - 42.839 ms","timestamp":"2026-03-27 15:57:50"}
{"level":"info","message":"GET /api/appointments/revenue 304 - - 76.015 ms","timestamp":"2026-03-27 15:57:50"}
{"level":"info","message":"GET /api/users 304 - - 114.337 ms","timestamp":"2026-03-27 15:57:50"}
{"level":"info","message":"OPTIONS /api/attendance/2026/3 200 0 - 0.165 ms","timestamp":"2026-03-27 15:58:00"}
{"level":"info","message":"OPTIONS /api/users/all 200 0 - 0.124 ms","timestamp":"2026-03-27 15:58:00"}
{"level":"info","message":"OPTIONS /api/attendance/range?start=2026-02-28T18:30:00.000Z&end=2026-03-31T18:29:59.999Z 200 0 - 0.082 ms","timestamp":"2026-03-27 15:58:00"}
{"level":"info","message":"GET /api/attendance/2026/3 304 - - 150.667 ms","timestamp":"2026-03-27 15:58:00"}
{"level":"info","message":"GET /api/attendance/range?start=2026-02-28T18:30:00.000Z&end=2026-03-31T18:29:59.999Z 304 - - 147.301 ms","timestamp":"2026-03-27 15:58:00"}
{"level":"info","message":"GET /api/users/all 200 - - 135.112 ms","timestamp":"2026-03-27 15:58:00"}
{"level":"info","message":"OPTIONS /api/appointments/stats?month=3&year=2026 200 0 - 0.087 ms","timestamp":"2026-03-27 15:58:00"}
{"level":"info","message":"OPTIONS /api/appointments/stats?month=2&year=2026 200 0 - 0.072 ms","timestamp":"2026-03-27 15:58:00"}
{"level":"info","message":"OPTIONS /api/users 200 0 - 0.070 ms","timestamp":"2026-03-27 15:58:00"}
{"level":"info","message":"OPTIONS /api/appointments/revenue 200 0 - 0.115 ms","timestamp":"2026-03-27 15:58:00"}
{"level":"info","message":"GET /api/appointments/stats?month=3&year=2026 304 - - 47.407 ms","timestamp":"2026-03-27 15:58:00"}
{"level":"info","message":"GET /api/appointments/stats?month=2&year=2026 304 - - 46.198 ms","timestamp":"2026-03-27 15:58:00"}
{"level":"info","message":"GET /api/appointments/revenue 304 - - 68.383 ms","timestamp":"2026-03-27 15:58:00"}
{"level":"info","message":"GET /api/users 200 - - 88.374 ms","timestamp":"2026-03-27 15:58:00"}
{"level":"info","message":"OPTIONS /api/appointments/stats?month=3&year=2026 200 0 - 0.076 ms","timestamp":"2026-03-27 15:58:10"}
{"level":"info","message":"OPTIONS /api/appointments/stats?month=2&year=2026 200 0 - 0.074 ms","timestamp":"2026-03-27 15:58:10"}
{"level":"info","message":"OPTIONS /api/appointments/revenue 200 0 - 0.070 ms","timestamp":"2026-03-27 15:58:10"}
{"level":"info","message":"OPTIONS /api/users 200 0 - 0.075 ms","timestamp":"2026-03-27 15:58:10"}
{"level":"info","message":"GET /api/appointments/stats?month=2&year=2026 304 - - 41.139 ms","timestamp":"2026-03-27 15:58:10"}
{"level":"info","message":"GET /api/appointments/stats?month=3&year=2026 304 - - 62.069 ms","timestamp":"2026-03-27 15:58:10"}
{"level":"info","message":"GET /api/appointments/revenue 304 - - 68.857 ms","timestamp":"2026-03-27 15:58:10"}
{"level":"info","message":"GET /api/users 304 - - 109.647 ms","timestamp":"2026-03-27 15:58:11"}
{"level":"info","message":"OPTIONS /api/appointments/stats?month=3&year=2026 200 0 - 0.056 ms","timestamp":"2026-03-27 15:58:20"}
{"level":"info","message":"OPTIONS /api/appointments/stats?month=2&year=2026 200 0 - 0.044 ms","timestamp":"2026-03-27 15:58:20"}
{"level":"info","message":"OPTIONS /api/appointments/revenue 200 0 - 0.034 ms","timestamp":"2026-03-27 15:58:20"}
{"level":"info","message":"OPTIONS /api/users 200 0 - 0.060 ms","timestamp":"2026-03-27 15:58:20"}
{"level":"info","message":"GET /api/appointments/stats?month=3&year=2026 304 - - 40.980 ms","timestamp":"2026-03-27 15:58:21"}
{"level":"info","message":"GET /api/appointments/stats?month=2&year=2026 304 - - 43.310 ms","timestamp":"2026-03-27 15:58:21"}
{"level":"info","message":"GET /api/appointments/revenue 304 - - 75.361 ms","timestamp":"2026-03-27 15:58:21"}
{"level":"info","message":"GET /api/users 200 - - 110.751 ms","timestamp":"2026-03-27 15:58:21"}
{"level":"info","message":"OPTIONS /api/attendance/2026/3 200 0 - 0.265 ms","timestamp":"2026-03-27 15:58:30"}
{"level":"info","message":"OPTIONS /api/users/all 200 0 - 0.209 ms","timestamp":"2026-03-27 15:58:30"}
{"level":"info","message":"OPTIONS /api/attendance/range?start=2026-02-28T18:30:00.000Z&end=2026-03-31T18:29:59.999Z 200 0 - 0.082 ms","timestamp":"2026-03-27 15:58:30"}
{"level":"info","message":"GET /api/attendance/2026/3 304 - - 122.701 ms","timestamp":"2026-03-27 15:58:30"}
{"level":"info","message":"GET /api/users/all 200 - - 108.356 ms","timestamp":"2026-03-27 15:58:30"}
{"level":"info","message":"GET /api/attendance/range?start=2026-02-28T18:30:00.000Z&end=2026-03-31T18:29:59.999Z 304 - - 126.396 ms","timestamp":"2026-03-27 15:58:30"}
{"level":"info","message":"OPTIONS /api/appointments/stats?month=3&year=2026 200 0 - 0.092 ms","timestamp":"2026-03-27 15:58:30"}
{"level":"info","message":"OPTIONS /api/appointments/stats?month=2&year=2026 200 0 - 0.085 ms","timestamp":"2026-03-27 15:58:30"}
{"level":"info","message":"OPTIONS /api/appointments/revenue 200 0 - 0.058 ms","timestamp":"2026-03-27 15:58:30"}
{"level":"info","message":"OPTIONS /api/users 200 0 - 0.064 ms","timestamp":"2026-03-27 15:58:30"}
{"level":"info","message":"GET /api/appointments/stats?month=3&year=2026 304 - - 46.018 ms","timestamp":"2026-03-27 15:58:30"}
{"level":"info","message":"GET /api/appointments/stats?month=2&year=2026 304 - - 44.147 ms","timestamp":"2026-03-27 15:58:30"}
{"level":"info","message":"GET /api/appointments/revenue 304 - - 74.933 ms","timestamp":"2026-03-27 15:58:31"}
{"level":"info","message":"GET /api/users 200 - - 110.866 ms","timestamp":"2026-03-27 15:58:31"}
{"level":"info","message":"OPTIONS /api/appointments/stats?month=3&year=2026 200 0 - 0.086 ms","timestamp":"2026-03-27 15:58:40"}
{"level":"info","message":"OPTIONS /api/appointments/stats?month=2&year=2026 200 0 - 0.052 ms","timestamp":"2026-03-27 15:58:40"}
{"level":"info","message":"OPTIONS /api/appointments/revenue 200 0 - 0.070 ms","timestamp":"2026-03-27 15:58:40"}
{"level":"info","message":"OPTIONS /api/users 200 0 - 0.041 ms","timestamp":"2026-03-27 15:58:40"}
{"level":"info","message":"GET /api/appointments/stats?month=3&year=2026 304 - - 41.243 ms","timestamp":"2026-03-27 15:58:41"}
{"level":"info","message":"GET /api/appointments/stats?month=2&year=2026 304 - - 50.319 ms","timestamp":"2026-03-27 15:58:41"}
{"level":"info","message":"GET /api/appointments/revenue 304 - - 67.383 ms","timestamp":"2026-03-27 15:58:41"}
{"level":"info","message":"GET /api/users 304 - - 112.715 ms","timestamp":"2026-03-27 15:58:41"}
{"level":"info","message":"OPTIONS /api/appointments/stats?month=3&year=2026 200 0 - 0.077 ms","timestamp":"2026-03-27 15:58:53"}
{"level":"info","message":"OPTIONS /api/appointments/stats?month=2&year=2026 200 0 - 0.066 ms","timestamp":"2026-03-27 15:58:53"}
{"level":"info","message":"OPTIONS /api/appointments/revenue 200 0 - 0.076 ms","timestamp":"2026-03-27 15:58:53"}
{"level":"info","message":"OPTIONS /api/users 200 0 - 0.065 ms","timestamp":"2026-03-27 15:58:53"}
{"level":"info","message":"GET /api/appointments/stats?month=3&year=2026 304 - - 56.921 ms","timestamp":"2026-03-27 15:58:53"}
{"level":"info","message":"GET /api/appointments/stats?month=2&year=2026 304 - - 57.136 ms","timestamp":"2026-03-27 15:58:53"}
{"level":"info","message":"GET /api/appointments/revenue 304 - - 113.068 ms","timestamp":"2026-03-27 15:58:53"}
{"level":"info","message":"GET /api/users 200 - - 180.133 ms","timestamp":"2026-03-27 15:58:53"}
{"level":"info","message":"OPTIONS /api/attendance/2026/3 200 0 - 0.120 ms","timestamp":"2026-03-27 15:59:56"}
{"level":"info","message":"OPTIONS /api/attendance/range?start=2026-02-28T18:30:00.000Z&end=2026-03-31T18:29:59.999Z 200 0 - 0.078 ms","timestamp":"2026-03-27 15:59:56"}
{"level":"info","message":"OPTIONS /api/users/all 200 0 - 0.074 ms","timestamp":"2026-03-27 15:59:56"}
{"level":"info","message":"GET /api/attendance/2026/3 304 - - 138.022 ms","timestamp":"2026-03-27 15:59:56"}
{"level":"info","message":"GET /api/users/all 200 - - 115.839 ms","timestamp":"2026-03-27 15:59:56"}
{"level":"info","message":"GET /api/attendance/range?start=2026-02-28T18:30:00.000Z&end=2026-03-31T18:29:59.999Z 304 - - 154.566 ms","timestamp":"2026-03-27 15:59:56"}
{"level":"info","message":"OPTIONS /api/appointments/stats?month=3&year=2026 200 0 - 0.134 ms","timestamp":"2026-03-27 15:59:56"}
{"level":"info","message":"OPTIONS /api/appointments/stats?month=2&year=2026 200 0 - 0.082 ms","timestamp":"2026-03-27 15:59:56"}
{"level":"info","message":"OPTIONS /api/appointments/revenue 200 0 - 0.079 ms","timestamp":"2026-03-27 15:59:56"}
{"level":"info","message":"OPTIONS /api/users 200 0 - 0.083 ms","timestamp":"2026-03-27 15:59:56"}
{"level":"info","message":"GET /api/appointments/stats?month=3&year=2026 304 - - 49.045 ms","timestamp":"2026-03-27 15:59:56"}
{"level":"info","message":"GET /api/appointments/stats?month=2&year=2026 304 - - 48.660 ms","timestamp":"2026-03-27 15:59:56"}
{"level":"info","message":"GET /api/appointments/revenue 304 - - 74.186 ms","timestamp":"2026-03-27 15:59:56"}
{"level":"info","message":"GET /api/users 200 - - 146.043 ms","timestamp":"2026-03-27 15:59:56"}
{"level":"info","message":"GET /api/attendance/range?start=2026-02-28T18:30:00.000Z&end=2026-03-31T18:29:59.999Z 304 - - 136.659 ms","timestamp":"2026-03-27 16:00:00"}
{"level":"info","message":"GET /api/attendance/2026/3 304 - - 155.125 ms","timestamp":"2026-03-27 16:00:00"}
{"level":"info","message":"GET /api/users/all 200 - - 131.620 ms","timestamp":"2026-03-27 16:00:00"}
{"level":"info","message":"GET /api/appointments/stats?month=2&year=2026 304 - - 77.070 ms","timestamp":"2026-03-27 16:00:01"}
{"level":"info","message":"GET /api/appointments/stats?month=3&year=2026 304 - - 86.660 ms","timestamp":"2026-03-27 16:00:01"}
{"level":"info","message":"GET /api/appointments/revenue 304 - - 102.700 ms","timestamp":"2026-03-27 16:00:01"}
{"level":"info","message":"GET /api/users 200 - - 154.577 ms","timestamp":"2026-03-27 16:00:01"}
{"level":"info","message":"OPTIONS /api/appointments/stats?month=3&year=2026 200 0 - 0.135 ms","timestamp":"2026-03-27 16:00:57"}
{"level":"info","message":"OPTIONS /api/appointments/stats?month=2&year=2026 200 0 - 0.105 ms","timestamp":"2026-03-27 16:00:57"}
{"level":"info","message":"OPTIONS /api/appointments/revenue 200 0 - 0.167 ms","timestamp":"2026-03-27 16:00:57"}
{"level":"info","message":"OPTIONS /api/users 200 0 - 0.098 ms","timestamp":"2026-03-27 16:00:57"}
{"level":"info","message":"OPTIONS /api/attendance/2026/3 200 0 - 0.070 ms","timestamp":"2026-03-27 16:00:57"}
{"level":"info","message":"OPTIONS /api/users/all 200 0 - 0.067 ms","timestamp":"2026-03-27 16:00:57"}
{"level":"info","message":"OPTIONS /api/attendance/range?start=2026-02-28T18:30:00.000Z&end=2026-03-31T18:29:59.999Z 200 0 - 0.067 ms","timestamp":"2026-03-27 16:00:57"}
{"level":"info","message":"GET /api/appointments/stats?month=3&year=2026 304 - - 41.634 ms","timestamp":"2026-03-27 16:00:57"}
{"level":"info","message":"GET /api/appointments/stats?month=2&year=2026 304 - - 41.473 ms","timestamp":"2026-03-27 16:00:57"}
{"level":"info","message":"GET /api/appointments/revenue 304 - - 67.255 ms","timestamp":"2026-03-27 16:00:57"}
{"level":"info","message":"GET /api/users/all 200 - - 101.045 ms","timestamp":"2026-03-27 16:00:57"}
{"level":"info","message":"GET /api/attendance/2026/3 304 - - 129.242 ms","timestamp":"2026-03-27 16:00:57"}
{"level":"info","message":"GET /api/users 200 - - 141.647 ms","timestamp":"2026-03-27 16:00:57"}
{"level":"info","message":"GET /api/attendance/range?start=2026-02-28T18:30:00.000Z&end=2026-03-31T18:29:59.999Z 304 - - 143.791 ms","timestamp":"2026-03-27 16:00:58"}
{"level":"info","message":"GET /api/users/all 200 - - 132.364 ms","timestamp":"2026-03-27 16:01:00"}
{"level":"info","message":"GET /api/attendance/range?start=2026-02-28T18:30:00.000Z&end=2026-03-31T18:29:59.999Z 304 - - 170.922 ms","timestamp":"2026-03-27 16:01:00"}
{"level":"info","message":"GET /api/attendance/2026/3 304 - - 181.769 ms","timestamp":"2026-03-27 16:01:00"}
{"level":"info","message":"GET /api/appointments/stats?month=2&year=2026 304 - - 41.432 ms","timestamp":"2026-03-27 16:01:01"}
{"level":"info","message":"GET /api/appointments/stats?month=3&year=2026 304 - - 49.831 ms","timestamp":"2026-03-27 16:01:01"}
{"level":"info","message":"GET /api/appointments/revenue 304 - - 85.894 ms","timestamp":"2026-03-27 16:01:01"}
{"level":"info","message":"GET /api/users 200 - - 138.780 ms","timestamp":"2026-03-27 16:01:01"}
{"level":"info","message":"✅ Redis Clients (Pub/Sub) Connected and Ready","timestamp":"2026-03-27 16:01:17"}
{"level":"info","message":"✅ Redis Clients (Pub/Sub) Connected and Ready","timestamp":"2026-03-27 16:01:17"}
{"level":"info","message":"🚀 Server running on http://localhost:5000","timestamp":"2026-03-27 16:01:17"}
{"level":"info","message":"📡 Socket.IO server ready for connections","timestamp":"2026-03-27 16:01:17"}
{"level":"info","message":"OPTIONS /api/appointments/stats?month=3&year=2026 200 0 - 1.035 ms","timestamp":"2026-03-27 16:01:37"}
{"level":"info","message":"OPTIONS /api/attendance/range?start=2026-02-28T18:30:00.000Z&end=2026-03-31T18:29:59.999Z 200 0 - 0.087 ms","timestamp":"2026-03-27 16:01:37"}
{"level":"info","message":"OPTIONS /api/appointments/stats?month=2&year=2026 200 0 - 0.147 ms","timestamp":"2026-03-27 16:01:37"}
{"level":"info","message":"OPTIONS /api/appointments/revenue 200 0 - 0.192 ms","timestamp":"2026-03-27 16:01:37"}
{"level":"info","message":"OPTIONS /api/users 200 0 - 0.156 ms","timestamp":"2026-03-27 16:01:37"}
{"level":"info","message":"OPTIONS /api/attendance/2026/3 200 0 - 0.118 ms","timestamp":"2026-03-27 16:01:37"}
{"level":"info","message":"OPTIONS /api/users/all 200 0 - 0.129 ms","timestamp":"2026-03-27 16:01:37"}
{"level":"info","message":"GET /api/appointments/stats?month=3&year=2026 304 - - 76.682 ms","timestamp":"2026-03-27 16:01:37"}
{"level":"info","message":"GET /api/appointments/stats?month=2&year=2026 304 - - 43.838 ms","timestamp":"2026-03-27 16:01:37"}
{"level":"info","message":"GET /api/appointments/revenue 304 - - 75.520 ms","timestamp":"2026-03-27 16:01:37"}
{"level":"info","message":"GET /api/attendance/2026/3 304 - - 172.702 ms","timestamp":"2026-03-27 16:01:37"}
{"level":"info","message":"OPTIONS /api/appointments/revenue/reports 200 0 - 0.160 ms","timestamp":"2026-03-27 16:01:37"}
{"level":"info","message":"GET /api/attendance/range?start=2026-02-28T18:30:00.000Z&end=2026-03-31T18:29:59.999Z 304 - - 200.522 ms","timestamp":"2026-03-27 16:01:37"}
{"level":"info","message":"GET /api/users/all 200 - - 106.689 ms","timestamp":"2026-03-27 16:01:37"}
{"level":"info","message":"GET /api/users 200 - - 208.267 ms","timestamp":"2026-03-27 16:01:37"}
{"level":"info","message":"GET /api/appointments/revenue/reports 304 - - 55.352 ms","timestamp":"2026-03-27 16:01:37"}
{"level":"info","message":"GET /api/appointments/stats?month=2&year=2026 304 - - 42.999 ms","timestamp":"2026-03-27 16:01:40"}
{"level":"info","message":"GET /api/appointments/stats?month=3&year=2026 304 - - 50.046 ms","timestamp":"2026-03-27 16:01:40"}
{"level":"info","message":"GET /api/appointments/revenue 304 - - 75.116 ms","timestamp":"2026-03-27 16:01:40"}
{"level":"info","message":"GET /api/users 304 - - 124.605 ms","timestamp":"2026-03-27 16:01:40"}
{"level":"info","message":"OPTIONS /api/auth/logout 200 0 - 0.116 ms","timestamp":"2026-03-27 16:01:43"}
{"level":"info","message":"POST /api/auth/logout 200 31 - 2.015 ms","timestamp":"2026-03-27 16:01:43"}
{"level":"info","message":"OPTIONS /api/users/logout 200 0 - 0.166 ms","timestamp":"2026-03-27 16:01:43"}
{"level":"info","message":"POST /api/users/logout 200 33 - 164.177 ms","timestamp":"2026-03-27 16:01:43"}
{"level":"info","message":"OPTIONS /api/auth/login 200 0 - 0.117 ms","timestamp":"2026-03-27 16:01:54"}
{"level":"info","message":"POST /api/auth/login 200 784 - 215.211 ms","timestamp":"2026-03-27 16:01:54"}
{"level":"info","message":"OPTIONS /api/messages/unread-count 200 0 - 0.101 ms","timestamp":"2026-03-27 16:01:54"}
{"level":"info","message":"GET /api/messages/unread-count 200 17 - 64.979 ms","timestamp":"2026-03-27 16:01:54"}
{"level":"info","message":"OPTIONS /api/attendance/2026/3 200 0 - 0.116 ms","timestamp":"2026-03-27 16:01:54"}
{"level":"info","message":"OPTIONS /api/users 200 0 - 0.061 ms","timestamp":"2026-03-27 16:01:54"}
{"level":"info","message":"OPTIONS /api/tasks 200 0 - 0.046 ms","timestamp":"2026-03-27 16:01:54"}
{"level":"info","message":"OPTIONS /api/users 200 0 - 0.073 ms","timestamp":"2026-03-27 16:01:54"}
{"level":"info","message":"OPTIONS /api/attendance/2026/3 200 0 - 0.081 ms","timestamp":"2026-03-27 16:01:54"}
{"level":"info","message":"GET /api/tasks 200 2 - 55.319 ms","timestamp":"2026-03-27 16:01:55"}
{"level":"info","message":"GET /api/tasks 304 - - 50.039 ms","timestamp":"2026-03-27 16:01:55"}
{"level":"info","message":"GET /api/users 200 - - 118.301 ms","timestamp":"2026-03-27 16:01:55"}
{"level":"info","message":"GET /api/attendance/2026/3 200 - - 151.718 ms","timestamp":"2026-03-27 16:01:55"}
{"level":"info","message":"GET /api/users 304 - - 89.435 ms","timestamp":"2026-03-27 16:01:55"}
{"level":"info","message":"GET /api/attendance/2026/3 304 - - 99.647 ms","timestamp":"2026-03-27 16:01:55"}
{"level":"info","message":"OPTIONS /api/telecaller-leads/shuffle 200 0 - 0.091 ms","timestamp":"2026-03-27 16:01:58"}
{"level":"info","message":"GET /api/telecaller-leads/shuffle 200 43 - 71.893 ms","timestamp":"2026-03-27 16:01:58"}
{"level":"info","message":"OPTIONS /api/appointments/search?phone=6380527151 200 0 - 0.096 ms","timestamp":"2026-03-27 16:01:59"}
{"level":"info","message":"GET /api/appointments/search?phone=6380527151 404 50 - 44.812 ms","timestamp":"2026-03-27 16:01:59"}
{"level":"info","message":"OPTIONS /api/telecaller-leads/shuffle 200 0 - 0.093 ms","timestamp":"2026-03-27 16:02:05"}
{"level":"info","message":"GET /api/telecaller-leads/shuffle 200 43 - 75.305 ms","timestamp":"2026-03-27 16:02:05"}
{"level":"info","message":"OPTIONS /api/appointments/search?phone=9843240703 200 0 - 0.056 ms","timestamp":"2026-03-27 16:02:06"}
{"level":"info","message":"GET /api/appointments/search?phone=9843240703 304 - - 48.611 ms","timestamp":"2026-03-27 16:02:06"}
{"level":"info","message":"GET /api/telecaller-leads/shuffle 404 46 - 47.304 ms","timestamp":"2026-03-27 16:02:09"}
{"level":"info","message":"OPTIONS /api/telecaller-leads/shuffle 200 0 - 0.110 ms","timestamp":"2026-03-27 16:02:24"}
{"level":"info","message":"GET /api/telecaller-leads/shuffle 404 46 - 47.767 ms","timestamp":"2026-03-27 16:02:24"}
{"level":"info","message":"OPTIONS /api/attendance/2026/3 200 0 - 0.087 ms","timestamp":"2026-03-27 16:02:24"}
{"level":"info","message":"GET /api/attendance/2026/3 304 - - 177.258 ms","timestamp":"2026-03-27 16:02:25"}
{"level":"info","message":"OPTIONS /api/attendance/2026/3 200 0 - 0.106 ms","timestamp":"2026-03-27 16:02:54"}
{"level":"info","message":"GET /api/attendance/2026/3 304 - - 335.747 ms","timestamp":"2026-03-27 16:02:55"}
{"level":"info","message":"OPTIONS /api/attendance/2026/3 200 0 - 0.094 ms","timestamp":"2026-03-27 16:03:24"}
{"level":"info","message":"GET /api/attendance/2026/3 304 - - 177.028 ms","timestamp":"2026-03-27 16:03:25"}
{"level":"info","message":"OPTIONS /api/attendance/2026/3 200 0 - 0.202 ms","timestamp":"2026-03-27 16:03:54"}
{"level":"info","message":"GET /api/attendance/2026/3 304 - - 158.996 ms","timestamp":"2026-03-27 16:03:55"}
{"level":"info","message":"OPTIONS /api/attendance/2026/3 200 0 - 0.315 ms","timestamp":"2026-03-27 16:04:24"}
{"level":"info","message":"GET /api/attendance/2026/3 304 - - 128.237 ms","timestamp":"2026-03-27 16:04:25"}
{"level":"info","message":"OPTIONS /api/attendance/2026/3 200 0 - 0.104 ms","timestamp":"2026-03-27 16:04:55"}
{"level":"info","message":"GET /api/attendance/2026/3 304 - - 144.348 ms","timestamp":"2026-03-27 16:04:55"}
{"level":"info","message":"OPTIONS /api/attendance/2026/3 200 0 - 0.382 ms","timestamp":"2026-03-27 16:05:25"}
{"level":"info","message":"GET /api/attendance/2026/3 304 - - 126.426 ms","timestamp":"2026-03-27 16:05:25"}
{"level":"info","message":"OPTIONS /api/attendance/2026/3 200 0 - 0.185 ms","timestamp":"2026-03-27 16:05:54"}
{"level":"info","message":"GET /api/attendance/2026/3 304 - - 137.081 ms","timestamp":"2026-03-27 16:05:55"}
{"level":"info","message":"OPTIONS /api/attendance/2026/3 200 0 - 0.255 ms","timestamp":"2026-03-27 16:06:59"}
{"level":"info","message":"GET /api/attendance/2026/3 304 - - 146.518 ms","timestamp":"2026-03-27 16:06:59"}
{"level":"info","message":"OPTIONS /api/attendance/2026/3 200 0 - 0.286 ms","timestamp":"2026-03-27 16:07:24"}
{"level":"info","message":"GET /api/attendance/2026/3 304 - - 146.375 ms","timestamp":"2026-03-27 16:07:25"}
{"level":"info","message":"OPTIONS /api/attendance/2026/3 200 0 - 0.189 ms","timestamp":"2026-03-27 16:07:54"}
{"level":"info","message":"GET /api/attendance/2026/3 304 - - 120.660 ms","timestamp":"2026-03-27 16:07:55"}
{"level":"info","message":"✅ Redis Clients (Pub/Sub) Connected and Ready","timestamp":"2026-03-27 16:08:09"}
{"level":"info","message":"✅ Redis Clients (Pub/Sub) Connected and Ready","timestamp":"2026-03-27 16:08:10"}
{"level":"info","message":"🚀 Server running on http://localhost:5000","timestamp":"2026-03-27 16:08:10"}
{"level":"info","message":"📡 Socket.IO server ready for connections","timestamp":"2026-03-27 16:08:10"}
{"level":"info","message":"✅ Redis Clients (Pub/Sub) Connected and Ready","timestamp":"2026-03-27 16:08:19"}
{"level":"info","message":"✅ Redis Clients (Pub/Sub) Connected and Ready","timestamp":"2026-03-27 16:08:20"}
{"level":"info","message":"🚀 Server running on http://localhost:5000","timestamp":"2026-03-27 16:08:20"}
{"level":"info","message":"📡 Socket.IO server ready for connections","timestamp":"2026-03-27 16:08:20"}
{"level":"info","message":"OPTIONS /api/attendance/2026/3 200 0 - 0.595 ms","timestamp":"2026-03-27 16:08:25"}
{"level":"info","message":"GET /api/attendance/2026/3 304 - - 184.082 ms","timestamp":"2026-03-27 16:08:25"}
{"level":"info","message":"OPTIONS /api/attendance/2026/3 200 0 - 0.198 ms","timestamp":"2026-03-27 16:08:55"}
{"level":"info","message":"GET /api/attendance/2026/3 304 - - 159.692 ms","timestamp":"2026-03-27 16:08:55"}
{"level":"info","message":"OPTIONS /api/attendance/2026/3 200 0 - 0.402 ms","timestamp":"2026-03-27 16:11:50"}
{"level":"info","message":"GET /api/attendance/2026/3 304 - - 154.662 ms","timestamp":"2026-03-27 16:11:51"}
{"level":"info","message":"OPTIONS /api/attendance/2026/3 200 0 - 0.110 ms","timestamp":"2026-03-27 16:12:15"}
{"level":"info","message":"GET /api/attendance/2026/3 304 - - 121.178 ms","timestamp":"2026-03-27 16:12:15"}
{"level":"info","message":"OPTIONS /api/attendance/2026/3 200 0 - 0.421 ms","timestamp":"2026-03-27 16:13:15"}
{"level":"info","message":"GET /api/attendance/2026/3 304 - - 119.975 ms","timestamp":"2026-03-27 16:13:15"}
{"level":"info","message":"OPTIONS /api/attendance/2026/3 200 0 - 0.131 ms","timestamp":"2026-03-27 16:14:15"}
{"level":"info","message":"GET /api/attendance/2026/3 304 - - 121.318 ms","timestamp":"2026-03-27 16:14:15"}
{"level":"info","message":"OPTIONS /api/attendance/2026/3 200 0 - 0.124 ms","timestamp":"2026-03-27 16:15:15"}
{"level":"info","message":"GET /api/attendance/2026/3 304 - - 140.791 ms","timestamp":"2026-03-27 16:15:15"}
{"level":"info","message":"OPTIONS /api/attendance/2026/3 200 0 - 0.087 ms","timestamp":"2026-03-27 16:16:15"}
{"level":"info","message":"GET /api/attendance/2026/3 304 - - 171.845 ms","timestamp":"2026-03-27 16:16:15"}
{"level":"info","message":"OPTIONS /api/attendance/2026/3 200 0 - 0.070 ms","timestamp":"2026-03-27 16:17:15"}
{"level":"info","message":"GET /api/attendance/2026/3 304 - - 144.218 ms","timestamp":"2026-03-27 16:17:15"}
{"level":"info","message":"OPTIONS /api/attendance/2026/3 200 0 - 0.146 ms","timestamp":"2026-03-27 16:18:15"}
{"level":"info","message":"GET /api/attendance/2026/3 304 - - 121.340 ms","timestamp":"2026-03-27 16:18:15"}
{"level":"info","message":"OPTIONS /api/attendance/2026/3 200 0 - 0.086 ms","timestamp":"2026-03-27 16:19:15"}
{"level":"info","message":"GET /api/attendance/2026/3 304 - - 116.847 ms","timestamp":"2026-03-27 16:19:15"}
{"level":"info","message":"OPTIONS /api/attendance/2026/3 200 0 - 0.087 ms","timestamp":"2026-03-27 16:20:15"}
{"level":"info","message":"GET /api/attendance/2026/3 304 - - 144.814 ms","timestamp":"2026-03-27 16:20:15"}
{"level":"info","message":"OPTIONS /api/attendance/2026/3 200 0 - 0.351 ms","timestamp":"2026-03-27 16:21:15"}
{"level":"info","message":"GET /api/attendance/2026/3 304 - - 239.888 ms","timestamp":"2026-03-27 16:21:15"}
{"level":"info","message":"OPTIONS /api/attendance/2026/3 200 0 - 0.603 ms","timestamp":"2026-03-27 16:22:15"}
{"level":"info","message":"GET /api/attendance/2026/3 304 - - 116.407 ms","timestamp":"2026-03-27 16:22:15"}
{"level":"info","message":"OPTIONS /api/attendance/2026/3 200 0 - 0.176 ms","timestamp":"2026-03-27 16:23:15"}
{"level":"info","message":"GET /api/attendance/2026/3 304 - - 120.995 ms","timestamp":"2026-03-27 16:23:15"}
{"level":"info","message":"OPTIONS /api/attendance/2026/3 200 0 - 0.202 ms","timestamp":"2026-03-27 16:24:15"}
{"level":"info","message":"GET /api/attendance/2026/3 304 - - 114.101 ms","timestamp":"2026-03-27 16:24:15"}
{"level":"info","message":"OPTIONS /api/attendance/2026/3 200 0 - 0.265 ms","timestamp":"2026-03-27 16:25:15"}
{"level":"info","message":"GET /api/attendance/2026/3 304 - - 121.110 ms","timestamp":"2026-03-27 16:25:15"}
{"level":"info","message":"OPTIONS /api/attendance/2026/3 200 0 - 0.193 ms","timestamp":"2026-03-27 16:26:15"}
{"level":"info","message":"GET /api/attendance/2026/3 304 - - 126.194 ms","timestamp":"2026-03-27 16:26:15"}
{"level":"info","message":"OPTIONS /api/attendance/2026/3 200 0 - 0.309 ms","timestamp":"2026-03-27 16:27:15"}
{"level":"info","message":"GET /api/attendance/2026/3 304 - - 116.514 ms","timestamp":"2026-03-27 16:27:15"}
{"level":"info","message":"OPTIONS /api/attendance/2026/3 200 0 - 0.129 ms","timestamp":"2026-03-27 16:27:53"}
{"level":"info","message":"GET /api/attendance/2026/3 304 - - 117.075 ms","timestamp":"2026-03-27 16:27:53"}
{"level":"info","message":"GET /api/attendance/2026/3 304 - - 122.808 ms","timestamp":"2026-03-27 16:27:55"}
{"level":"info","message":"OPTIONS /api/attendance/2026/3 200 0 - 0.070 ms","timestamp":"2026-03-27 16:28:25"}
{"level":"info","message":"GET /api/attendance/2026/3 304 - - 143.945 ms","timestamp":"2026-03-27 16:28:25"}
{"level":"info","message":"OPTIONS /api/attendance/2026/3 200 0 - 0.191 ms","timestamp":"2026-03-27 16:28:55"}
{"level":"info","message":"GET /api/attendance/2026/3 304 - - 131.151 ms","timestamp":"2026-03-27 16:28:55"}
{"level":"info","message":"OPTIONS /api/attendance/2026/3 200 0 - 0.191 ms","timestamp":"2026-03-27 16:29:25"}
{"level":"info","message":"GET /api/attendance/2026/3 304 - - 143.959 ms","timestamp":"2026-03-27 16:29:25"}
{"level":"info","message":"OPTIONS /api/attendance/2026/3 200 0 - 0.203 ms","timestamp":"2026-03-27 16:29:55"}
{"level":"info","message":"GET /api/attendance/2026/3 304 - - 133.077 ms","timestamp":"2026-03-27 16:29:55"}
{"level":"info","message":"OPTIONS /api/attendance/2026/3 200 0 - 0.187 ms","timestamp":"2026-03-27 16:30:24"}
{"level":"info","message":"GET /api/attendance/2026/3 304 - - 152.244 ms","timestamp":"2026-03-27 16:30:25"}
{"level":"info","message":"OPTIONS /api/attendance/2026/3 200 0 - 0.187 ms","timestamp":"2026-03-27 16:30:55"}
{"level":"info","message":"GET /api/attendance/2026/3 304 - - 124.684 ms","timestamp":"2026-03-27 16:30:55"}
{"level":"info","message":"✅ Redis Clients (Pub/Sub) Connected and Ready","timestamp":"2026-03-27 16:31:23"}
{"level":"info","message":"✅ Redis Clients (Pub/Sub) Connected and Ready","timestamp":"2026-03-27 16:31:23"}
{"level":"info","message":"🚀 Server running on http://localhost:5000","timestamp":"2026-03-27 16:31:24"}
{"level":"info","message":"📡 Socket.IO server ready for connections","timestamp":"2026-03-27 16:31:24"}
{"level":"info","message":"OPTIONS /api/attendance/2026/3 200 0 - 3.566 ms","timestamp":"2026-03-27 16:31:25"}
{"level":"info","message":"GET /api/attendance/2026/3 304 - - 174.296 ms","timestamp":"2026-03-27 16:31:25"}
{"level":"info","message":"✅ Redis Clients (Pub/Sub) Connected and Ready","timestamp":"2026-03-27 16:31:45"}
{"level":"info","message":"✅ Redis Clients (Pub/Sub) Connected and Ready","timestamp":"2026-03-27 16:31:45"}
{"level":"info","message":"🚀 Server running on http://localhost:5000","timestamp":"2026-03-27 16:31:45"}
{"level":"info","message":"📡 Socket.IO server ready for connections","timestamp":"2026-03-27 16:31:45"}
{"level":"info","message":"OPTIONS /api/attendance/2026/3 200 0 - 0.685 ms","timestamp":"2026-03-27 16:32:15"}
{"level":"info","message":"GET /api/attendance/2026/3 304 - - 164.985 ms","timestamp":"2026-03-27 16:32:15"}
{"level":"info","message":"OPTIONS /api/users 200 0 - 0.161 ms","timestamp":"2026-03-27 16:32:32"}
{"level":"info","message":"OPTIONS /api/tasks 200 0 - 0.127 ms","timestamp":"2026-03-27 16:32:32"}
{"level":"info","message":"GET /api/tasks 304 - - 70.565 ms","timestamp":"2026-03-27 16:32:32"}
{"level":"info","message":"GET /api/users 200 - - 163.452 ms","timestamp":"2026-03-27 16:32:32"}
