{"level":"info","message":"✅ Redis Clients (Pub/Sub) Connected and Ready","timestamp":"2026-03-31 18:11:05"}
{"level":"info","message":"🚀 Server running on http://localhost:5000","timestamp":"2026-03-31 18:11:05"}
{"level":"info","message":"📡 Socket.IO server ready for connections","timestamp":"2026-03-31 18:11:05"}
{"level":"info","message":"OPTIONS /api/messages/unread-count 200 0 - 1.123 ms","timestamp":"2026-03-31 18:11:09"}
{"level":"info","message":"OPTIONS /api/messages/unread-count 200 0 - 0.194 ms","timestamp":"2026-03-31 18:11:09"}
{"level":"info","message":"GET /api/messages/unread-count 401 31 - 12.157 ms","timestamp":"2026-03-31 18:11:09"}
{"level":"info","message":"GET /api/messages/unread-count 401 31 - 2.377 ms","timestamp":"2026-03-31 18:11:09"}
{"level":"info","message":"OPTIONS /api/auth/login 200 0 - 0.186 ms","timestamp":"2026-03-31 18:11:22"}
{"level":"info","message":"POST /api/auth/login 200 806 - 266.862 ms","timestamp":"2026-03-31 18:11:22"}
{"level":"info","message":"OPTIONS /api/messages/unread-count 200 0 - 0.138 ms","timestamp":"2026-03-31 18:11:22"}
{"level":"info","message":"GET /api/messages/unread-count 200 17 - 63.549 ms","timestamp":"2026-03-31 18:11:22"}
{"level":"info","message":"OPTIONS /api/attendance/2026/3 200 0 - 0.192 ms","timestamp":"2026-03-31 18:11:23"}
{"level":"info","message":"OPTIONS /api/appointments 200 0 - 0.163 ms","timestamp":"2026-03-31 18:11:23"}
{"level":"info","message":"OPTIONS /api/attendance/range?start=2026-02-28T18:30:00.000Z&end=2026-03-31T18:29:59.999Z 200 0 - 0.105 ms","timestamp":"2026-03-31 18:11:23"}
{"level":"info","message":"OPTIONS /api/appointments/revenue/reports 200 0 - 0.115 ms","timestamp":"2026-03-31 18:11:23"}
{"level":"info","message":"OPTIONS /api/tasks 200 0 - 0.121 ms","timestamp":"2026-03-31 18:11:23"}
{"level":"info","message":"OPTIONS /api/users/all 200 0 - 0.135 ms","timestamp":"2026-03-31 18:11:23"}
{"level":"info","message":"OPTIONS /api/admin-status 200 0 - 0.105 ms","timestamp":"2026-03-31 18:11:23"}
{"level":"info","message":"OPTIONS /api/appointments/stats?month=3&year=2026 200 0 - 0.103 ms","timestamp":"2026-03-31 18:11:23"}
{"level":"info","message":"OPTIONS /api/appointments/revenue 200 0 - 0.100 ms","timestamp":"2026-03-31 18:11:23"}
{"level":"info","message":"OPTIONS /api/tasks 200 0 - 0.107 ms","timestamp":"2026-03-31 18:11:23"}
{"level":"info","message":"OPTIONS /api/tasks 200 0 - 0.074 ms","timestamp":"2026-03-31 18:11:23"}
{"level":"info","message":"OPTIONS /api/appointments/stats?month=2&year=2026 200 0 - 0.084 ms","timestamp":"2026-03-31 18:11:23"}
{"level":"info","message":"OPTIONS /api/users 200 0 - 0.092 ms","timestamp":"2026-03-31 18:11:23"}
{"level":"info","message":"OPTIONS /api/appointments/revenue/reports 200 0 - 0.126 ms","timestamp":"2026-03-31 18:11:23"}
{"level":"info","message":"OPTIONS /api/users/all 200 0 - 0.086 ms","timestamp":"2026-03-31 18:11:23"}
{"level":"info","message":"OPTIONS /api/admin-status 200 0 - 0.112 ms","timestamp":"2026-03-31 18:11:23"}
{"level":"info","message":"OPTIONS /api/appointments/stats?month=3&year=2026 200 0 - 0.089 ms","timestamp":"2026-03-31 18:11:23"}
{"level":"info","message":"OPTIONS /api/appointments/stats?month=2&year=2026 200 0 - 0.214 ms","timestamp":"2026-03-31 18:11:23"}
{"level":"info","message":"OPTIONS /api/appointments/revenue 200 0 - 0.072 ms","timestamp":"2026-03-31 18:11:23"}
{"level":"info","message":"OPTIONS /api/tasks 200 0 - 0.091 ms","timestamp":"2026-03-31 18:11:23"}
{"level":"info","message":"OPTIONS /api/users 200 0 - 0.061 ms","timestamp":"2026-03-31 18:11:23"}
{"level":"info","message":"GET /api/appointments/revenue/reports 304 - - 62.762 ms","timestamp":"2026-03-31 18:11:23"}
{"level":"info","message":"GET /api/admin-status 200 49 - 133.768 ms","timestamp":"2026-03-31 18:11:23"}
{"level":"info","message":"GET /api/users/all 200 - - 124.058 ms","timestamp":"2026-03-31 18:11:23"}
{"level":"info","message":"GET /api/attendance/2026/3 200 - - 259.905 ms","timestamp":"2026-03-31 18:11:23"}
{"level":"info","message":"GET /api/attendance/range?start=2026-02-28T18:30:00.000Z&end=2026-03-31T18:29:59.999Z 200 - - 239.027 ms","timestamp":"2026-03-31 18:11:23"}
{"level":"info","message":"GET /api/appointments 200 - - 298.466 ms","timestamp":"2026-03-31 18:11:23"}
{"level":"info","message":"GET /api/appointments/stats?month=3&year=2026 200 12 - 53.840 ms","timestamp":"2026-03-31 18:11:23"}
{"level":"info","message":"GET /api/appointments/stats?month=2&year=2026 304 - - 52.732 ms","timestamp":"2026-03-31 18:11:23"}
{"level":"info","message":"GET /api/appointments/revenue/reports 304 - - 50.001 ms","timestamp":"2026-03-31 18:11:23"}
{"level":"info","message":"GET /api/admin-status 304 - - 63.750 ms","timestamp":"2026-03-31 18:11:23"}
{"level":"info","message":"GET /api/appointments/revenue 200 46 - 95.345 ms","timestamp":"2026-03-31 18:11:23"}
{"level":"info","message":"GET /api/tasks 200 - - 386.304 ms","timestamp":"2026-03-31 18:11:23"}
{"level":"info","message":"GET /api/users 200 - - 119.561 ms","timestamp":"2026-03-31 18:11:23"}
{"level":"info","message":"GET /api/users/all 304 - - 106.094 ms","timestamp":"2026-03-31 18:11:23"}
{"level":"info","message":"GET /api/appointments/stats?month=3&year=2026 304 - - 59.065 ms","timestamp":"2026-03-31 18:11:23"}
{"level":"info","message":"GET /api/appointments/stats?month=2&year=2026 304 - - 103.814 ms","timestamp":"2026-03-31 18:11:23"}
{"level":"info","message":"GET /api/attendance/2026/3 304 - - 216.193 ms","timestamp":"2026-03-31 18:11:23"}
{"level":"info","message":"GET /api/attendance/range?start=2026-02-28T18:30:00.000Z&end=2026-03-31T18:29:59.999Z 304 - - 209.477 ms","timestamp":"2026-03-31 18:11:23"}
{"level":"info","message":"GET /api/appointments 304 - - 213.515 ms","timestamp":"2026-03-31 18:11:23"}
{"level":"info","message":"GET /api/appointments/revenue 304 - - 151.292 ms","timestamp":"2026-03-31 18:11:23"}
{"level":"info","message":"GET /api/tasks 304 - - 156.418 ms","timestamp":"2026-03-31 18:11:23"}
{"level":"info","message":"GET /api/users 304 - - 123.721 ms","timestamp":"2026-03-31 18:11:23"}
{"level":"info","message":"GET /api/tasks 304 - - 76.248 ms","timestamp":"2026-03-31 18:11:23"}
{"level":"info","message":"GET /api/tasks 304 - - 91.873 ms","timestamp":"2026-03-31 18:11:24"}
{"level":"info","message":"OPTIONS /api/appointments/stats?month=3&year=2026 200 0 - 0.124 ms","timestamp":"2026-03-31 18:11:33"}
{"level":"info","message":"OPTIONS /api/appointments/stats?month=2&year=2026 200 0 - 0.048 ms","timestamp":"2026-03-31 18:11:33"}
{"level":"info","message":"OPTIONS /api/appointments/revenue 200 0 - 0.039 ms","timestamp":"2026-03-31 18:11:33"}
{"level":"info","message":"OPTIONS /api/users 200 0 - 0.051 ms","timestamp":"2026-03-31 18:11:33"}
{"level":"info","message":"GET /api/appointments/stats?month=2&year=2026 304 - - 41.041 ms","timestamp":"2026-03-31 18:11:33"}
{"level":"info","message":"GET /api/appointments/stats?month=3&year=2026 304 - - 47.661 ms","timestamp":"2026-03-31 18:11:33"}
{"level":"info","message":"GET /api/appointments/revenue 304 - - 65.810 ms","timestamp":"2026-03-31 18:11:33"}
{"level":"info","message":"GET /api/users 200 - - 131.609 ms","timestamp":"2026-03-31 18:11:33"}
{"level":"info","message":"OPTIONS /api/appointments/stats?month=3&year=2026 200 0 - 0.103 ms","timestamp":"2026-03-31 18:11:43"}
{"level":"info","message":"OPTIONS /api/appointments/revenue 200 0 - 0.269 ms","timestamp":"2026-03-31 18:11:43"}
{"level":"info","message":"OPTIONS /api/appointments/stats?month=2&year=2026 200 0 - 0.053 ms","timestamp":"2026-03-31 18:11:43"}
{"level":"info","message":"OPTIONS /api/users 200 0 - 0.076 ms","timestamp":"2026-03-31 18:11:43"}
{"level":"info","message":"GET /api/appointments/stats?month=3&year=2026 304 - - 41.333 ms","timestamp":"2026-03-31 18:11:43"}
{"level":"info","message":"GET /api/appointments/stats?month=2&year=2026 304 - - 47.150 ms","timestamp":"2026-03-31 18:11:43"}
{"level":"info","message":"GET /api/appointments/revenue 304 - - 66.284 ms","timestamp":"2026-03-31 18:11:43"}
{"level":"info","message":"GET /api/users 304 - - 117.207 ms","timestamp":"2026-03-31 18:11:43"}
{"level":"info","message":"OPTIONS /api/appointments/revenue/report 200 0 - 0.095 ms","timestamp":"2026-03-31 18:11:45"}
{"level":"info","message":"OPTIONS /api/appointments/all 200 0 - 0.051 ms","timestamp":"2026-03-31 18:11:45"}
{"level":"info","message":"POST /api/appointments/revenue/report 200 312 - 113.073 ms","timestamp":"2026-03-31 18:11:45"}
{"level":"info","message":"POST /api/appointments/revenue/report 200 312 - 111.422 ms","timestamp":"2026-03-31 18:11:45"}
{"level":"info","message":"GET /api/users 304 - - 119.903 ms","timestamp":"2026-03-31 18:11:45"}
{"level":"info","message":"GET /api/appointments/all 200 - - 139.392 ms","timestamp":"2026-03-31 18:11:45"}
{"level":"info","message":"GET /api/users 304 - - 118.110 ms","timestamp":"2026-03-31 18:11:45"}
{"level":"info","message":"GET /api/appointments/all 304 - - 147.811 ms","timestamp":"2026-03-31 18:11:46"}
{"level":"info","message":"OPTIONS /api/attendance/2026/3 200 0 - 0.433 ms","timestamp":"2026-03-31 18:11:53"}
{"level":"info","message":"GET /api/attendance/2026/3 304 - - 141.811 ms","timestamp":"2026-03-31 18:11:53"}
{"level":"info","message":"OPTIONS /api/users 200 0 - 0.055 ms","timestamp":"2026-03-31 18:12:16"}
{"level":"info","message":"OPTIONS /api/tasks 200 0 - 0.040 ms","timestamp":"2026-03-31 18:12:16"}
{"level":"info","message":"OPTIONS /api/users 200 0 - 0.036 ms","timestamp":"2026-03-31 18:12:16"}
{"level":"info","message":"OPTIONS /api/tasks 200 0 - 0.039 ms","timestamp":"2026-03-31 18:12:16"}
{"level":"info","message":"GET /api/tasks 304 - - 75.036 ms","timestamp":"2026-03-31 18:12:17"}
{"level":"info","message":"GET /api/users 200 - - 107.718 ms","timestamp":"2026-03-31 18:12:17"}
{"level":"info","message":"GET /api/tasks 304 - - 69.888 ms","timestamp":"2026-03-31 18:12:17"}
{"level":"info","message":"GET /api/users 304 - - 82.827 ms","timestamp":"2026-03-31 18:12:17"}
{"level":"info","message":"OPTIONS /api/attendance/2026/3 200 0 - 0.057 ms","timestamp":"2026-03-31 18:12:23"}
{"level":"info","message":"GET /api/attendance/2026/3 304 - - 108.676 ms","timestamp":"2026-03-31 18:12:23"}
{"level":"info","message":"OPTIONS /api/appointments/search?phone=9843240703 200 0 - 0.166 ms","timestamp":"2026-03-31 18:12:35"}
{"level":"info","message":"GET /api/appointments/search?phone=9843240703 304 - - 52.396 ms","timestamp":"2026-03-31 18:12:36"}
{"level":"info","message":"OPTIONS /api/calls 200 0 - 0.060 ms","timestamp":"2026-03-31 18:12:41"}
{"level":"info","message":"POST /api/calls 201 256 - 52.915 ms","timestamp":"2026-03-31 18:12:41"}
{"level":"info","message":"OPTIONS /api/calls/69cbc141f3ce5100e37b0721 200 0 - 0.092 ms","timestamp":"2026-03-31 18:12:42"}
{"level":"info","message":"PATCH /api/calls/69cbc141f3ce5100e37b0721 200 253 - 44.501 ms","timestamp":"2026-03-31 18:12:42"}
{"level":"info","message":"OPTIONS /api/attendance/2026/3 200 0 - 0.202 ms","timestamp":"2026-03-31 18:12:53"}
{"level":"info","message":"GET /api/attendance/2026/3 304 - - 150.584 ms","timestamp":"2026-03-31 18:12:53"}
{"level":"info","message":"OPTIONS /api/attendance/2026/3 200 0 - 0.253 ms","timestamp":"2026-03-31 18:13:23"}
{"level":"info","message":"GET /api/attendance/2026/3 304 - - 150.068 ms","timestamp":"2026-03-31 18:13:23"}
{"level":"info","message":"OPTIONS /api/calls 200 0 - 0.056 ms","timestamp":"2026-03-31 18:13:24"}
{"level":"info","message":"POST /api/calls 201 256 - 48.964 ms","timestamp":"2026-03-31 18:13:24"}
{"level":"info","message":"OPTIONS /api/calls/69cbc16cf3ce5100e37b072d 200 0 - 0.076 ms","timestamp":"2026-03-31 18:13:24"}
{"level":"info","message":"PATCH /api/calls/69cbc16cf3ce5100e37b072d 200 253 - 49.736 ms","timestamp":"2026-03-31 18:13:24"}
{"level":"info","message":"OPTIONS /api/calls 200 0 - 0.086 ms","timestamp":"2026-03-31 18:13:37"}
{"level":"info","message":"POST /api/calls 201 256 - 48.714 ms","timestamp":"2026-03-31 18:13:37"}
{"level":"info","message":"OPTIONS /api/calls/69cbc179f3ce5100e37b0732 200 0 - 0.075 ms","timestamp":"2026-03-31 18:13:37"}
{"level":"info","message":"PATCH /api/calls/69cbc179f3ce5100e37b0732 200 253 - 49.349 ms","timestamp":"2026-03-31 18:13:37"}
{"level":"info","message":"OPTIONS /api/attendance/2026/3 200 0 - 0.185 ms","timestamp":"2026-03-31 18:13:53"}
{"level":"info","message":"GET /api/attendance/2026/3 304 - - 148.428 ms","timestamp":"2026-03-31 18:13:53"}
{"level":"info","message":"OPTIONS /api/attendance/2026/3 200 0 - 0.082 ms","timestamp":"2026-03-31 18:14:23"}
{"level":"info","message":"GET /api/attendance/2026/3 304 - - 131.571 ms","timestamp":"2026-03-31 18:14:23"}
{"level":"info","message":"OPTIONS /api/attendance/2026/3 200 0 - 0.432 ms","timestamp":"2026-03-31 18:14:53"}
{"level":"info","message":"GET /api/attendance/2026/3 304 - - 139.563 ms","timestamp":"2026-03-31 18:14:53"}
{"level":"info","message":"OPTIONS /api/appointments/revenue/report 200 0 - 0.107 ms","timestamp":"2026-03-31 18:14:59"}
{"level":"info","message":"OPTIONS /api/appointments/all 200 0 - 0.048 ms","timestamp":"2026-03-31 18:14:59"}
{"level":"info","message":"OPTIONS /api/users 200 0 - 0.052 ms","timestamp":"2026-03-31 18:14:59"}
{"level":"info","message":"OPTIONS /api/appointments/revenue/report 200 0 - 0.067 ms","timestamp":"2026-03-31 18:14:59"}
{"level":"info","message":"OPTIONS /api/users 200 0 - 0.061 ms","timestamp":"2026-03-31 18:14:59"}
{"level":"info","message":"POST /api/appointments/revenue/report 200 312 - 101.384 ms","timestamp":"2026-03-31 18:14:59"}
{"level":"info","message":"POST /api/appointments/revenue/report 200 312 - 114.468 ms","timestamp":"2026-03-31 18:14:59"}
{"level":"info","message":"GET /api/users 200 - - 127.026 ms","timestamp":"2026-03-31 18:14:59"}
{"level":"info","message":"GET /api/appointments/all 304 - - 146.482 ms","timestamp":"2026-03-31 18:14:59"}
{"level":"info","message":"GET /api/users 304 - - 122.024 ms","timestamp":"2026-03-31 18:14:59"}
{"level":"info","message":"GET /api/appointments/all 304 - - 124.077 ms","timestamp":"2026-03-31 18:14:59"}
{"level":"info","message":"OPTIONS /api/appointments/all 200 0 - 0.087 ms","timestamp":"2026-03-31 18:15:11"}
{"level":"info","message":"OPTIONS /api/users 200 0 - 0.042 ms","timestamp":"2026-03-31 18:15:11"}
{"level":"info","message":"GET /api/users 200 - - 142.042 ms","timestamp":"2026-03-31 18:15:11"}
{"level":"info","message":"GET /api/appointments/all 304 - - 159.367 ms","timestamp":"2026-03-31 18:15:11"}
{"level":"info","message":"OPTIONS /api/appointments/all 200 0 - 0.104 ms","timestamp":"2026-03-31 18:15:22"}
{"level":"info","message":"OPTIONS /api/users 200 0 - 0.052 ms","timestamp":"2026-03-31 18:15:22"}
{"level":"info","message":"GET /api/appointments/all 304 - - 135.496 ms","timestamp":"2026-03-31 18:15:22"}
{"level":"info","message":"GET /api/users 200 - - 125.135 ms","timestamp":"2026-03-31 18:15:22"}
{"level":"info","message":"OPTIONS /api/attendance/2026/3 200 0 - 0.327 ms","timestamp":"2026-03-31 18:15:23"}
{"level":"info","message":"GET /api/attendance/2026/3 304 - - 169.843 ms","timestamp":"2026-03-31 18:15:23"}
{"level":"info","message":"OPTIONS /api/attendance/2026/3 200 0 - 0.174 ms","timestamp":"2026-03-31 18:15:53"}
{"level":"info","message":"GET /api/attendance/2026/3 304 - - 162.251 ms","timestamp":"2026-03-31 18:15:53"}
{"level":"info","message":"OPTIONS /api/attendance/2026/3 200 0 - 0.166 ms","timestamp":"2026-03-31 18:16:23"}
{"level":"info","message":"GET /api/attendance/2026/3 304 - - 162.115 ms","timestamp":"2026-03-31 18:16:23"}
{"level":"info","message":"OPTIONS /api/attendance/2026/3 200 0 - 0.259 ms","timestamp":"2026-03-31 18:16:53"}
{"level":"info","message":"GET /api/attendance/2026/3 304 - - 191.667 ms","timestamp":"2026-03-31 18:16:53"}
{"level":"info","message":"OPTIONS /api/attendance/2026/3 200 0 - 0.347 ms","timestamp":"2026-03-31 18:17:31"}
{"level":"info","message":"GET /api/attendance/2026/3 304 - - 131.367 ms","timestamp":"2026-03-31 18:17:31"}
{"level":"info","message":"OPTIONS /api/attendance/2026/3 200 0 - 0.158 ms","timestamp":"2026-03-31 18:17:53"}
{"level":"info","message":"GET /api/attendance/2026/3 304 - - 144.046 ms","timestamp":"2026-03-31 18:17:53"}
{"level":"info","message":"OPTIONS /api/users 200 0 - 0.085 ms","timestamp":"2026-03-31 18:17:54"}
{"level":"info","message":"OPTIONS /api/tasks 200 0 - 0.054 ms","timestamp":"2026-03-31 18:17:54"}
{"level":"info","message":"OPTIONS /api/users 200 0 - 0.083 ms","timestamp":"2026-03-31 18:17:54"}
{"level":"info","message":"OPTIONS /api/tasks 200 0 - 0.068 ms","timestamp":"2026-03-31 18:17:55"}
{"level":"info","message":"GET /api/tasks 304 - - 78.454 ms","timestamp":"2026-03-31 18:17:55"}
{"level":"info","message":"GET /api/users 200 - - 147.603 ms","timestamp":"2026-03-31 18:17:55"}
{"level":"info","message":"GET /api/tasks 304 - - 93.460 ms","timestamp":"2026-03-31 18:17:55"}
{"level":"info","message":"GET /api/users 304 - - 93.601 ms","timestamp":"2026-03-31 18:17:55"}
{"level":"info","message":"OPTIONS /api/appointments/search?phone=9843240703 200 0 - 0.167 ms","timestamp":"2026-03-31 18:18:20"}
{"level":"info","message":"GET /api/appointments/search?phone=9843240703 304 - - 56.042 ms","timestamp":"2026-03-31 18:18:20"}
{"level":"info","message":"OPTIONS /api/calls 200 0 - 0.057 ms","timestamp":"2026-03-31 18:18:21"}
{"level":"info","message":"POST /api/calls 201 256 - 49.665 ms","timestamp":"2026-03-31 18:18:22"}
{"level":"info","message":"OPTIONS /api/calls/69cbc295f3ce5100e37b0791 200 0 - 0.068 ms","timestamp":"2026-03-31 18:18:22"}
{"level":"info","message":"PATCH /api/calls/69cbc295f3ce5100e37b0791 200 253 - 48.823 ms","timestamp":"2026-03-31 18:18:22"}
{"level":"info","message":"OPTIONS /api/attendance/2026/3 200 0 - 0.100 ms","timestamp":"2026-03-31 18:18:23"}
{"level":"info","message":"GET /api/attendance/2026/3 304 - - 134.220 ms","timestamp":"2026-03-31 18:18:23"}
{"level":"info","message":"OPTIONS /api/appointments/search?phone=9843240703 200 0 - 0.089 ms","timestamp":"2026-03-31 18:18:29"}
{"level":"info","message":"GET /api/appointments/search?phone=9843240703 304 - - 47.658 ms","timestamp":"2026-03-31 18:18:29"}
{"level":"info","message":"OPTIONS /api/calls 200 0 - 0.070 ms","timestamp":"2026-03-31 18:18:29"}
{"level":"info","message":"POST /api/calls 201 256 - 51.242 ms","timestamp":"2026-03-31 18:18:29"}
{"level":"info","message":"OPTIONS /api/calls/69cbc29df3ce5100e37b079c 200 0 - 0.081 ms","timestamp":"2026-03-31 18:18:30"}
{"level":"info","message":"PATCH /api/calls/69cbc29df3ce5100e37b079c 200 253 - 47.885 ms","timestamp":"2026-03-31 18:18:30"}
{"level":"info","message":"OPTIONS /api/appointments/search?phone=9843240703 200 0 - 0.178 ms","timestamp":"2026-03-31 18:18:36"}
{"level":"info","message":"GET /api/appointments/search?phone=9843240703 304 - - 51.101 ms","timestamp":"2026-03-31 18:18:36"}
{"level":"info","message":"GET /api/appointments/search?phone=9843240703 304 - - 48.965 ms","timestamp":"2026-03-31 18:18:38"}
{"level":"info","message":"OPTIONS /api/calls 200 0 - 0.063 ms","timestamp":"2026-03-31 18:18:38"}
{"level":"info","message":"POST /api/calls 201 256 - 48.662 ms","timestamp":"2026-03-31 18:18:39"}
{"level":"info","message":"OPTIONS /api/calls/69cbc2a7f3ce5100e37b07a5 200 0 - 0.139 ms","timestamp":"2026-03-31 18:18:39"}
{"level":"info","message":"PATCH /api/calls/69cbc2a7f3ce5100e37b07a5 200 253 - 57.555 ms","timestamp":"2026-03-31 18:18:39"}
{"level":"info","message":"OPTIONS /api/calls 200 0 - 0.058 ms","timestamp":"2026-03-31 18:18:45"}
{"level":"info","message":"POST /api/calls 201 256 - 46.401 ms","timestamp":"2026-03-31 18:18:45"}
{"level":"info","message":"OPTIONS /api/calls/69cbc2adf3ce5100e37b07aa 200 0 - 0.116 ms","timestamp":"2026-03-31 18:18:45"}
{"level":"info","message":"PATCH /api/calls/69cbc2adf3ce5100e37b07aa 200 253 - 53.970 ms","timestamp":"2026-03-31 18:18:45"}
{"level":"info","message":"OPTIONS /api/attendance/2026/3 200 0 - 0.173 ms","timestamp":"2026-03-31 18:18:53"}
{"level":"info","message":"GET /api/attendance/2026/3 304 - - 153.092 ms","timestamp":"2026-03-31 18:18:53"}
{"level":"info","message":"OPTIONS /api/attendance/2026/3 200 0 - 0.068 ms","timestamp":"2026-03-31 18:19:23"}
{"level":"info","message":"GET /api/attendance/2026/3 304 - - 124.537 ms","timestamp":"2026-03-31 18:19:23"}
{"level":"info","message":"OPTIONS /api/messages/unread-count 200 0 - 0.084 ms","timestamp":"2026-03-31 18:19:40"}
{"level":"info","message":"OPTIONS /api/messages/unread-count 200 0 - 0.097 ms","timestamp":"2026-03-31 18:19:40"}
{"level":"info","message":"GET /api/messages/unread-count 304 - - 51.138 ms","timestamp":"2026-03-31 18:19:40"}
{"level":"info","message":"GET /api/messages/unread-count 304 - - 54.506 ms","timestamp":"2026-03-31 18:19:40"}
{"level":"info","message":"OPTIONS /api/attendance/2026/3 200 0 - 0.100 ms","timestamp":"2026-03-31 18:19:41"}
{"level":"info","message":"OPTIONS /api/users 200 0 - 0.161 ms","timestamp":"2026-03-31 18:19:41"}
{"level":"info","message":"OPTIONS /api/attendance/2026/3 200 0 - 0.055 ms","timestamp":"2026-03-31 18:19:41"}
{"level":"info","message":"OPTIONS /api/tasks 200 0 - 0.050 ms","timestamp":"2026-03-31 18:19:41"}
{"level":"info","message":"GET /api/attendance/2026/3 304 - - 127.654 ms","timestamp":"2026-03-31 18:19:41"}
{"level":"info","message":"GET /api/tasks 304 - - 127.602 ms","timestamp":"2026-03-31 18:19:41"}
{"level":"info","message":"GET /api/users 200 - - 198.089 ms","timestamp":"2026-03-31 18:19:41"}
{"level":"info","message":"GET /api/tasks 304 - - 86.756 ms","timestamp":"2026-03-31 18:19:41"}
{"level":"info","message":"GET /api/users 304 - - 83.567 ms","timestamp":"2026-03-31 18:19:41"}
{"level":"info","message":"GET /api/attendance/2026/3 304 - - 215.480 ms","timestamp":"2026-03-31 18:19:41"}
{"level":"info","message":"OPTIONS /api/appointments/search?phone=9843240703 200 0 - 0.263 ms","timestamp":"2026-03-31 18:19:48"}
{"level":"info","message":"GET /api/appointments/search?phone=9843240703 304 - - 85.747 ms","timestamp":"2026-03-31 18:19:48"}
{"level":"info","message":"OPTIONS /api/calls 200 0 - 0.067 ms","timestamp":"2026-03-31 18:19:48"}
{"level":"info","message":"POST /api/calls 201 256 - 84.878 ms","timestamp":"2026-03-31 18:19:48"}
{"level":"info","message":"OPTIONS /api/calls/69cbc2ecf3ce5100e37b07d8 200 0 - 0.114 ms","timestamp":"2026-03-31 18:19:49"}
{"level":"info","message":"PATCH /api/calls/69cbc2ecf3ce5100e37b07d8 200 253 - 83.949 ms","timestamp":"2026-03-31 18:19:49"}
{"level":"info","message":"OPTIONS /api/messages/unread-count 200 0 - 0.055 ms","timestamp":"2026-03-31 18:19:53"}
{"level":"info","message":"OPTIONS /api/messages/unread-count 200 0 - 0.072 ms","timestamp":"2026-03-31 18:19:53"}
{"level":"info","message":"GET /api/messages/unread-count 304 - - 83.599 ms","timestamp":"2026-03-31 18:19:53"}
{"level":"info","message":"GET /api/messages/unread-count 304 - - 82.896 ms","timestamp":"2026-03-31 18:19:53"}
{"level":"info","message":"OPTIONS /api/attendance/2026/3 200 0 - 0.083 ms","timestamp":"2026-03-31 18:19:53"}
{"level":"info","message":"OPTIONS /api/users 200 0 - 0.075 ms","timestamp":"2026-03-31 18:19:53"}
{"level":"info","message":"OPTIONS /api/tasks 200 0 - 0.097 ms","timestamp":"2026-03-31 18:19:53"}
{"level":"info","message":"OPTIONS /api/attendance/2026/3 200 0 - 0.061 ms","timestamp":"2026-03-31 18:19:53"}
{"level":"info","message":"GET /api/users 200 - - 124.229 ms","timestamp":"2026-03-31 18:19:53"}
{"level":"info","message":"GET /api/tasks 304 - - 140.305 ms","timestamp":"2026-03-31 18:19:53"}
{"level":"info","message":"GET /api/users 304 - - 85.149 ms","timestamp":"2026-03-31 18:19:54"}
{"level":"info","message":"GET /api/attendance/2026/3 304 - - 236.656 ms","timestamp":"2026-03-31 18:19:54"}
{"level":"info","message":"GET /api/tasks 304 - - 119.719 ms","timestamp":"2026-03-31 18:19:54"}
{"level":"info","message":"GET /api/attendance/2026/3 304 - - 189.791 ms","timestamp":"2026-03-31 18:19:54"}
{"level":"info","message":"OPTIONS /api/appointments/search?phone=9843240703 200 0 - 0.084 ms","timestamp":"2026-03-31 18:20:00"}
{"level":"info","message":"GET /api/appointments/search?phone=9843240703 304 - - 84.257 ms","timestamp":"2026-03-31 18:20:00"}
{"level":"info","message":"OPTIONS /api/calls 200 0 - 0.087 ms","timestamp":"2026-03-31 18:20:01"}
{"level":"info","message":"POST /api/calls 201 256 - 91.338 ms","timestamp":"2026-03-31 18:20:01"}
{"level":"info","message":"OPTIONS /api/calls/69cbc2f9f3ce5100e37b07ff 200 0 - 0.099 ms","timestamp":"2026-03-31 18:20:02"}
{"level":"info","message":"PATCH /api/calls/69cbc2f9f3ce5100e37b07ff 200 253 - 98.497 ms","timestamp":"2026-03-31 18:20:02"}
{"level":"info","message":"OPTIONS /api/attendance/2026/3 200 0 - 0.180 ms","timestamp":"2026-03-31 18:20:23"}
{"level":"info","message":"GET /api/attendance/2026/3 304 - - 249.070 ms","timestamp":"2026-03-31 18:20:24"}
{"level":"info","message":"OPTIONS /api/attendance/2026/3 200 0 - 0.071 ms","timestamp":"2026-03-31 18:20:54"}
{"level":"info","message":"GET /api/attendance/2026/3 304 - - 204.689 ms","timestamp":"2026-03-31 18:20:54"}
{"level":"info","message":"OPTIONS /api/attendance/2026/3 200 0 - 0.236 ms","timestamp":"2026-03-31 18:21:24"}
{"level":"info","message":"GET /api/attendance/2026/3 304 - - 212.680 ms","timestamp":"2026-03-31 18:21:24"}
{"level":"info","message":"OPTIONS /api/messages/unread-count 200 0 - 0.084 ms","timestamp":"2026-03-31 18:21:33"}
{"level":"info","message":"OPTIONS /api/messages/unread-count 200 0 - 0.100 ms","timestamp":"2026-03-31 18:21:33"}
{"level":"info","message":"GET /api/messages/unread-count - - - - ms","timestamp":"2026-03-31 18:21:33"}
{"level":"info","message":"GET /api/messages/unread-count 200 17 - 79.051 ms","timestamp":"2026-03-31 18:21:34"}
{"level":"info","message":"GET /api/messages/unread-count 304 - - 85.262 ms","timestamp":"2026-03-31 18:21:34"}
{"level":"info","message":"OPTIONS /api/attendance/2026/3 200 0 - 0.105 ms","timestamp":"2026-03-31 18:21:35"}
{"level":"info","message":"OPTIONS /api/users 200 0 - 0.053 ms","timestamp":"2026-03-31 18:21:35"}
{"level":"info","message":"OPTIONS /api/tasks 200 0 - 0.067 ms","timestamp":"2026-03-31 18:21:35"}
{"level":"info","message":"GET /api/tasks 304 - - 135.814 ms","timestamp":"2026-03-31 18:21:35"}
{"level":"info","message":"GET /api/attendance/2026/3 304 - - 208.221 ms","timestamp":"2026-03-31 18:21:35"}
{"level":"info","message":"GET /api/users 200 - - 220.293 ms","timestamp":"2026-03-31 18:21:35"}
{"level":"info","message":"GET /api/tasks 304 - - 137.270 ms","timestamp":"2026-03-31 18:21:35"}
{"level":"info","message":"GET /api/attendance/2026/3 304 - - 198.046 ms","timestamp":"2026-03-31 18:21:35"}
{"level":"info","message":"GET /api/users 304 - - 220.061 ms","timestamp":"2026-03-31 18:21:35"}
{"level":"info","message":"OPTIONS /api/attendance/2026/3 200 0 - 0.121 ms","timestamp":"2026-03-31 18:22:06"}
{"level":"info","message":"GET /api/attendance/2026/3 304 - - 221.681 ms","timestamp":"2026-03-31 18:22:06"}
{"level":"info","message":"OPTIONS /api/attendance/2026/3 200 0 - 0.181 ms","timestamp":"2026-03-31 18:22:36"}
{"level":"info","message":"GET /api/attendance/2026/3 304 - - 218.172 ms","timestamp":"2026-03-31 18:22:36"}
{"level":"info","message":"OPTIONS /api/attendance/2026/3 200 0 - 0.078 ms","timestamp":"2026-03-31 18:23:06"}
{"level":"info","message":"GET /api/attendance/2026/3 304 - - 204.150 ms","timestamp":"2026-03-31 18:23:06"}
{"level":"info","message":"OPTIONS /api/attendance/2026/3 200 0 - 0.152 ms","timestamp":"2026-03-31 18:23:36"}
{"level":"info","message":"GET /api/attendance/2026/3 304 - - 225.184 ms","timestamp":"2026-03-31 18:23:36"}
{"level":"info","message":"OPTIONS /api/attendance/2026/3 200 0 - 0.106 ms","timestamp":"2026-03-31 18:24:06"}
{"level":"info","message":"GET /api/attendance/2026/3 304 - - 202.969 ms","timestamp":"2026-03-31 18:24:06"}
{"level":"info","message":"OPTIONS /api/attendance/2026/3 200 0 - 0.081 ms","timestamp":"2026-03-31 18:24:36"}
{"level":"info","message":"GET /api/attendance/2026/3 304 - - 138.629 ms","timestamp":"2026-03-31 18:24:36"}
{"level":"info","message":"OPTIONS /api/attendance/2026/3 200 0 - 0.169 ms","timestamp":"2026-03-31 18:25:20"}
{"level":"info","message":"GET /api/attendance/2026/3 304 - - 140.600 ms","timestamp":"2026-03-31 18:25:20"}
{"level":"info","message":"OPTIONS /api/attendance/2026/3 200 0 - 0.296 ms","timestamp":"2026-03-31 18:26:20"}
{"level":"info","message":"GET /api/attendance/2026/3 304 - - 233.620 ms","timestamp":"2026-03-31 18:26:20"}
{"level":"info","message":"OPTIONS /api/attendance/2026/3 200 0 - 0.145 ms","timestamp":"2026-03-31 18:27:20"}
{"level":"info","message":"GET /api/attendance/2026/3 304 - - 137.180 ms","timestamp":"2026-03-31 18:27:20"}
{"level":"info","message":"OPTIONS /api/attendance/2026/3 200 0 - 0.086 ms","timestamp":"2026-03-31 18:28:20"}
{"level":"info","message":"GET /api/attendance/2026/3 304 - - 160.493 ms","timestamp":"2026-03-31 18:28:20"}
{"level":"info","message":"OPTIONS /api/attendance/2026/3 200 0 - 0.178 ms","timestamp":"2026-03-31 18:29:20"}
{"level":"info","message":"GET /api/attendance/2026/3 304 - - 188.666 ms","timestamp":"2026-03-31 18:29:20"}
{"level":"info","message":"OPTIONS /api/attendance/2026/3 200 0 - 0.554 ms","timestamp":"2026-03-31 18:30:20"}
{"level":"info","message":"GET /api/attendance/2026/3 200 - - 185.040 ms","timestamp":"2026-03-31 18:30:20"}
{"level":"info","message":"OPTIONS /api/attendance/2026/3 200 0 - 0.138 ms","timestamp":"2026-03-31 18:31:20"}
{"level":"info","message":"GET /api/attendance/2026/3 200 - - 246.663 ms","timestamp":"2026-03-31 18:31:20"}
{"level":"info","message":"OPTIONS /api/attendance/2026/3 200 0 - 0.190 ms","timestamp":"2026-03-31 18:32:20"}
{"level":"info","message":"GET /api/attendance/2026/3 200 - - 127.634 ms","timestamp":"2026-03-31 18:32:20"}
{"level":"info","message":"OPTIONS /api/attendance/2026/3 200 0 - 0.104 ms","timestamp":"2026-03-31 18:33:20"}
{"level":"info","message":"GET /api/attendance/2026/3 200 - - 126.208 ms","timestamp":"2026-03-31 18:33:20"}
{"level":"info","message":"OPTIONS /api/attendance/2026/3 200 0 - 0.059 ms","timestamp":"2026-03-31 18:34:20"}
{"level":"info","message":"GET /api/attendance/2026/3 304 - - 135.668 ms","timestamp":"2026-03-31 18:34:20"}
{"level":"info","message":"OPTIONS /api/attendance/2026/3 200 0 - 0.252 ms","timestamp":"2026-03-31 18:35:20"}
{"level":"info","message":"GET /api/attendance/2026/3 304 - - 217.369 ms","timestamp":"2026-03-31 18:35:20"}
{"level":"info","message":"OPTIONS /api/attendance/2026/3 200 0 - 0.073 ms","timestamp":"2026-03-31 18:36:20"}
{"level":"info","message":"GET /api/attendance/2026/3 200 - - 256.272 ms","timestamp":"2026-03-31 18:36:20"}
{"level":"info","message":"OPTIONS /api/attendance/2026/3 200 0 - 0.139 ms","timestamp":"2026-03-31 18:36:36"}
{"level":"info","message":"GET /api/attendance/2026/3 304 - - 205.938 ms","timestamp":"2026-03-31 18:36:36"}
{"level":"info","message":"OPTIONS /api/attendance/2026/3 200 0 - 0.113 ms","timestamp":"2026-03-31 18:37:06"}
{"level":"info","message":"GET /api/attendance/2026/3 304 - - 199.547 ms","timestamp":"2026-03-31 18:37:06"}
{"level":"info","message":"OPTIONS /api/attendance/2026/3 200 0 - 0.090 ms","timestamp":"2026-03-31 18:37:36"}
{"level":"info","message":"GET /api/attendance/2026/3 304 - - 210.379 ms","timestamp":"2026-03-31 18:37:36"}
{"level":"info","message":"OPTIONS /api/appointments/search?phone=9843240703 200 0 - 0.078 ms","timestamp":"2026-03-31 18:37:45"}
{"level":"info","message":"GET /api/appointments/search?phone=9843240703 304 - - 77.102 ms","timestamp":"2026-03-31 18:37:45"}
{"level":"info","message":"OPTIONS /api/calls 200 0 - 0.119 ms","timestamp":"2026-03-31 18:37:46"}
{"level":"info","message":"POST /api/calls 201 256 - 80.907 ms","timestamp":"2026-03-31 18:37:46"}
{"level":"info","message":"OPTIONS /api/calls/69cbc722f3ce5100e37b0885 200 0 - 0.066 ms","timestamp":"2026-03-31 18:37:47"}
{"level":"info","message":"PATCH /api/calls/69cbc722f3ce5100e37b0885 200 253 - 81.542 ms","timestamp":"2026-03-31 18:37:47"}
{"level":"info","message":"OPTIONS /api/attendance/2026/3 200 0 - 0.076 ms","timestamp":"2026-03-31 18:38:05"}
{"level":"info","message":"GET /api/attendance/2026/3 304 - - 210.483 ms","timestamp":"2026-03-31 18:38:05"}
{"level":"info","message":"OPTIONS /api/calls 200 0 - 0.072 ms","timestamp":"2026-03-31 18:38:31"}
{"level":"info","message":"POST /api/calls 201 256 - 78.596 ms","timestamp":"2026-03-31 18:38:31"}
{"level":"info","message":"OPTIONS /api/calls/69cbc74ff3ce5100e37b088d 200 0 - 0.071 ms","timestamp":"2026-03-31 18:38:32"}
{"level":"info","message":"PATCH /api/calls/69cbc74ff3ce5100e37b088d 200 253 - 77.125 ms","timestamp":"2026-03-31 18:38:32"}
{"level":"info","message":"OPTIONS /api/attendance/2026/3 200 0 - 0.056 ms","timestamp":"2026-03-31 18:38:35"}
{"level":"info","message":"GET /api/attendance/2026/3 304 - - 242.960 ms","timestamp":"2026-03-31 18:38:35"}
{"level":"info","message":"OPTIONS /api/attendance/2026/3 200 0 - 0.082 ms","timestamp":"2026-03-31 18:39:06"}
{"level":"info","message":"GET /api/attendance/2026/3 304 - - 196.254 ms","timestamp":"2026-03-31 18:39:06"}
{"level":"info","message":"OPTIONS /api/attendance/2026/3 200 0 - 0.134 ms","timestamp":"2026-03-31 18:39:36"}
{"level":"info","message":"GET /api/attendance/2026/3 304 - - 215.266 ms","timestamp":"2026-03-31 18:39:36"}
{"level":"info","message":"OPTIONS /api/attendance/2026/3 200 0 - 0.081 ms","timestamp":"2026-03-31 18:40:06"}
{"level":"info","message":"GET /api/attendance/2026/3 304 - - 208.882 ms","timestamp":"2026-03-31 18:40:06"}
{"level":"info","message":"OPTIONS /api/attendance/2026/3 200 0 - 0.056 ms","timestamp":"2026-03-31 18:40:36"}
{"level":"info","message":"GET /api/attendance/2026/3 304 - - 216.120 ms","timestamp":"2026-03-31 18:40:36"}
{"level":"info","message":"OPTIONS /api/attendance/2026/3 200 0 - 0.078 ms","timestamp":"2026-03-31 18:41:06"}
{"level":"info","message":"GET /api/attendance/2026/3 304 - - 196.787 ms","timestamp":"2026-03-31 18:41:06"}
{"level":"info","message":"OPTIONS /api/messages/unread-count 200 0 - 0.102 ms","timestamp":"2026-03-31 18:41:20"}
{"level":"info","message":"OPTIONS /api/messages/unread-count 200 0 - 0.052 ms","timestamp":"2026-03-31 18:41:20"}
{"level":"info","message":"GET /api/messages/unread-count - - - - ms","timestamp":"2026-03-31 18:41:20"}
{"level":"info","message":"GET /api/messages/unread-count - - - - ms","timestamp":"2026-03-31 18:41:20"}
{"level":"info","message":"GET /api/messages/unread-count 200 17 - 84.088 ms","timestamp":"2026-03-31 18:41:21"}
{"level":"info","message":"GET /api/messages/unread-count 304 - - 80.914 ms","timestamp":"2026-03-31 18:41:21"}
{"level":"info","message":"OPTIONS /api/attendance/2026/3 200 0 - 0.082 ms","timestamp":"2026-03-31 18:41:21"}
{"level":"info","message":"OPTIONS /api/users 200 0 - 0.058 ms","timestamp":"2026-03-31 18:41:21"}
{"level":"info","message":"OPTIONS /api/tasks 200 0 - 0.080 ms","timestamp":"2026-03-31 18:41:21"}
{"level":"info","message":"OPTIONS /api/tasks 200 0 - 0.047 ms","timestamp":"2026-03-31 18:41:21"}
{"level":"info","message":"GET /api/tasks 304 - - 105.740 ms","timestamp":"2026-03-31 18:41:22"}
{"level":"info","message":"GET /api/attendance/2026/3 304 - - 208.191 ms","timestamp":"2026-03-31 18:41:22"}
{"level":"info","message":"GET /api/tasks 304 - - 125.857 ms","timestamp":"2026-03-31 18:41:22"}
{"level":"info","message":"GET /api/users 200 - - 234.904 ms","timestamp":"2026-03-31 18:41:22"}
{"level":"info","message":"GET /api/attendance/2026/3 304 - - 186.656 ms","timestamp":"2026-03-31 18:41:22"}
{"level":"info","message":"GET /api/users 304 - - 198.438 ms","timestamp":"2026-03-31 18:41:22"}
{"level":"info","message":"OPTIONS /api/attendance/2026/3 200 0 - 0.303 ms","timestamp":"2026-03-31 18:41:52"}
{"level":"info","message":"GET /api/attendance/2026/3 304 - - 227.635 ms","timestamp":"2026-03-31 18:41:52"}
{"level":"info","message":"OPTIONS /api/attendance/2026/3 200 0 - 0.084 ms","timestamp":"2026-03-31 18:42:22"}
{"level":"info","message":"GET /api/attendance/2026/3 304 - - 137.676 ms","timestamp":"2026-03-31 18:42:22"}
{"level":"info","message":"OPTIONS /api/attendance/2026/3 200 0 - 0.123 ms","timestamp":"2026-03-31 18:42:52"}
{"level":"info","message":"GET /api/attendance/2026/3 200 - - 143.250 ms","timestamp":"2026-03-31 18:42:52"}
{"level":"info","message":"OPTIONS /api/attendance/2026/3 200 0 - 0.057 ms","timestamp":"2026-03-31 18:42:58"}
{"level":"info","message":"OPTIONS /api/users 200 0 - 0.058 ms","timestamp":"2026-03-31 18:42:58"}
{"level":"info","message":"OPTIONS /api/tasks 200 0 - 0.045 ms","timestamp":"2026-03-31 18:42:58"}
{"level":"info","message":"GET /api/tasks 304 - - 70.816 ms","timestamp":"2026-03-31 18:42:58"}
{"level":"info","message":"GET /api/users 200 - - 132.302 ms","timestamp":"2026-03-31 18:42:58"}
{"level":"info","message":"GET /api/attendance/2026/3 304 - - 164.885 ms","timestamp":"2026-03-31 18:42:58"}
{"level":"info","message":"GET /api/tasks 304 - - 98.935 ms","timestamp":"2026-03-31 18:42:58"}
{"level":"info","message":"GET /api/users 304 - - 103.936 ms","timestamp":"2026-03-31 18:42:58"}
{"level":"info","message":"GET /api/attendance/2026/3 304 - - 115.566 ms","timestamp":"2026-03-31 18:42:58"}
{"level":"info","message":"OPTIONS /api/attendance/2026/3 200 0 - 0.099 ms","timestamp":"2026-03-31 18:43:29"}
{"level":"info","message":"GET /api/attendance/2026/3 304 - - 110.778 ms","timestamp":"2026-03-31 18:43:29"}
{"level":"info","message":"OPTIONS /api/attendance/2026/3 200 0 - 0.085 ms","timestamp":"2026-03-31 18:43:59"}
{"level":"info","message":"GET /api/attendance/2026/3 304 - - 136.914 ms","timestamp":"2026-03-31 18:43:59"}
{"level":"info","message":"OPTIONS /api/attendance/2026/3 200 0 - 0.257 ms","timestamp":"2026-03-31 18:44:29"}
{"level":"info","message":"GET /api/attendance/2026/3 304 - - 169.088 ms","timestamp":"2026-03-31 18:44:29"}
{"level":"info","message":"OPTIONS /api/attendance/2026/3 200 0 - 0.114 ms","timestamp":"2026-03-31 18:44:59"}
{"level":"info","message":"GET /api/attendance/2026/3 304 - - 159.061 ms","timestamp":"2026-03-31 18:44:59"}
{"level":"info","message":"OPTIONS /api/attendance/2026/3 200 0 - 0.119 ms","timestamp":"2026-03-31 18:45:29"}
{"level":"info","message":"GET /api/attendance/2026/3 304 - - 128.859 ms","timestamp":"2026-03-31 18:45:29"}
