{"level":"info","message":"🚀 Server running on http://localhost:5000","timestamp":"2026-02-04 09:58:25"}
{"level":"info","message":"📡 Socket.IO server ready for connections","timestamp":"2026-02-04 09:58:25"}
{"level":"info","message":"🚀 Server running on http://localhost:5000","timestamp":"2026-02-04 09:58:28"}
{"level":"info","message":"📡 Socket.IO server ready for connections","timestamp":"2026-02-04 09:58:28"}
{"level":"info","message":"🚀 Server running on http://localhost:5000","timestamp":"2026-02-04 09:58:31"}
{"level":"info","message":"📡 Socket.IO server ready for connections","timestamp":"2026-02-04 09:58:31"}
{"level":"info","message":"🚀 Server running on http://localhost:5000","timestamp":"2026-02-04 09:58:34"}
{"level":"info","message":"📡 Socket.IO server ready for connections","timestamp":"2026-02-04 09:58:34"}
{"level":"info","message":"🚀 Server running on http://localhost:5000","timestamp":"2026-02-04 09:58:37"}
{"level":"info","message":"📡 Socket.IO server ready for connections","timestamp":"2026-02-04 09:58:37"}
{"level":"info","message":"🚀 Server running on http://localhost:5000","timestamp":"2026-02-04 09:58:40"}
{"level":"info","message":"📡 Socket.IO server ready for connections","timestamp":"2026-02-04 09:58:40"}
{"level":"info","message":"🚀 Server running on http://localhost:5000","timestamp":"2026-02-04 09:58:43"}
{"level":"info","message":"📡 Socket.IO server ready for connections","timestamp":"2026-02-04 09:58:43"}
{"level":"info","message":"🚀 Server running on http://localhost:5000","timestamp":"2026-02-04 09:58:46"}
{"level":"info","message":"📡 Socket.IO server ready for connections","timestamp":"2026-02-04 09:58:46"}
{"level":"info","message":"🚀 Server running on http://localhost:5000","timestamp":"2026-02-04 09:58:52"}
{"level":"info","message":"📡 Socket.IO server ready for connections","timestamp":"2026-02-04 09:58:52"}
{"level":"info","message":"🚀 Server running on http://localhost:5000","timestamp":"2026-02-04 09:58:55"}
{"level":"info","message":"📡 Socket.IO server ready for connections","timestamp":"2026-02-04 09:58:55"}
{"level":"info","message":"🚀 Server running on http://localhost:5000","timestamp":"2026-02-04 09:58:59"}
{"level":"info","message":"📡 Socket.IO server ready for connections","timestamp":"2026-02-04 09:58:59"}
{"level":"info","message":"🚀 Server running on http://localhost:5000","timestamp":"2026-02-04 09:59:02"}
{"level":"info","message":"📡 Socket.IO server ready for connections","timestamp":"2026-02-04 09:59:02"}
{"level":"info","message":"🚀 Server running on http://localhost:5000","timestamp":"2026-02-04 09:59:05"}
{"level":"info","message":"📡 Socket.IO server ready for connections","timestamp":"2026-02-04 09:59:05"}
{"level":"info","message":"🚀 Server running on http://localhost:5000","timestamp":"2026-02-04 09:59:08"}
{"level":"info","message":"📡 Socket.IO server ready for connections","timestamp":"2026-02-04 09:59:08"}
{"level":"info","message":"🚀 Server running on http://localhost:5000","timestamp":"2026-02-04 09:59:11"}
{"level":"info","message":"📡 Socket.IO server ready for connections","timestamp":"2026-02-04 09:59:11"}
{"level":"info","message":"🚀 Server running on http://localhost:5000","timestamp":"2026-02-04 09:59:14"}
{"level":"info","message":"📡 Socket.IO server ready for connections","timestamp":"2026-02-04 09:59:14"}
{"level":"info","message":"🚀 Server running on http://localhost:5000","timestamp":"2026-02-04 09:59:17"}
{"level":"info","message":"📡 Socket.IO server ready for connections","timestamp":"2026-02-04 09:59:17"}
{"level":"info","message":"🚀 Server running on http://localhost:5000","timestamp":"2026-02-04 09:59:19"}
{"level":"info","message":"📡 Socket.IO server ready for connections","timestamp":"2026-02-04 09:59:19"}
{"level":"info","message":"🚀 Server running on http://localhost:5000","timestamp":"2026-02-04 09:59:22"}
{"level":"info","message":"📡 Socket.IO server ready for connections","timestamp":"2026-02-04 09:59:22"}
{"level":"info","message":"🚀 Server running on http://localhost:5000","timestamp":"2026-02-04 09:59:25"}
{"level":"info","message":"🚀 Server running on http://localhost:5000","timestamp":"2026-02-04 09:59:29"}
{"level":"info","message":"📡 Socket.IO server ready for connections","timestamp":"2026-02-04 09:59:29"}
{"level":"info","message":"🚀 Server running on http://localhost:5000","timestamp":"2026-02-04 09:59:32"}
{"level":"info","message":"📡 Socket.IO server ready for connections","timestamp":"2026-02-04 09:59:32"}
{"level":"info","message":"🚀 Server running on http://localhost:5000","timestamp":"2026-02-04 09:59:34"}
{"level":"info","message":"📡 Socket.IO server ready for connections","timestamp":"2026-02-04 09:59:34"}
{"level":"info","message":"🚀 Server running on http://localhost:5000","timestamp":"2026-02-04 09:59:37"}
{"level":"info","message":"📡 Socket.IO server ready for connections","timestamp":"2026-02-04 09:59:37"}
{"level":"info","message":"🚀 Server running on http://localhost:5000","timestamp":"2026-02-04 09:59:40"}
{"level":"info","message":"📡 Socket.IO server ready for connections","timestamp":"2026-02-04 09:59:40"}
{"level":"info","message":"🚀 Server running on http://localhost:5000","timestamp":"2026-02-04 09:59:43"}
{"level":"info","message":"📡 Socket.IO server ready for connections","timestamp":"2026-02-04 09:59:43"}
{"level":"info","message":"🚀 Server running on http://localhost:5000","timestamp":"2026-02-04 09:59:46"}
{"level":"info","message":"📡 Socket.IO server ready for connections","timestamp":"2026-02-04 09:59:46"}
{"level":"info","message":"🚀 Server running on http://localhost:5000","timestamp":"2026-02-04 09:59:49"}
{"level":"info","message":"📡 Socket.IO server ready for connections","timestamp":"2026-02-04 09:59:49"}
{"level":"info","message":"🚀 Server running on http://localhost:5000","timestamp":"2026-02-04 09:59:52"}
{"level":"info","message":"📡 Socket.IO server ready for connections","timestamp":"2026-02-04 09:59:52"}
{"level":"info","message":"🚀 Server running on http://localhost:5000","timestamp":"2026-02-04 09:59:55"}
{"level":"info","message":"📡 Socket.IO server ready for connections","timestamp":"2026-02-04 09:59:55"}
{"level":"info","message":"🚀 Server running on http://localhost:5000","timestamp":"2026-02-04 09:59:58"}
{"level":"info","message":"📡 Socket.IO server ready for connections","timestamp":"2026-02-04 09:59:58"}
{"level":"info","message":"🚀 Server running on http://localhost:5000","timestamp":"2026-02-04 10:00:01"}
{"level":"info","message":"📡 Socket.IO server ready for connections","timestamp":"2026-02-04 10:00:01"}
{"level":"info","message":"🚀 Server running on http://localhost:5000","timestamp":"2026-02-04 10:00:04"}
{"level":"info","message":"📡 Socket.IO server ready for connections","timestamp":"2026-02-04 10:00:04"}
{"level":"info","message":"🚀 Server running on http://localhost:5000","timestamp":"2026-02-04 10:00:07"}
{"level":"info","message":"📡 Socket.IO server ready for connections","timestamp":"2026-02-04 10:00:07"}
{"level":"info","message":"🚀 Server running on http://localhost:5000","timestamp":"2026-02-04 10:00:10"}
{"level":"info","message":"📡 Socket.IO server ready for connections","timestamp":"2026-02-04 10:00:10"}
{"level":"info","message":"🚀 Server running on http://localhost:5000","timestamp":"2026-02-04 10:00:13"}
{"level":"info","message":"📡 Socket.IO server ready for connections","timestamp":"2026-02-04 10:00:13"}
{"level":"info","message":"🚀 Server running on http://localhost:5000","timestamp":"2026-02-04 10:00:16"}
{"level":"info","message":"📡 Socket.IO server ready for connections","timestamp":"2026-02-04 10:00:16"}
{"level":"info","message":"🚀 Server running on http://localhost:5000","timestamp":"2026-02-04 10:00:19"}
{"level":"info","message":"📡 Socket.IO server ready for connections","timestamp":"2026-02-04 10:00:19"}
{"level":"info","message":"🚀 Server running on http://localhost:5000","timestamp":"2026-02-04 10:00:22"}
{"level":"info","message":"📡 Socket.IO server ready for connections","timestamp":"2026-02-04 10:00:22"}
{"level":"info","message":"🚀 Server running on http://localhost:5000","timestamp":"2026-02-04 10:00:25"}
{"level":"info","message":"📡 Socket.IO server ready for connections","timestamp":"2026-02-04 10:00:25"}
{"level":"info","message":"🚀 Server running on http://localhost:5000","timestamp":"2026-02-04 10:00:28"}
{"level":"info","message":"📡 Socket.IO server ready for connections","timestamp":"2026-02-04 10:00:28"}
{"level":"info","message":"🚀 Server running on http://localhost:5000","timestamp":"2026-02-04 10:00:32"}
{"level":"info","message":"📡 Socket.IO server ready for connections","timestamp":"2026-02-04 10:00:32"}
{"level":"info","message":"🚀 Server running on http://localhost:5000","timestamp":"2026-02-04 10:00:35"}
{"level":"info","message":"📡 Socket.IO server ready for connections","timestamp":"2026-02-04 10:00:35"}
{"level":"info","message":"🚀 Server running on http://localhost:5000","timestamp":"2026-02-04 10:00:38"}
{"level":"info","message":"📡 Socket.IO server ready for connections","timestamp":"2026-02-04 10:00:38"}
{"level":"info","message":"🚀 Server running on http://localhost:5000","timestamp":"2026-02-04 10:00:41"}
{"level":"info","message":"📡 Socket.IO server ready for connections","timestamp":"2026-02-04 10:00:41"}
{"level":"info","message":"🚀 Server running on http://localhost:5000","timestamp":"2026-02-04 10:00:45"}
{"level":"info","message":"📡 Socket.IO server ready for connections","timestamp":"2026-02-04 10:00:45"}
{"level":"info","message":"🚀 Server running on http://localhost:5000","timestamp":"2026-02-04 10:00:48"}
{"level":"info","message":"📡 Socket.IO server ready for connections","timestamp":"2026-02-04 10:00:48"}
{"level":"info","message":"🚀 Server running on http://localhost:5000","timestamp":"2026-02-04 10:00:51"}
{"level":"info","message":"🚀 Server running on http://localhost:5000","timestamp":"2026-02-04 10:00:54"}
{"level":"info","message":"🚀 Server running on http://localhost:5000","timestamp":"2026-02-04 10:00:58"}
{"level":"info","message":"📡 Socket.IO server ready for connections","timestamp":"2026-02-04 10:00:58"}
{"level":"info","message":"🚀 Server running on http://localhost:5000","timestamp":"2026-02-04 10:01:03"}
{"level":"info","message":"📡 Socket.IO server ready for connections","timestamp":"2026-02-04 10:01:03"}
{"level":"info","message":"🚀 Server running on http://localhost:5000","timestamp":"2026-02-04 10:01:07"}
{"level":"info","message":"📡 Socket.IO server ready for connections","timestamp":"2026-02-04 10:01:07"}
{"level":"info","message":"🚀 Server running on http://localhost:5000","timestamp":"2026-02-04 10:01:10"}
{"level":"info","message":"📡 Socket.IO server ready for connections","timestamp":"2026-02-04 10:01:10"}
{"level":"info","message":"🚀 Server running on http://localhost:5000","timestamp":"2026-02-04 10:01:13"}
{"level":"info","message":"📡 Socket.IO server ready for connections","timestamp":"2026-02-04 10:01:13"}
{"level":"info","message":"🚀 Server running on http://localhost:5000","timestamp":"2026-02-04 10:01:16"}
{"level":"info","message":"📡 Socket.IO server ready for connections","timestamp":"2026-02-04 10:01:16"}
{"level":"info","message":"🚀 Server running on http://localhost:5000","timestamp":"2026-02-04 10:01:20"}
{"level":"info","message":"📡 Socket.IO server ready for connections","timestamp":"2026-02-04 10:01:20"}
{"level":"info","message":"🚀 Server running on http://localhost:5000","timestamp":"2026-02-04 10:01:23"}
{"level":"info","message":"📡 Socket.IO server ready for connections","timestamp":"2026-02-04 10:01:23"}
{"level":"info","message":"🚀 Server running on http://localhost:5000","timestamp":"2026-02-04 10:01:26"}
{"level":"info","message":"📡 Socket.IO server ready for connections","timestamp":"2026-02-04 10:01:26"}
{"level":"info","message":"🚀 Server running on http://localhost:5000","timestamp":"2026-02-04 10:01:29"}
{"level":"info","message":"📡 Socket.IO server ready for connections","timestamp":"2026-02-04 10:01:29"}
{"level":"info","message":"🚀 Server running on http://localhost:5000","timestamp":"2026-02-04 10:01:32"}
{"level":"info","message":"📡 Socket.IO server ready for connections","timestamp":"2026-02-04 10:01:32"}
{"level":"info","message":"🚀 Server running on http://localhost:5000","timestamp":"2026-02-04 10:01:35"}
{"level":"info","message":"📡 Socket.IO server ready for connections","timestamp":"2026-02-04 10:01:35"}
{"level":"info","message":"🚀 Server running on http://localhost:5000","timestamp":"2026-02-04 10:03:11"}
{"level":"info","message":"📡 Socket.IO server ready for connections","timestamp":"2026-02-04 10:03:11"}
{"level":"info","message":"✅ Redis Clients (Pub/Sub) Connected and Ready","timestamp":"2026-02-04 10:03:11"}
{"level":"info","message":"OPTIONS /api/auth/login 200 0 - 3.853 ms","timestamp":"2026-02-04 10:04:45"}
{"level":"info","message":"POST /api/auth/login 200 662 - 298.672 ms","timestamp":"2026-02-04 10:04:45"}
{"level":"info","message":"OPTIONS /api/messages/unread-count 200 0 - 0.217 ms","timestamp":"2026-02-04 10:04:45"}
{"level":"info","message":"GET /api/messages/unread-count 200 17 - 61.998 ms","timestamp":"2026-02-04 10:04:45"}
{"level":"info","message":"OPTIONS /api/attendance/2026/2 200 0 - 0.157 ms","timestamp":"2026-02-04 10:04:46"}
{"level":"info","message":"OPTIONS /api/appointments/revenue/reports 200 0 - 0.082 ms","timestamp":"2026-02-04 10:04:46"}
{"level":"info","message":"OPTIONS /api/appointments/all 200 0 - 0.150 ms","timestamp":"2026-02-04 10:04:46"}
{"level":"info","message":"OPTIONS /api/tasks 200 0 - 0.096 ms","timestamp":"2026-02-04 10:04:46"}
{"level":"info","message":"OPTIONS /api/users/all 200 0 - 0.085 ms","timestamp":"2026-02-04 10:04:46"}
{"level":"info","message":"OPTIONS /api/attendance/range?start=2026-01-31T18:30:00.000Z&end=2026-02-28T18:29:59.999Z 200 0 - 0.139 ms","timestamp":"2026-02-04 10:04:46"}
{"level":"info","message":"OPTIONS /api/admin-status 200 0 - 0.109 ms","timestamp":"2026-02-04 10:04:46"}
{"level":"info","message":"OPTIONS /api/appointments/stats?month=2&year=2026 200 0 - 0.079 ms","timestamp":"2026-02-04 10:04:46"}
{"level":"info","message":"OPTIONS /api/appointments/stats?month=1&year=2026 200 0 - 0.065 ms","timestamp":"2026-02-04 10:04:46"}
{"level":"info","message":"OPTIONS /api/appointments/revenue 200 0 - 0.046 ms","timestamp":"2026-02-04 10:04:46"}
{"level":"info","message":"OPTIONS /api/users 200 0 - 0.082 ms","timestamp":"2026-02-04 10:04:46"}
{"level":"info","message":"GET /api/appointments/revenue/reports 200 - - 61.912 ms","timestamp":"2026-02-04 10:04:46"}
{"level":"info","message":"OPTIONS /api/admin-status 200 0 - 0.076 ms","timestamp":"2026-02-04 10:04:46"}
{"level":"info","message":"OPTIONS /api/appointments/stats?month=2&year=2026 200 0 - 0.083 ms","timestamp":"2026-02-04 10:04:46"}
{"level":"info","message":"OPTIONS /api/appointments/stats?month=1&year=2026 200 0 - 0.075 ms","timestamp":"2026-02-04 10:04:46"}
{"level":"info","message":"OPTIONS /api/appointments/revenue 200 0 - 0.077 ms","timestamp":"2026-02-04 10:04:46"}
{"level":"info","message":"OPTIONS /api/users 200 0 - 0.106 ms","timestamp":"2026-02-04 10:04:46"}
{"level":"info","message":"GET /api/attendance/2026/2 200 - - 100.498 ms","timestamp":"2026-02-04 10:04:46"}
{"level":"info","message":"GET /api/tasks 200 - - 148.928 ms","timestamp":"2026-02-04 10:04:46"}
{"level":"info","message":"GET /api/users/all 200 - - 149.299 ms","timestamp":"2026-02-04 10:04:46"}
{"level":"info","message":"GET /api/appointments/all 200 - - 180.551 ms","timestamp":"2026-02-04 10:04:46"}
{"level":"info","message":"GET /api/appointments/revenue/reports 200 - - 97.043 ms","timestamp":"2026-02-04 10:04:46"}
{"level":"info","message":"GET /api/attendance/2026/2 200 - - 148.676 ms","timestamp":"2026-02-04 10:04:46"}
{"level":"info","message":"GET /api/attendance/range?start=2026-01-31T18:30:00.000Z&end=2026-02-28T18:29:59.999Z 200 - - 91.590 ms","timestamp":"2026-02-04 10:04:46"}
{"level":"info","message":"GET /api/tasks 200 - - 95.362 ms","timestamp":"2026-02-04 10:04:46"}
{"level":"info","message":"GET /api/attendance/range?start=2026-01-31T18:30:00.000Z&end=2026-02-28T18:29:59.999Z 200 - - 116.781 ms","timestamp":"2026-02-04 10:04:46"}
{"level":"info","message":"GET /api/users/all 200 - - 118.143 ms","timestamp":"2026-02-04 10:04:46"}
{"level":"info","message":"GET /api/appointments/all 200 - - 162.900 ms","timestamp":"2026-02-04 10:04:46"}
{"level":"info","message":"GET /api/admin-status 200 48 - 65.757 ms","timestamp":"2026-02-04 10:04:46"}
{"level":"info","message":"GET /api/appointments/stats?month=2&year=2026 200 11 - 65.016 ms","timestamp":"2026-02-04 10:04:46"}
{"level":"info","message":"GET /api/tasks 200 - - 377.710 ms","timestamp":"2026-02-04 10:04:46"}
{"level":"info","message":"GET /api/appointments/stats?month=1&year=2026 200 12 - 58.727 ms","timestamp":"2026-02-04 10:04:46"}
{"level":"info","message":"GET /api/admin-status 200 48 - 72.802 ms","timestamp":"2026-02-04 10:04:46"}
{"level":"info","message":"GET /api/appointments/revenue 200 45 - 100.165 ms","timestamp":"2026-02-04 10:04:46"}
{"level":"info","message":"GET /api/appointments/stats?month=2&year=2026 200 11 - 63.277 ms","timestamp":"2026-02-04 10:04:46"}
{"level":"info","message":"GET /api/appointments/stats?month=1&year=2026 200 12 - 57.690 ms","timestamp":"2026-02-04 10:04:46"}
{"level":"info","message":"GET /api/appointments/revenue 200 45 - 86.152 ms","timestamp":"2026-02-04 10:04:46"}
{"level":"info","message":"GET /api/users 200 - - 170.185 ms","timestamp":"2026-02-04 10:04:46"}
{"level":"info","message":"GET /api/users 200 - - 95.978 ms","timestamp":"2026-02-04 10:04:46"}
{"level":"info","message":"GET /api/tasks 200 - - 260.036 ms","timestamp":"2026-02-04 10:04:47"}
{"level":"info","message":"OPTIONS /api/attendance/2026/2 200 0 - 0.086 ms","timestamp":"2026-02-04 10:05:16"}
{"level":"info","message":"GET /api/attendance/2026/2 304 - - 74.114 ms","timestamp":"2026-02-04 10:05:16"}
{"level":"info","message":"OPTIONS /api/attendance/2026/2 200 0 - 0.080 ms","timestamp":"2026-02-04 10:05:46"}
{"level":"info","message":"GET /api/attendance/2026/2 200 - - 73.870 ms","timestamp":"2026-02-04 10:05:46"}
{"level":"info","message":"OPTIONS /api/attendance/2026/2 200 0 - 0.084 ms","timestamp":"2026-02-04 10:06:16"}
{"level":"info","message":"GET /api/attendance/2026/2 304 - - 75.615 ms","timestamp":"2026-02-04 10:06:16"}
{"level":"info","message":"OPTIONS /api/attendance/2026/2 200 0 - 0.180 ms","timestamp":"2026-02-04 10:06:46"}
{"level":"info","message":"GET /api/attendance/2026/2 304 - - 82.819 ms","timestamp":"2026-02-04 10:06:46"}
{"level":"info","message":"OPTIONS /api/attendance/2026/2 200 0 - 0.190 ms","timestamp":"2026-02-04 10:07:16"}
{"level":"info","message":"GET /api/attendance/2026/2 304 - - 78.864 ms","timestamp":"2026-02-04 10:07:16"}
{"level":"info","message":"OPTIONS /api/attendance/2026/2 200 0 - 0.087 ms","timestamp":"2026-02-04 10:07:46"}
{"level":"info","message":"GET /api/attendance/2026/2 304 - - 79.158 ms","timestamp":"2026-02-04 10:07:46"}
{"level":"info","message":"OPTIONS /api/attendance/2026/2 200 0 - 0.088 ms","timestamp":"2026-02-04 10:08:16"}
{"level":"info","message":"GET /api/attendance/2026/2 304 - - 75.472 ms","timestamp":"2026-02-04 10:08:16"}
{"level":"info","message":"OPTIONS /api/attendance/2026/2 200 0 - 0.228 ms","timestamp":"2026-02-04 10:08:46"}
{"level":"info","message":"GET /api/attendance/2026/2 304 - - 77.043 ms","timestamp":"2026-02-04 10:08:46"}
{"level":"info","message":"OPTIONS /api/attendance/2026/2 200 0 - 0.091 ms","timestamp":"2026-02-04 10:09:16"}
{"level":"info","message":"GET /api/attendance/2026/2 304 - - 81.751 ms","timestamp":"2026-02-04 10:09:16"}
{"level":"info","message":"OPTIONS /api/attendance/2026/2 200 0 - 0.061 ms","timestamp":"2026-02-04 10:09:46"}
{"level":"info","message":"GET /api/attendance/2026/2 304 - - 79.873 ms","timestamp":"2026-02-04 10:09:46"}
{"level":"info","message":"OPTIONS /api/attendance/2026/2 200 0 - 0.075 ms","timestamp":"2026-02-04 10:10:16"}
{"level":"info","message":"GET /api/attendance/2026/2 304 - - 80.369 ms","timestamp":"2026-02-04 10:10:16"}
{"level":"info","message":"OPTIONS /api/attendance/2026/2 200 0 - 0.058 ms","timestamp":"2026-02-04 10:10:46"}
{"level":"info","message":"GET /api/attendance/2026/2 304 - - 80.646 ms","timestamp":"2026-02-04 10:10:46"}
{"level":"info","message":"OPTIONS /api/attendance/2026/2 200 0 - 0.096 ms","timestamp":"2026-02-04 10:11:16"}
{"level":"info","message":"GET /api/attendance/2026/2 304 - - 82.190 ms","timestamp":"2026-02-04 10:11:16"}
{"level":"info","message":"OPTIONS /api/attendance/2026/2 200 0 - 0.174 ms","timestamp":"2026-02-04 10:11:46"}
{"level":"info","message":"GET /api/attendance/2026/2 304 - - 86.247 ms","timestamp":"2026-02-04 10:11:46"}
{"level":"info","message":"OPTIONS /api/attendance/2026/2 200 0 - 0.083 ms","timestamp":"2026-02-04 10:12:17"}
{"level":"info","message":"GET /api/attendance/2026/2 304 - - 81.188 ms","timestamp":"2026-02-04 10:12:17"}
{"level":"info","message":"OPTIONS /api/attendance/2026/2 200 0 - 0.080 ms","timestamp":"2026-02-04 10:12:47"}
{"level":"info","message":"GET /api/attendance/2026/2 304 - - 94.281 ms","timestamp":"2026-02-04 10:12:47"}
{"level":"info","message":"OPTIONS /api/attendance/2026/2 200 0 - 0.083 ms","timestamp":"2026-02-04 10:13:17"}
{"level":"info","message":"GET /api/attendance/2026/2 304 - - 82.007 ms","timestamp":"2026-02-04 10:13:17"}
{"level":"info","message":"OPTIONS /api/attendance/2026/2 200 0 - 0.166 ms","timestamp":"2026-02-04 10:13:47"}
{"level":"info","message":"GET /api/attendance/2026/2 304 - - 88.470 ms","timestamp":"2026-02-04 10:13:47"}
{"level":"info","message":"OPTIONS /api/attendance/2026/2 200 0 - 0.173 ms","timestamp":"2026-02-04 10:14:17"}
{"level":"info","message":"GET /api/attendance/2026/2 304 - - 95.087 ms","timestamp":"2026-02-04 10:14:17"}
{"level":"info","message":"OPTIONS /api/attendance/2026/2 200 0 - 0.057 ms","timestamp":"2026-02-04 10:14:47"}
{"level":"info","message":"GET /api/attendance/2026/2 304 - - 84.797 ms","timestamp":"2026-02-04 10:14:47"}
{"level":"info","message":"OPTIONS /api/attendance/2026/2 200 0 - 0.345 ms","timestamp":"2026-02-04 10:15:17"}
{"level":"info","message":"GET /api/attendance/2026/2 304 - - 85.771 ms","timestamp":"2026-02-04 10:15:17"}
{"level":"info","message":"OPTIONS /api/attendance/2026/2 200 0 - 0.173 ms","timestamp":"2026-02-04 10:15:47"}
{"level":"info","message":"GET /api/attendance/2026/2 304 - - 77.737 ms","timestamp":"2026-02-04 10:15:47"}
{"level":"info","message":"OPTIONS /api/attendance/2026/2 200 0 - 0.170 ms","timestamp":"2026-02-04 10:16:17"}
{"level":"info","message":"GET /api/attendance/2026/2 304 - - 80.852 ms","timestamp":"2026-02-04 10:16:17"}
{"level":"info","message":"OPTIONS /api/attendance/2026/2 200 0 - 0.160 ms","timestamp":"2026-02-04 10:16:47"}
{"level":"info","message":"GET /api/attendance/2026/2 304 - - 75.215 ms","timestamp":"2026-02-04 10:16:47"}
{"level":"info","message":"OPTIONS /api/attendance/2026/2 200 0 - 0.189 ms","timestamp":"2026-02-04 10:17:17"}
{"level":"info","message":"GET /api/attendance/2026/2 304 - - 89.751 ms","timestamp":"2026-02-04 10:17:17"}
{"level":"info","message":"OPTIONS /api/attendance/2026/2 200 0 - 0.170 ms","timestamp":"2026-02-04 10:17:47"}
{"level":"info","message":"GET /api/attendance/2026/2 304 - - 88.145 ms","timestamp":"2026-02-04 10:17:47"}
{"level":"info","message":"OPTIONS /api/attendance/2026/2 200 0 - 0.170 ms","timestamp":"2026-02-04 10:18:17"}
{"level":"info","message":"GET /api/attendance/2026/2 304 - - 83.391 ms","timestamp":"2026-02-04 10:18:17"}
{"level":"info","message":"OPTIONS /api/attendance/2026/2 200 0 - 0.422 ms","timestamp":"2026-02-04 10:18:47"}
{"level":"info","message":"GET /api/attendance/2026/2 304 - - 92.333 ms","timestamp":"2026-02-04 10:18:47"}
{"level":"info","message":"OPTIONS /api/attendance/2026/2 200 0 - 0.060 ms","timestamp":"2026-02-04 10:19:17"}
{"level":"info","message":"GET /api/attendance/2026/2 304 - - 84.499 ms","timestamp":"2026-02-04 10:19:17"}
{"level":"info","message":"OPTIONS /api/attendance/2026/2 200 0 - 0.288 ms","timestamp":"2026-02-04 10:19:47"}
{"level":"info","message":"GET /api/attendance/2026/2 304 - - 82.769 ms","timestamp":"2026-02-04 10:19:47"}
{"level":"info","message":"OPTIONS /api/attendance/2026/2 200 0 - 0.182 ms","timestamp":"2026-02-04 10:20:17"}
{"level":"info","message":"GET /api/attendance/2026/2 304 - - 88.109 ms","timestamp":"2026-02-04 10:20:17"}
{"level":"info","message":"OPTIONS /api/attendance/2026/2 200 0 - 0.175 ms","timestamp":"2026-02-04 10:20:47"}
{"level":"info","message":"GET /api/attendance/2026/2 200 - - 91.304 ms","timestamp":"2026-02-04 10:20:47"}
{"level":"info","message":"OPTIONS /api/attendance/2026/2 200 0 - 0.058 ms","timestamp":"2026-02-04 10:21:17"}
{"level":"info","message":"GET /api/attendance/2026/2 304 - - 84.489 ms","timestamp":"2026-02-04 10:21:17"}
{"level":"info","message":"OPTIONS /api/attendance/2026/2 200 0 - 0.056 ms","timestamp":"2026-02-04 10:21:47"}
{"level":"info","message":"GET /api/attendance/2026/2 304 - - 82.584 ms","timestamp":"2026-02-04 10:21:47"}
{"level":"info","message":"OPTIONS /api/attendance/2026/2 200 0 - 0.164 ms","timestamp":"2026-02-04 10:22:17"}
{"level":"info","message":"GET /api/attendance/2026/2 304 - - 96.079 ms","timestamp":"2026-02-04 10:22:17"}
{"level":"info","message":"OPTIONS /api/attendance/2026/2 200 0 - 0.106 ms","timestamp":"2026-02-04 10:22:47"}
{"level":"info","message":"GET /api/attendance/2026/2 304 - - 81.953 ms","timestamp":"2026-02-04 10:22:47"}
{"level":"info","message":"OPTIONS /api/attendance/2026/2 200 0 - 0.075 ms","timestamp":"2026-02-04 10:23:17"}
{"level":"info","message":"GET /api/attendance/2026/2 304 - - 84.396 ms","timestamp":"2026-02-04 10:23:17"}
{"level":"info","message":"OPTIONS /api/attendance/2026/2 200 0 - 0.138 ms","timestamp":"2026-02-04 10:23:47"}
{"level":"info","message":"GET /api/attendance/2026/2 304 - - 82.264 ms","timestamp":"2026-02-04 10:23:47"}
{"level":"info","message":"OPTIONS /api/attendance/2026/2 200 0 - 0.059 ms","timestamp":"2026-02-04 10:24:17"}
{"level":"info","message":"GET /api/attendance/2026/2 304 - - 88.780 ms","timestamp":"2026-02-04 10:24:17"}
{"level":"info","message":"OPTIONS /api/attendance/2026/2 200 0 - 0.088 ms","timestamp":"2026-02-04 10:24:47"}
{"level":"info","message":"GET /api/attendance/2026/2 304 - - 83.175 ms","timestamp":"2026-02-04 10:24:47"}
{"level":"info","message":"OPTIONS /api/attendance/2026/2 200 0 - 0.207 ms","timestamp":"2026-02-04 10:25:17"}
{"level":"info","message":"GET /api/attendance/2026/2 304 - - 85.420 ms","timestamp":"2026-02-04 10:25:17"}
{"level":"info","message":"OPTIONS /api/attendance/2026/2 200 0 - 0.106 ms","timestamp":"2026-02-04 10:25:47"}
{"level":"info","message":"GET /api/attendance/2026/2 304 - - 90.615 ms","timestamp":"2026-02-04 10:25:47"}
{"level":"info","message":"OPTIONS /api/attendance/2026/2 200 0 - 0.123 ms","timestamp":"2026-02-04 10:26:17"}
{"level":"info","message":"GET /api/attendance/2026/2 304 - - 98.106 ms","timestamp":"2026-02-04 10:26:17"}
{"level":"info","message":"OPTIONS /api/attendance/2026/2 200 0 - 0.079 ms","timestamp":"2026-02-04 10:26:47"}
{"level":"info","message":"GET /api/attendance/2026/2 304 - - 81.869 ms","timestamp":"2026-02-04 10:26:47"}
{"level":"info","message":"OPTIONS /api/attendance/2026/2 200 0 - 0.060 ms","timestamp":"2026-02-04 10:27:17"}
{"level":"info","message":"GET /api/attendance/2026/2 304 - - 88.669 ms","timestamp":"2026-02-04 10:27:17"}
{"level":"info","message":"OPTIONS /api/attendance/2026/2 200 0 - 0.077 ms","timestamp":"2026-02-04 10:27:47"}
{"level":"info","message":"GET /api/attendance/2026/2 304 - - 87.762 ms","timestamp":"2026-02-04 10:27:47"}
{"level":"info","message":"OPTIONS /api/messages/unread-count 200 0 - 0.085 ms","timestamp":"2026-02-04 10:28:03"}
{"level":"info","message":"OPTIONS /api/messages/unread-count 200 0 - 0.050 ms","timestamp":"2026-02-04 10:28:03"}
{"level":"info","message":"GET /api/messages/unread-count 304 - - 57.743 ms","timestamp":"2026-02-04 10:28:03"}
{"level":"info","message":"GET /api/messages/unread-count 200 17 - 62.213 ms","timestamp":"2026-02-04 10:28:03"}
{"level":"info","message":"OPTIONS /api/attendance/2026/2 200 0 - 0.085 ms","timestamp":"2026-02-04 10:28:04"}
{"level":"info","message":"OPTIONS /api/attendance/2026/2 200 0 - 0.122 ms","timestamp":"2026-02-04 10:28:04"}
{"level":"info","message":"OPTIONS /api/users 200 0 - 0.066 ms","timestamp":"2026-02-04 10:28:04"}
{"level":"info","message":"GET /api/attendance/2026/2 304 - - 80.825 ms","timestamp":"2026-02-04 10:28:04"}
{"level":"info","message":"GET /api/attendance/2026/2 200 - - 95.313 ms","timestamp":"2026-02-04 10:28:04"}
{"level":"info","message":"GET /api/users 200 - - 151.407 ms","timestamp":"2026-02-04 10:28:04"}
{"level":"info","message":"OPTIONS /api/users/68fcc5bfb85c2281711925bb 200 0 - 0.123 ms","timestamp":"2026-02-04 10:28:32"}
{"level":"info","message":"OPTIONS /api/users 200 0 - 0.091 ms","timestamp":"2026-02-04 10:28:32"}
{"level":"info","message":"PUT /api/users/68fcc5bfb85c2281711925bb 200 - - 58.204 ms","timestamp":"2026-02-04 10:28:32"}
{"level":"info","message":"GET /api/users 200 - - 141.657 ms","timestamp":"2026-02-04 10:28:32"}
{"level":"info","message":"GET /api/users 200 - - 154.321 ms","timestamp":"2026-02-04 10:28:32"}
{"level":"info","message":"OPTIONS /api/attendance/2026/2 200 0 - 0.113 ms","timestamp":"2026-02-04 10:28:34"}
{"level":"info","message":"GET /api/attendance/2026/2 200 - - 74.750 ms","timestamp":"2026-02-04 10:28:34"}
{"level":"info","message":"OPTIONS /api/messages/unread-count 200 0 - 0.084 ms","timestamp":"2026-02-04 10:28:37"}
{"level":"info","message":"OPTIONS /api/messages/unread-count 200 0 - 0.085 ms","timestamp":"2026-02-04 10:28:37"}
{"level":"info","message":"GET /api/messages/unread-count 200 17 - 61.552 ms","timestamp":"2026-02-04 10:28:37"}
{"level":"info","message":"GET /api/messages/unread-count 304 - - 72.658 ms","timestamp":"2026-02-04 10:28:37"}
{"level":"info","message":"GET /api/attendance/2026/2 304 - - 76.288 ms","timestamp":"2026-02-04 10:28:37"}
{"level":"info","message":"GET /api/attendance/2026/2 200 - - 95.260 ms","timestamp":"2026-02-04 10:28:37"}
{"level":"info","message":"GET /api/users 200 - - 137.524 ms","timestamp":"2026-02-04 10:28:37"}
{"level":"info","message":"OPTIONS /api/attendance/2026/2 200 0 - 0.130 ms","timestamp":"2026-02-04 10:29:07"}
{"level":"info","message":"GET /api/attendance/2026/2 304 - - 77.307 ms","timestamp":"2026-02-04 10:29:07"}
{"level":"info","message":"OPTIONS /api/auth/logout 200 0 - 0.071 ms","timestamp":"2026-02-04 10:29:07"}
{"level":"info","message":"POST /api/auth/logout 200 31 - 1.235 ms","timestamp":"2026-02-04 10:29:07"}
{"level":"info","message":"OPTIONS /api/users/logout 200 0 - 0.053 ms","timestamp":"2026-02-04 10:29:07"}
{"level":"info","message":"POST /api/users/logout 200 33 - 141.477 ms","timestamp":"2026-02-04 10:29:08"}
{"level":"info","message":"OPTIONS /api/auth/login 200 0 - 0.107 ms","timestamp":"2026-02-04 10:29:18"}
{"level":"info","message":"POST /api/auth/login 200 668 - 230.597 ms","timestamp":"2026-02-04 10:29:18"}
{"level":"info","message":"OPTIONS /api/messages/unread-count 200 0 - 0.129 ms","timestamp":"2026-02-04 10:29:18"}
{"level":"info","message":"GET /api/messages/unread-count 200 17 - 57.875 ms","timestamp":"2026-02-04 10:29:19"}
{"level":"info","message":"OPTIONS /api/attendance/2026/2 200 0 - 0.080 ms","timestamp":"2026-02-04 10:29:19"}
{"level":"info","message":"OPTIONS /api/users 200 0 - 0.056 ms","timestamp":"2026-02-04 10:29:19"}
{"level":"info","message":"OPTIONS /api/attendance/2026/2 200 0 - 0.045 ms","timestamp":"2026-02-04 10:29:19"}
{"level":"info","message":"OPTIONS /api/users 200 0 - 0.037 ms","timestamp":"2026-02-04 10:29:19"}
{"level":"info","message":"OPTIONS /api/attendance/range?start=2026-01-31T18:30:00.000Z&end=2026-02-28T18:29:59.999Z 200 0 - 0.046 ms","timestamp":"2026-02-04 10:29:19"}
{"level":"info","message":"OPTIONS /api/attendance/range?start=2026-01-31T18:30:00.000Z&end=2026-02-28T18:29:59.999Z 200 0 - 0.053 ms","timestamp":"2026-02-04 10:29:19"}
{"level":"info","message":"GET /api/attendance/2026/2 200 - - 72.052 ms","timestamp":"2026-02-04 10:29:19"}
{"level":"info","message":"GET /api/attendance/2026/2 200 - - 72.522 ms","timestamp":"2026-02-04 10:29:19"}
{"level":"info","message":"GET /api/attendance/range?start=2026-01-31T18:30:00.000Z&end=2026-02-28T18:29:59.999Z 200 - - 75.249 ms","timestamp":"2026-02-04 10:29:19"}
{"level":"info","message":"GET /api/attendance/range?start=2026-01-31T18:30:00.000Z&end=2026-02-28T18:29:59.999Z 200 - - 75.250 ms","timestamp":"2026-02-04 10:29:19"}
{"level":"info","message":"GET /api/users 200 - - 125.208 ms","timestamp":"2026-02-04 10:29:19"}
{"level":"info","message":"GET /api/users 200 - - 129.403 ms","timestamp":"2026-02-04 10:29:19"}
{"level":"info","message":"OPTIONS /api/users/me 200 0 - 0.127 ms","timestamp":"2026-02-04 10:29:29"}
{"level":"info","message":"OPTIONS /api/users 200 0 - 0.054 ms","timestamp":"2026-02-04 10:29:29"}
{"level":"info","message":"OPTIONS /api/users/me 200 0 - 0.046 ms","timestamp":"2026-02-04 10:29:29"}
{"level":"info","message":"OPTIONS /api/users 200 0 - 0.037 ms","timestamp":"2026-02-04 10:29:29"}
{"level":"info","message":"OPTIONS /api/tasks 200 0 - 0.059 ms","timestamp":"2026-02-04 10:29:29"}
{"level":"info","message":"OPTIONS /api/tasks 200 0 - 0.042 ms","timestamp":"2026-02-04 10:29:29"}
{"level":"info","message":"GET /api/users/me 200 - - 50.694 ms","timestamp":"2026-02-04 10:29:29"}
{"level":"info","message":"GET /api/users/me 200 - - 49.036 ms","timestamp":"2026-02-04 10:29:29"}
{"level":"info","message":"GET /api/tasks 200 2 - 47.946 ms","timestamp":"2026-02-04 10:29:29"}
{"level":"info","message":"GET /api/tasks 200 2 - 48.867 ms","timestamp":"2026-02-04 10:29:29"}
{"level":"info","message":"GET /api/users 304 - - 126.947 ms","timestamp":"2026-02-04 10:29:29"}
{"level":"info","message":"GET /api/users 200 - - 131.239 ms","timestamp":"2026-02-04 10:29:29"}
{"level":"info","message":"OPTIONS /api/queries 200 0 - 0.240 ms","timestamp":"2026-02-04 10:29:48"}
{"level":"info","message":"OPTIONS /api/users 200 0 - 0.101 ms","timestamp":"2026-02-04 10:29:48"}
{"level":"info","message":"OPTIONS /api/users 200 0 - 0.050 ms","timestamp":"2026-02-04 10:29:48"}
{"level":"info","message":"OPTIONS /api/queries 200 0 - 0.083 ms","timestamp":"2026-02-04 10:29:48"}
{"level":"info","message":"OPTIONS /api/users 200 0 - 0.064 ms","timestamp":"2026-02-04 10:29:48"}
{"level":"info","message":"OPTIONS /api/users 200 0 - 0.054 ms","timestamp":"2026-02-04 10:29:48"}
{"level":"info","message":"GET /api/queries 200 - - 76.855 ms","timestamp":"2026-02-04 10:29:48"}
{"level":"info","message":"GET /api/queries 200 - - 88.500 ms","timestamp":"2026-02-04 10:29:48"}
{"level":"info","message":"GET /api/users 304 - - 139.903 ms","timestamp":"2026-02-04 10:29:48"}
{"level":"info","message":"GET /api/users 200 - - 144.740 ms","timestamp":"2026-02-04 10:29:48"}
{"level":"info","message":"GET /api/users 200 - - 149.105 ms","timestamp":"2026-02-04 10:29:48"}
{"level":"info","message":"GET /api/users 200 - - 153.911 ms","timestamp":"2026-02-04 10:29:48"}
{"level":"info","message":"OPTIONS /api/attendance/2026/2 200 0 - 0.216 ms","timestamp":"2026-02-04 10:29:49"}
{"level":"info","message":"GET /api/attendance/2026/2 304 - - 81.456 ms","timestamp":"2026-02-04 10:29:49"}
{"level":"info","message":"OPTIONS /api/users/me 200 0 - 0.085 ms","timestamp":"2026-02-04 10:29:50"}
{"level":"info","message":"OPTIONS /api/tasks 200 0 - 0.049 ms","timestamp":"2026-02-04 10:29:50"}
{"level":"info","message":"OPTIONS /api/users/me 200 0 - 0.058 ms","timestamp":"2026-02-04 10:29:50"}
{"level":"info","message":"OPTIONS /api/tasks 200 0 - 0.077 ms","timestamp":"2026-02-04 10:29:50"}
{"level":"info","message":"GET /api/users/me 304 - - 48.787 ms","timestamp":"2026-02-04 10:29:50"}
{"level":"info","message":"GET /api/tasks 304 - - 48.831 ms","timestamp":"2026-02-04 10:29:50"}
{"level":"info","message":"GET /api/tasks 200 2 - 49.701 ms","timestamp":"2026-02-04 10:29:50"}
{"level":"info","message":"GET /api/users/me 200 - - 50.115 ms","timestamp":"2026-02-04 10:29:50"}
{"level":"info","message":"GET /api/users 304 - - 130.165 ms","timestamp":"2026-02-04 10:29:50"}
{"level":"info","message":"GET /api/users 200 - - 144.184 ms","timestamp":"2026-02-04 10:29:50"}
{"level":"info","message":"OPTIONS /api/attendance/2026/2 200 0 - 0.294 ms","timestamp":"2026-02-04 10:30:19"}
{"level":"info","message":"GET /api/attendance/2026/2 304 - - 101.054 ms","timestamp":"2026-02-04 10:30:19"}
{"level":"info","message":"OPTIONS /api/attendance/2026/2 200 0 - 0.188 ms","timestamp":"2026-02-04 10:30:49"}
{"level":"info","message":"GET /api/attendance/2026/2 304 - - 81.911 ms","timestamp":"2026-02-04 10:30:49"}
{"level":"info","message":"OPTIONS /api/attendance/2026/2 200 0 - 0.192 ms","timestamp":"2026-02-04 10:31:19"}
{"level":"info","message":"GET /api/attendance/2026/2 304 - - 79.929 ms","timestamp":"2026-02-04 10:31:19"}
{"level":"info","message":"OPTIONS /api/attendance/2026/2 200 0 - 0.176 ms","timestamp":"2026-02-04 10:31:49"}
{"level":"info","message":"GET /api/attendance/2026/2 304 - - 85.034 ms","timestamp":"2026-02-04 10:31:49"}
{"level":"info","message":"OPTIONS /api/auth/logout 200 0 - 0.061 ms","timestamp":"2026-02-04 10:32:13"}
{"level":"info","message":"POST /api/auth/logout 200 31 - 0.529 ms","timestamp":"2026-02-04 10:32:13"}
{"level":"info","message":"OPTIONS /api/users/logout 200 0 - 0.058 ms","timestamp":"2026-02-04 10:32:13"}
{"level":"info","message":"POST /api/users/logout 200 33 - 127.538 ms","timestamp":"2026-02-04 10:32:13"}
{"level":"info","message":"OPTIONS /api/auth/login 200 0 - 0.076 ms","timestamp":"2026-02-04 10:32:20"}
{"level":"info","message":"POST /api/auth/login 200 662 - 226.021 ms","timestamp":"2026-02-04 10:32:20"}
{"level":"info","message":"OPTIONS /api/messages/unread-count 200 0 - 0.155 ms","timestamp":"2026-02-04 10:32:20"}
{"level":"info","message":"GET /api/messages/unread-count 200 17 - 54.565 ms","timestamp":"2026-02-04 10:32:21"}
{"level":"info","message":"OPTIONS /api/attendance/2026/2 200 0 - 0.060 ms","timestamp":"2026-02-04 10:32:21"}
{"level":"info","message":"OPTIONS /api/appointments/revenue/reports 200 0 - 0.057 ms","timestamp":"2026-02-04 10:32:21"}
{"level":"info","message":"OPTIONS /api/appointments/all 200 0 - 0.054 ms","timestamp":"2026-02-04 10:32:21"}
{"level":"info","message":"OPTIONS /api/tasks 200 0 - 0.097 ms","timestamp":"2026-02-04 10:32:21"}
{"level":"info","message":"OPTIONS /api/users/all 200 0 - 0.070 ms","timestamp":"2026-02-04 10:32:21"}
{"level":"info","message":"OPTIONS /api/tasks 200 0 - 0.048 ms","timestamp":"2026-02-04 10:32:21"}
{"level":"info","message":"OPTIONS /api/attendance/range?start=2026-01-31T18:30:00.000Z&end=2026-02-28T18:29:59.999Z 200 0 - 0.114 ms","timestamp":"2026-02-04 10:32:21"}
{"level":"info","message":"OPTIONS /api/appointments/revenue/reports 200 0 - 0.051 ms","timestamp":"2026-02-04 10:32:21"}
{"level":"info","message":"OPTIONS /api/admin-status 200 0 - 0.106 ms","timestamp":"2026-02-04 10:32:21"}
{"level":"info","message":"OPTIONS /api/appointments/all 200 0 - 0.071 ms","timestamp":"2026-02-04 10:32:21"}
{"level":"info","message":"OPTIONS /api/appointments/stats?month=2&year=2026 200 0 - 0.080 ms","timestamp":"2026-02-04 10:32:21"}
{"level":"info","message":"OPTIONS /api/tasks 200 0 - 0.068 ms","timestamp":"2026-02-04 10:32:21"}
{"level":"info","message":"OPTIONS /api/tasks 200 0 - 0.065 ms","timestamp":"2026-02-04 10:32:21"}
{"level":"info","message":"OPTIONS /api/appointments/revenue 200 0 - 0.054 ms","timestamp":"2026-02-04 10:32:21"}
{"level":"info","message":"OPTIONS /api/users 200 0 - 0.044 ms","timestamp":"2026-02-04 10:32:21"}
{"level":"info","message":"OPTIONS /api/users 200 0 - 0.063 ms","timestamp":"2026-02-04 10:32:21"}
{"level":"info","message":"OPTIONS /api/attendance/range?start=2026-01-31T18:30:00.000Z&end=2026-02-28T18:29:59.999Z 200 0 - 0.041 ms","timestamp":"2026-02-04 10:32:21"}
{"level":"info","message":"OPTIONS /api/appointments/stats?month=1&year=2026 200 0 - 0.035 ms","timestamp":"2026-02-04 10:32:21"}
{"level":"info","message":"OPTIONS /api/users/all 200 0 - 0.062 ms","timestamp":"2026-02-04 10:32:21"}
{"level":"info","message":"OPTIONS /api/appointments/stats?month=1&year=2026 200 0 - 0.152 ms","timestamp":"2026-02-04 10:32:21"}
{"level":"info","message":"OPTIONS /api/appointments/stats?month=2&year=2026 200 0 - 0.075 ms","timestamp":"2026-02-04 10:32:21"}
{"level":"info","message":"OPTIONS /api/appointments/revenue 200 0 - 0.048 ms","timestamp":"2026-02-04 10:32:21"}
{"level":"info","message":"OPTIONS /api/admin-status 200 0 - 0.049 ms","timestamp":"2026-02-04 10:32:21"}
{"level":"info","message":"GET /api/appointments/revenue/reports 304 - - 64.868 ms","timestamp":"2026-02-04 10:32:21"}
{"level":"info","message":"GET /api/attendance/2026/2 200 - - 82.978 ms","timestamp":"2026-02-04 10:32:21"}
{"level":"info","message":"GET /api/attendance/2026/2 200 - - 85.733 ms","timestamp":"2026-02-04 10:32:21"}
{"level":"info","message":"GET /api/tasks 200 - - 94.057 ms","timestamp":"2026-02-04 10:32:21"}
{"level":"info","message":"GET /api/users/all 200 - - 108.934 ms","timestamp":"2026-02-04 10:32:21"}
{"level":"info","message":"GET /api/appointments/revenue/reports 200 - - 58.715 ms","timestamp":"2026-02-04 10:32:21"}
{"level":"info","message":"GET /api/appointments/all 304 - - 158.453 ms","timestamp":"2026-02-04 10:32:21"}
{"level":"info","message":"GET /api/admin-status 304 - - 65.023 ms","timestamp":"2026-02-04 10:32:21"}
{"level":"info","message":"GET /api/attendance/range?start=2026-01-31T18:30:00.000Z&end=2026-02-28T18:29:59.999Z 200 - - 95.291 ms","timestamp":"2026-02-04 10:32:21"}
{"level":"info","message":"GET /api/tasks 200 - - 107.179 ms","timestamp":"2026-02-04 10:32:21"}
{"level":"info","message":"GET /api/tasks 200 - - 77.350 ms","timestamp":"2026-02-04 10:32:21"}
{"level":"info","message":"GET /api/appointments/revenue 200 45 - 89.857 ms","timestamp":"2026-02-04 10:32:21"}
{"level":"info","message":"GET /api/appointments/all 200 - - 149.094 ms","timestamp":"2026-02-04 10:32:21"}
{"level":"info","message":"GET /api/users 200 - - 129.189 ms","timestamp":"2026-02-04 10:32:21"}
{"level":"info","message":"GET /api/appointments/stats?month=1&year=2026 200 12 - 52.758 ms","timestamp":"2026-02-04 10:32:21"}
{"level":"info","message":"GET /api/attendance/range?start=2026-01-31T18:30:00.000Z&end=2026-02-28T18:29:59.999Z 200 - - 94.695 ms","timestamp":"2026-02-04 10:32:21"}
{"level":"info","message":"GET /api/users/all 200 - - 68.471 ms","timestamp":"2026-02-04 10:32:21"}
{"level":"info","message":"GET /api/users 200 - - 143.159 ms","timestamp":"2026-02-04 10:32:21"}
{"level":"info","message":"GET /api/appointments/stats?month=1&year=2026 304 - - 56.745 ms","timestamp":"2026-02-04 10:32:21"}
{"level":"info","message":"GET /api/appointments/stats?month=2&year=2026 200 11 - 52.571 ms","timestamp":"2026-02-04 10:32:21"}
{"level":"info","message":"GET /api/appointments/stats?month=2&year=2026 304 - - 285.359 ms","timestamp":"2026-02-04 10:32:21"}
{"level":"info","message":"GET /api/tasks 200 - - 281.309 ms","timestamp":"2026-02-04 10:32:21"}
{"level":"info","message":"GET /api/admin-status 200 48 - 66.921 ms","timestamp":"2026-02-04 10:32:21"}
{"level":"info","message":"GET /api/appointments/revenue 304 - - 81.367 ms","timestamp":"2026-02-04 10:32:21"}
{"level":"info","message":"OPTIONS /api/users 200 0 - 0.131 ms","timestamp":"2026-02-04 10:32:28"}
{"level":"info","message":"OPTIONS /api/users/me 200 0 - 0.075 ms","timestamp":"2026-02-04 10:32:28"}
{"level":"info","message":"OPTIONS /api/tasks 200 0 - 0.068 ms","timestamp":"2026-02-04 10:32:28"}
{"level":"info","message":"OPTIONS /api/users/me 200 0 - 0.076 ms","timestamp":"2026-02-04 10:32:28"}
{"level":"info","message":"OPTIONS /api/users 200 0 - 0.072 ms","timestamp":"2026-02-04 10:32:28"}
{"level":"info","message":"OPTIONS /api/tasks 200 0 - 0.233 ms","timestamp":"2026-02-04 10:32:28"}
{"level":"info","message":"GET /api/users/me 200 - - 50.627 ms","timestamp":"2026-02-04 10:32:28"}
{"level":"info","message":"GET /api/users/me 200 - - 52.064 ms","timestamp":"2026-02-04 10:32:28"}
{"level":"info","message":"GET /api/tasks 304 - - 74.900 ms","timestamp":"2026-02-04 10:32:28"}
{"level":"info","message":"GET /api/tasks 200 - - 78.906 ms","timestamp":"2026-02-04 10:32:28"}
{"level":"info","message":"GET /api/users 304 - - 129.820 ms","timestamp":"2026-02-04 10:32:28"}
{"level":"info","message":"GET /api/users 200 - - 125.429 ms","timestamp":"2026-02-04 10:32:28"}
{"level":"info","message":"OPTIONS /api/reports 200 0 - 0.058 ms","timestamp":"2026-02-04 10:32:28"}
{"level":"info","message":"OPTIONS /api/queries 200 0 - 0.033 ms","timestamp":"2026-02-04 10:32:28"}
{"level":"info","message":"GET /api/queries 304 - - 70.698 ms","timestamp":"2026-02-04 10:32:29"}
{"level":"info","message":"GET /api/queries 200 - - 75.576 ms","timestamp":"2026-02-04 10:32:29"}
{"level":"info","message":"GET /api/reports 200 - - 111.387 ms","timestamp":"2026-02-04 10:32:29"}
{"level":"info","message":"GET /api/reports 200 - - 145.668 ms","timestamp":"2026-02-04 10:32:29"}
{"level":"info","message":"OPTIONS /api/attendance/2026/2 200 0 - 0.520 ms","timestamp":"2026-02-04 10:32:51"}
{"level":"info","message":"GET /api/attendance/2026/2 304 - - 86.314 ms","timestamp":"2026-02-04 10:32:51"}
{"level":"info","message":"OPTIONS /api/attendance/2026/2 200 0 - 0.183 ms","timestamp":"2026-02-04 10:33:21"}
{"level":"info","message":"GET /api/attendance/2026/2 200 - - 79.252 ms","timestamp":"2026-02-04 10:33:21"}
{"level":"info","message":"OPTIONS /api/auth/logout 200 0 - 0.062 ms","timestamp":"2026-02-04 10:33:24"}
{"level":"info","message":"POST /api/auth/logout 200 31 - 0.607 ms","timestamp":"2026-02-04 10:33:24"}
{"level":"info","message":"OPTIONS /api/users/logout 200 0 - 0.059 ms","timestamp":"2026-02-04 10:33:24"}
{"level":"info","message":"POST /api/users/logout 200 33 - 122.798 ms","timestamp":"2026-02-04 10:33:24"}
{"level":"info","message":"OPTIONS /api/auth/login 200 0 - 0.147 ms","timestamp":"2026-02-04 10:33:37"}
{"level":"info","message":"POST /api/auth/login 200 668 - 224.454 ms","timestamp":"2026-02-04 10:33:37"}
{"level":"info","message":"OPTIONS /api/messages/unread-count 200 0 - 0.158 ms","timestamp":"2026-02-04 10:33:37"}
{"level":"info","message":"OPTIONS /api/attendance/2026/2 200 0 - 0.059 ms","timestamp":"2026-02-04 10:33:37"}
{"level":"info","message":"OPTIONS /api/users 200 0 - 0.042 ms","timestamp":"2026-02-04 10:33:37"}
{"level":"info","message":"OPTIONS /api/attendance/range?start=2026-01-31T18:30:00.000Z&end=2026-02-28T18:29:59.999Z 200 0 - 0.054 ms","timestamp":"2026-02-04 10:33:37"}
{"level":"info","message":"OPTIONS /api/users 200 0 - 0.067 ms","timestamp":"2026-02-04 10:33:37"}
{"level":"info","message":"OPTIONS /api/attendance/2026/2 200 0 - 0.049 ms","timestamp":"2026-02-04 10:33:37"}
{"level":"info","message":"OPTIONS /api/attendance/range?start=2026-01-31T18:30:00.000Z&end=2026-02-28T18:29:59.999Z 200 0 - 0.052 ms","timestamp":"2026-02-04 10:33:37"}
{"level":"info","message":"GET /api/messages/unread-count 200 17 - 54.796 ms","timestamp":"2026-02-04 10:33:37"}
{"level":"info","message":"GET /api/attendance/2026/2 200 - - 72.877 ms","timestamp":"2026-02-04 10:33:37"}
{"level":"info","message":"GET /api/attendance/range?start=2026-01-31T18:30:00.000Z&end=2026-02-28T18:29:59.999Z 200 - - 73.485 ms","timestamp":"2026-02-04 10:33:37"}
{"level":"info","message":"GET /api/attendance/2026/2 200 - - 72.861 ms","timestamp":"2026-02-04 10:33:37"}
{"level":"info","message":"GET /api/attendance/range?start=2026-01-31T18:30:00.000Z&end=2026-02-28T18:29:59.999Z 200 - - 75.582 ms","timestamp":"2026-02-04 10:33:37"}
{"level":"info","message":"GET /api/users 200 - - 125.528 ms","timestamp":"2026-02-04 10:33:37"}
{"level":"info","message":"GET /api/users 200 - - 154.075 ms","timestamp":"2026-02-04 10:33:37"}
{"level":"info","message":"OPTIONS /api/attendance/2026/2 200 0 - 0.191 ms","timestamp":"2026-02-04 10:34:07"}
{"level":"info","message":"GET /api/attendance/2026/2 304 - - 78.437 ms","timestamp":"2026-02-04 10:34:07"}
{"level":"info","message":"OPTIONS /api/attendance/2026/2 200 0 - 0.051 ms","timestamp":"2026-02-04 10:34:37"}
{"level":"info","message":"GET /api/attendance/2026/2 304 - - 72.972 ms","timestamp":"2026-02-04 10:34:37"}
{"level":"info","message":"OPTIONS /api/messages/unread-count 200 0 - 0.091 ms","timestamp":"2026-02-04 10:34:54"}
{"level":"info","message":"OPTIONS /api/messages/unread-count 200 0 - 0.074 ms","timestamp":"2026-02-04 10:34:54"}
{"level":"info","message":"GET /api/messages/unread-count 304 - - 52.771 ms","timestamp":"2026-02-04 10:34:54"}
{"level":"info","message":"GET /api/messages/unread-count 200 17 - 58.459 ms","timestamp":"2026-02-04 10:34:54"}
{"level":"info","message":"OPTIONS /api/attendance/2026/2 200 0 - 0.083 ms","timestamp":"2026-02-04 10:34:54"}
{"level":"info","message":"OPTIONS /api/attendance/2026/2 200 0 - 0.048 ms","timestamp":"2026-02-04 10:34:54"}
{"level":"info","message":"OPTIONS /api/users 200 0 - 0.040 ms","timestamp":"2026-02-04 10:34:54"}
{"level":"info","message":"OPTIONS /api/users 200 0 - 0.077 ms","timestamp":"2026-02-04 10:34:55"}
{"level":"info","message":"OPTIONS /api/attendance/range?start=2026-01-31T18:30:00.000Z&end=2026-02-28T18:29:59.999Z 200 0 - 0.061 ms","timestamp":"2026-02-04 10:34:55"}
{"level":"info","message":"OPTIONS /api/attendance/range?start=2026-01-31T18:30:00.000Z&end=2026-02-28T18:29:59.999Z 200 0 - 0.082 ms","timestamp":"2026-02-04 10:34:55"}
{"level":"info","message":"GET /api/attendance/2026/2 304 - - 73.740 ms","timestamp":"2026-02-04 10:34:55"}
{"level":"info","message":"GET /api/attendance/2026/2 200 - - 77.315 ms","timestamp":"2026-02-04 10:34:55"}
{"level":"info","message":"GET /api/attendance/range?start=2026-01-31T18:30:00.000Z&end=2026-02-28T18:29:59.999Z 304 - - 76.604 ms","timestamp":"2026-02-04 10:34:55"}
{"level":"info","message":"GET /api/attendance/range?start=2026-01-31T18:30:00.000Z&end=2026-02-28T18:29:59.999Z 200 - - 76.633 ms","timestamp":"2026-02-04 10:34:55"}
{"level":"info","message":"GET /api/users 200 - - 128.718 ms","timestamp":"2026-02-04 10:34:55"}
{"level":"info","message":"GET /api/users 200 - - 136.944 ms","timestamp":"2026-02-04 10:34:55"}
{"level":"info","message":"OPTIONS /api/users/me 200 0 - 0.073 ms","timestamp":"2026-02-04 10:34:56"}
{"level":"info","message":"OPTIONS /api/users/me 200 0 - 0.044 ms","timestamp":"2026-02-04 10:34:56"}
{"level":"info","message":"OPTIONS /api/tasks 200 0 - 0.055 ms","timestamp":"2026-02-04 10:34:56"}
{"level":"info","message":"OPTIONS /api/tasks 200 0 - 0.048 ms","timestamp":"2026-02-04 10:34:56"}
{"level":"info","message":"GET /api/tasks 200 2 - 46.325 ms","timestamp":"2026-02-04 10:34:56"}
{"level":"info","message":"GET /api/users/me 200 - - 48.360 ms","timestamp":"2026-02-04 10:34:56"}
{"level":"info","message":"GET /api/tasks 200 2 - 48.597 ms","timestamp":"2026-02-04 10:34:56"}
{"level":"info","message":"GET /api/users/me 200 - - 49.891 ms","timestamp":"2026-02-04 10:34:56"}
{"level":"info","message":"GET /api/users 304 - - 124.270 ms","timestamp":"2026-02-04 10:34:56"}
{"level":"info","message":"GET /api/users 200 - - 128.664 ms","timestamp":"2026-02-04 10:34:56"}
{"level":"info","message":"OPTIONS /api/queries 200 0 - 0.115 ms","timestamp":"2026-02-04 10:34:56"}
{"level":"info","message":"OPTIONS /api/reports 200 0 - 0.077 ms","timestamp":"2026-02-04 10:34:56"}
{"level":"info","message":"GET /api/reports 200 - - 53.830 ms","timestamp":"2026-02-04 10:34:56"}
{"level":"info","message":"GET /api/reports 200 - - 52.273 ms","timestamp":"2026-02-04 10:34:56"}
{"level":"info","message":"GET /api/queries 304 - - 73.508 ms","timestamp":"2026-02-04 10:34:56"}
{"level":"info","message":"GET /api/queries 200 - - 70.020 ms","timestamp":"2026-02-04 10:34:56"}
{"level":"info","message":"OPTIONS /api/attendance/2026/2 200 0 - 0.272 ms","timestamp":"2026-02-04 10:35:24"}
{"level":"info","message":"GET /api/attendance/2026/2 304 - - 95.276 ms","timestamp":"2026-02-04 10:35:25"}
{"level":"info","message":"OPTIONS /api/attendance/2026/2 200 0 - 0.077 ms","timestamp":"2026-02-04 10:35:54"}
{"level":"info","message":"GET /api/attendance/2026/2 304 - - 76.961 ms","timestamp":"2026-02-04 10:35:55"}
{"level":"info","message":"OPTIONS /api/attendance/2026/2 200 0 - 0.165 ms","timestamp":"2026-02-04 10:36:25"}
{"level":"info","message":"GET /api/attendance/2026/2 200 - - 84.355 ms","timestamp":"2026-02-04 10:36:25"}
{"level":"info","message":"OPTIONS /api/attendance/2026/2 200 0 - 0.178 ms","timestamp":"2026-02-04 10:36:55"}
{"level":"info","message":"GET /api/attendance/2026/2 304 - - 81.660 ms","timestamp":"2026-02-04 10:36:55"}
{"level":"info","message":"OPTIONS /api/attendance/2026/2 200 0 - 0.165 ms","timestamp":"2026-02-04 10:37:25"}
{"level":"info","message":"GET /api/attendance/2026/2 304 - - 80.709 ms","timestamp":"2026-02-04 10:37:25"}
{"level":"info","message":"OPTIONS /api/attendance/2026/2 200 0 - 0.171 ms","timestamp":"2026-02-04 10:37:55"}
{"level":"info","message":"GET /api/attendance/2026/2 304 - - 83.950 ms","timestamp":"2026-02-04 10:37:55"}
{"level":"info","message":"OPTIONS /api/attendance/2026/2 200 0 - 0.188 ms","timestamp":"2026-02-04 10:38:25"}
{"level":"info","message":"GET /api/attendance/2026/2 304 - - 90.950 ms","timestamp":"2026-02-04 10:38:25"}
{"level":"info","message":"OPTIONS /api/attendance/2026/2 200 0 - 0.053 ms","timestamp":"2026-02-04 10:38:55"}
{"level":"info","message":"GET /api/attendance/2026/2 304 - - 70.788 ms","timestamp":"2026-02-04 10:38:55"}
{"level":"info","message":"OPTIONS /api/attendance/2026/2 200 0 - 0.055 ms","timestamp":"2026-02-04 10:39:25"}
{"level":"info","message":"GET /api/attendance/2026/2 304 - - 71.847 ms","timestamp":"2026-02-04 10:39:25"}
{"level":"info","message":"OPTIONS /api/attendance/2026/2 200 0 - 0.055 ms","timestamp":"2026-02-04 10:39:55"}
{"level":"info","message":"GET /api/attendance/2026/2 304 - - 78.244 ms","timestamp":"2026-02-04 10:39:55"}
{"level":"info","message":"OPTIONS /api/attendance/2026/2 200 0 - 0.069 ms","timestamp":"2026-02-04 10:40:25"}
{"level":"info","message":"GET /api/attendance/2026/2 304 - - 83.972 ms","timestamp":"2026-02-04 10:40:25"}
{"level":"info","message":"OPTIONS /api/attendance/2026/2 200 0 - 0.057 ms","timestamp":"2026-02-04 10:40:55"}
{"level":"info","message":"GET /api/attendance/2026/2 304 - - 74.306 ms","timestamp":"2026-02-04 10:40:55"}
{"level":"info","message":"OPTIONS /api/attendance/2026/2 200 0 - 0.166 ms","timestamp":"2026-02-04 10:41:25"}
{"level":"info","message":"GET /api/attendance/2026/2 304 - - 79.822 ms","timestamp":"2026-02-04 10:41:25"}
{"level":"info","message":"OPTIONS /api/attendance/range?start=2026-01-31T18:30:00.000Z&end=2026-02-28T18:29:59.999Z 200 0 - 0.050 ms","timestamp":"2026-02-04 10:41:29"}
{"level":"info","message":"OPTIONS /api/attendance/range?start=2026-01-31T18:30:00.000Z&end=2026-02-28T18:29:59.999Z 200 0 - 0.119 ms","timestamp":"2026-02-04 10:41:29"}
{"level":"info","message":"GET /api/attendance/2026/2 304 - - 81.127 ms","timestamp":"2026-02-04 10:41:30"}
{"level":"info","message":"GET /api/attendance/2026/2 200 - - 81.848 ms","timestamp":"2026-02-04 10:41:30"}
{"level":"info","message":"GET /api/attendance/range?start=2026-01-31T18:30:00.000Z&end=2026-02-28T18:29:59.999Z 200 - - 75.736 ms","timestamp":"2026-02-04 10:41:30"}
{"level":"info","message":"GET /api/attendance/range?start=2026-01-31T18:30:00.000Z&end=2026-02-28T18:29:59.999Z 200 - - 88.119 ms","timestamp":"2026-02-04 10:41:30"}
{"level":"info","message":"OPTIONS /api/attendance/2026/2 200 0 - 0.141 ms","timestamp":"2026-02-04 10:42:00"}
{"level":"info","message":"GET /api/attendance/2026/2 304 - - 76.397 ms","timestamp":"2026-02-04 10:42:00"}
{"level":"info","message":"OPTIONS /api/attendance/2026/2 200 0 - 0.056 ms","timestamp":"2026-02-04 10:42:29"}
{"level":"info","message":"GET /api/attendance/2026/2 304 - - 73.827 ms","timestamp":"2026-02-04 10:42:30"}
{"level":"info","message":"OPTIONS /api/messages/unread-count 200 0 - 0.097 ms","timestamp":"2026-02-04 10:42:58"}
{"level":"info","message":"OPTIONS /api/messages/unread-count 200 0 - 0.060 ms","timestamp":"2026-02-04 10:42:58"}
{"level":"info","message":"GET /api/messages/unread-count 200 17 - 52.047 ms","timestamp":"2026-02-04 10:42:58"}
{"level":"info","message":"GET /api/messages/unread-count 304 - - 55.441 ms","timestamp":"2026-02-04 10:42:58"}
{"level":"info","message":"OPTIONS /api/attendance/2026/2 200 0 - 0.059 ms","timestamp":"2026-02-04 10:42:58"}
{"level":"info","message":"OPTIONS /api/users 200 0 - 0.065 ms","timestamp":"2026-02-04 10:42:58"}
{"level":"info","message":"OPTIONS /api/attendance/range?start=2026-01-31T18:30:00.000Z&end=2026-02-28T18:29:59.999Z 200 0 - 0.094 ms","timestamp":"2026-02-04 10:42:58"}
{"level":"info","message":"OPTIONS /api/attendance/range?start=2026-01-31T18:30:00.000Z&end=2026-02-28T18:29:59.999Z 200 0 - 0.069 ms","timestamp":"2026-02-04 10:42:58"}
{"level":"info","message":"OPTIONS /api/attendance/2026/2 200 0 - 0.045 ms","timestamp":"2026-02-04 10:42:58"}
{"level":"info","message":"OPTIONS /api/users 200 0 - 0.068 ms","timestamp":"2026-02-04 10:42:58"}
{"level":"info","message":"GET /api/attendance/2026/2 304 - - 74.125 ms","timestamp":"2026-02-04 10:42:58"}
{"level":"info","message":"GET /api/attendance/range?start=2026-01-31T18:30:00.000Z&end=2026-02-28T18:29:59.999Z 304 - - 80.610 ms","timestamp":"2026-02-04 10:42:58"}
{"level":"info","message":"GET /api/attendance/range?start=2026-01-31T18:30:00.000Z&end=2026-02-28T18:29:59.999Z 200 - - 86.510 ms","timestamp":"2026-02-04 10:42:58"}
{"level":"info","message":"GET /api/attendance/2026/2 200 - - 100.811 ms","timestamp":"2026-02-04 10:42:58"}
{"level":"info","message":"GET /api/users 200 - - 128.738 ms","timestamp":"2026-02-04 10:42:58"}
{"level":"info","message":"GET /api/users 200 - - 140.455 ms","timestamp":"2026-02-04 10:42:58"}
{"level":"info","message":"OPTIONS /api/users/me 200 0 - 0.133 ms","timestamp":"2026-02-04 10:43:01"}
{"level":"info","message":"OPTIONS /api/tasks 200 0 - 0.053 ms","timestamp":"2026-02-04 10:43:01"}
{"level":"info","message":"OPTIONS /api/users/me 200 0 - 0.053 ms","timestamp":"2026-02-04 10:43:01"}
{"level":"info","message":"OPTIONS /api/tasks 200 0 - 0.044 ms","timestamp":"2026-02-04 10:43:01"}
{"level":"info","message":"GET /api/tasks 304 - - 47.435 ms","timestamp":"2026-02-04 10:43:01"}
{"level":"info","message":"GET /api/tasks 200 2 - 48.409 ms","timestamp":"2026-02-04 10:43:01"}
{"level":"info","message":"GET /api/users/me 200 - - 52.772 ms","timestamp":"2026-02-04 10:43:01"}
{"level":"info","message":"GET /api/users/me 200 - - 49.573 ms","timestamp":"2026-02-04 10:43:01"}
{"level":"info","message":"GET /api/users 304 - - 126.476 ms","timestamp":"2026-02-04 10:43:01"}
{"level":"info","message":"GET /api/users 200 - - 134.429 ms","timestamp":"2026-02-04 10:43:01"}
{"level":"info","message":"OPTIONS /api/queries 200 0 - 0.106 ms","timestamp":"2026-02-04 10:43:01"}
{"level":"info","message":"OPTIONS /api/reports 200 0 - 0.048 ms","timestamp":"2026-02-04 10:43:01"}
{"level":"info","message":"GET /api/reports 304 - - 53.005 ms","timestamp":"2026-02-04 10:43:01"}
{"level":"info","message":"GET /api/reports 200 - - 51.383 ms","timestamp":"2026-02-04 10:43:01"}
{"level":"info","message":"GET /api/queries 304 - - 72.386 ms","timestamp":"2026-02-04 10:43:01"}
{"level":"info","message":"GET /api/queries 200 - - 89.985 ms","timestamp":"2026-02-04 10:43:01"}
{"level":"info","message":"OPTIONS /api/attendance/2026/2 200 0 - 0.279 ms","timestamp":"2026-02-04 10:43:28"}
{"level":"info","message":"GET /api/attendance/2026/2 304 - - 82.950 ms","timestamp":"2026-02-04 10:43:28"}
{"level":"info","message":"OPTIONS /api/users/register 200 0 - 0.083 ms","timestamp":"2026-02-04 10:43:44"}
{"level":"info","message":"POST /api/users/register 403 53 - 27.290 ms","timestamp":"2026-02-04 10:43:44"}
{"level":"info","message":"OPTIONS /api/attendance/2026/2 200 0 - 0.092 ms","timestamp":"2026-02-04 10:43:58"}
{"level":"info","message":"GET /api/attendance/2026/2 304 - - 76.594 ms","timestamp":"2026-02-04 10:43:58"}
{"level":"info","message":"OPTIONS /api/attendance/2026/2 200 0 - 0.094 ms","timestamp":"2026-02-04 10:44:28"}
{"level":"info","message":"GET /api/attendance/2026/2 304 - - 74.978 ms","timestamp":"2026-02-04 10:44:28"}
{"level":"info","message":"OPTIONS /api/attendance/2026/2 200 0 - 0.082 ms","timestamp":"2026-02-04 10:44:58"}
{"level":"info","message":"GET /api/attendance/2026/2 304 - - 74.030 ms","timestamp":"2026-02-04 10:44:58"}
{"level":"info","message":"OPTIONS /api/attendance/2026/2 200 0 - 0.063 ms","timestamp":"2026-02-04 10:45:28"}
{"level":"info","message":"GET /api/attendance/2026/2 304 - - 72.531 ms","timestamp":"2026-02-04 10:45:28"}
{"level":"info","message":"OPTIONS /api/attendance/2026/2 200 0 - 0.092 ms","timestamp":"2026-02-04 10:45:58"}
{"level":"info","message":"GET /api/attendance/2026/2 304 - - 75.312 ms","timestamp":"2026-02-04 10:45:58"}
{"level":"info","message":"OPTIONS /api/attendance/range?start=2026-01-31T18:30:00.000Z&end=2026-02-28T18:29:59.999Z 200 0 - 0.067 ms","timestamp":"2026-02-04 10:45:59"}
{"level":"info","message":"OPTIONS /api/attendance/range?start=2026-01-31T18:30:00.000Z&end=2026-02-28T18:29:59.999Z 200 0 - 0.045 ms","timestamp":"2026-02-04 10:45:59"}
{"level":"info","message":"GET /api/attendance/range?start=2026-01-31T18:30:00.000Z&end=2026-02-28T18:29:59.999Z 304 - - 71.577 ms","timestamp":"2026-02-04 10:45:59"}
{"level":"info","message":"GET /api/attendance/range?start=2026-01-31T18:30:00.000Z&end=2026-02-28T18:29:59.999Z 200 - - 72.263 ms","timestamp":"2026-02-04 10:45:59"}
{"level":"info","message":"OPTIONS /api/attendance/2026/2 200 0 - 0.074 ms","timestamp":"2026-02-04 10:46:28"}
{"level":"info","message":"GET /api/attendance/2026/2 304 - - 73.249 ms","timestamp":"2026-02-04 10:46:28"}
{"level":"info","message":"OPTIONS /api/attendance/range?start=2026-01-31T18:30:00.000Z&end=2026-02-28T18:29:59.999Z 200 0 - 0.155 ms","timestamp":"2026-02-04 10:46:29"}
{"level":"info","message":"GET /api/attendance/range?start=2026-01-31T18:30:00.000Z&end=2026-02-28T18:29:59.999Z 200 - - 83.045 ms","timestamp":"2026-02-04 10:46:29"}
{"level":"info","message":"OPTIONS /api/attendance/2026/2 200 0 - 0.260 ms","timestamp":"2026-02-04 10:46:59"}
{"level":"info","message":"GET /api/attendance/2026/2 200 - - 78.524 ms","timestamp":"2026-02-04 10:46:59"}
{"level":"info","message":"OPTIONS /api/attendance/2026/2 200 0 - 0.171 ms","timestamp":"2026-02-04 10:47:29"}
{"level":"info","message":"GET /api/attendance/2026/2 304 - - 88.934 ms","timestamp":"2026-02-04 10:47:29"}
{"level":"info","message":"OPTIONS /api/attendance/2026/2 200 0 - 0.079 ms","timestamp":"2026-02-04 10:47:59"}
{"level":"info","message":"GET /api/attendance/2026/2 304 - - 72.326 ms","timestamp":"2026-02-04 10:47:59"}
{"level":"info","message":"OPTIONS /api/attendance/2026/2 200 0 - 0.166 ms","timestamp":"2026-02-04 10:48:29"}
{"level":"info","message":"GET /api/attendance/2026/2 304 - - 77.729 ms","timestamp":"2026-02-04 10:48:29"}
{"level":"info","message":"OPTIONS /api/attendance/2026/2 200 0 - 0.148 ms","timestamp":"2026-02-04 10:48:59"}
{"level":"info","message":"GET /api/attendance/2026/2 304 - - 103.260 ms","timestamp":"2026-02-04 10:48:59"}
{"level":"info","message":"OPTIONS /api/attendance/2026/2 200 0 - 0.167 ms","timestamp":"2026-02-04 10:49:29"}
{"level":"info","message":"GET /api/attendance/2026/2 304 - - 97.343 ms","timestamp":"2026-02-04 10:49:29"}
{"level":"info","message":"OPTIONS /api/attendance/2026/2 200 0 - 0.165 ms","timestamp":"2026-02-04 10:49:59"}
{"level":"info","message":"GET /api/attendance/2026/2 304 - - 102.487 ms","timestamp":"2026-02-04 10:49:59"}
{"level":"info","message":"OPTIONS /api/messages/unread-count 200 0 - 0.101 ms","timestamp":"2026-02-04 10:50:09"}
{"level":"info","message":"OPTIONS /api/messages/unread-count 200 0 - 0.061 ms","timestamp":"2026-02-04 10:50:09"}
{"level":"info","message":"GET /api/messages/unread-count 304 - - 59.964 ms","timestamp":"2026-02-04 10:50:09"}
{"level":"info","message":"GET /api/messages/unread-count 200 17 - 67.493 ms","timestamp":"2026-02-04 10:50:09"}
{"level":"info","message":"OPTIONS /api/attendance/2026/2 200 0 - 0.095 ms","timestamp":"2026-02-04 10:50:09"}
{"level":"info","message":"OPTIONS /api/attendance/range?start=2026-01-31T18:30:00.000Z&end=2026-02-28T18:29:59.999Z 200 0 - 0.055 ms","timestamp":"2026-02-04 10:50:09"}
{"level":"info","message":"OPTIONS /api/attendance/2026/2 200 0 - 0.054 ms","timestamp":"2026-02-04 10:50:09"}
{"level":"info","message":"OPTIONS /api/attendance/range?start=2026-01-31T18:30:00.000Z&end=2026-02-28T18:29:59.999Z 200 0 - 0.058 ms","timestamp":"2026-02-04 10:50:09"}
{"level":"info","message":"OPTIONS /api/users 200 0 - 0.114 ms","timestamp":"2026-02-04 10:50:09"}
{"level":"info","message":"OPTIONS /api/users 200 0 - 0.083 ms","timestamp":"2026-02-04 10:50:09"}
{"level":"info","message":"GET /api/attendance/range?start=2026-01-31T18:30:00.000Z&end=2026-02-28T18:29:59.999Z 304 - - 89.930 ms","timestamp":"2026-02-04 10:50:09"}
{"level":"info","message":"GET /api/attendance/2026/2 304 - - 99.032 ms","timestamp":"2026-02-04 10:50:09"}
{"level":"info","message":"GET /api/attendance/range?start=2026-01-31T18:30:00.000Z&end=2026-02-28T18:29:59.999Z 200 - - 86.856 ms","timestamp":"2026-02-04 10:50:09"}
{"level":"info","message":"GET /api/attendance/2026/2 200 - - 94.483 ms","timestamp":"2026-02-04 10:50:09"}
{"level":"info","message":"GET /api/users 200 - - 165.784 ms","timestamp":"2026-02-04 10:50:09"}
{"level":"info","message":"GET /api/users 200 - - 171.390 ms","timestamp":"2026-02-04 10:50:09"}
{"level":"info","message":"OPTIONS /api/users 200 0 - 0.075 ms","timestamp":"2026-02-04 10:50:16"}
{"level":"info","message":"OPTIONS /api/users/me 200 0 - 0.072 ms","timestamp":"2026-02-04 10:50:16"}
{"level":"info","message":"OPTIONS /api/users/me 200 0 - 0.064 ms","timestamp":"2026-02-04 10:50:16"}
{"level":"info","message":"OPTIONS /api/users 200 0 - 0.068 ms","timestamp":"2026-02-04 10:50:16"}
{"level":"info","message":"OPTIONS /api/tasks 200 0 - 0.073 ms","timestamp":"2026-02-04 10:50:16"}
{"level":"info","message":"OPTIONS /api/tasks 200 0 - 0.034 ms","timestamp":"2026-02-04 10:50:16"}
{"level":"info","message":"GET /api/tasks 200 2 - 54.874 ms","timestamp":"2026-02-04 10:50:16"}
{"level":"info","message":"GET /api/tasks 304 - - 55.029 ms","timestamp":"2026-02-04 10:50:16"}
{"level":"info","message":"GET /api/users/me 200 - - 63.604 ms","timestamp":"2026-02-04 10:50:16"}
{"level":"info","message":"GET /api/users/me 200 - - 65.133 ms","timestamp":"2026-02-04 10:50:16"}
{"level":"info","message":"GET /api/users 200 - - 164.987 ms","timestamp":"2026-02-04 10:50:16"}
{"level":"info","message":"GET /api/users 200 - - 165.010 ms","timestamp":"2026-02-04 10:50:16"}
{"level":"info","message":"OPTIONS /api/queries 200 0 - 0.063 ms","timestamp":"2026-02-04 10:50:16"}
{"level":"info","message":"OPTIONS /api/reports 200 0 - 0.056 ms","timestamp":"2026-02-04 10:50:16"}
{"level":"info","message":"GET /api/reports 304 - - 64.734 ms","timestamp":"2026-02-04 10:50:16"}
{"level":"info","message":"GET /api/reports 200 - - 64.049 ms","timestamp":"2026-02-04 10:50:16"}
{"level":"info","message":"GET /api/queries 304 - - 101.845 ms","timestamp":"2026-02-04 10:50:16"}
{"level":"info","message":"GET /api/queries 200 - - 95.144 ms","timestamp":"2026-02-04 10:50:16"}
{"level":"info","message":"OPTIONS /api/users/register 200 0 - 0.081 ms","timestamp":"2026-02-04 10:50:39"}
{"level":"info","message":"POST /api/users/register 403 53 - 32.821 ms","timestamp":"2026-02-04 10:50:39"}
{"level":"info","message":"OPTIONS /api/attendance/2026/2 200 0 - 0.104 ms","timestamp":"2026-02-04 10:50:43"}
{"level":"info","message":"GET /api/attendance/2026/2 304 - - 104.813 ms","timestamp":"2026-02-04 10:50:43"}
{"level":"info","message":"OPTIONS /api/messages/unread-count 200 0 - 0.056 ms","timestamp":"2026-02-04 10:50:45"}
{"level":"info","message":"OPTIONS /api/messages/unread-count 200 0 - 0.056 ms","timestamp":"2026-02-04 10:50:45"}
{"level":"info","message":"GET /api/messages/unread-count 200 17 - 66.939 ms","timestamp":"2026-02-04 10:50:45"}
{"level":"info","message":"GET /api/messages/unread-count 304 - - 71.489 ms","timestamp":"2026-02-04 10:50:45"}
{"level":"info","message":"OPTIONS /api/users 200 0 - 0.060 ms","timestamp":"2026-02-04 10:50:45"}
{"level":"info","message":"GET /api/attendance/2026/2 304 - - 93.303 ms","timestamp":"2026-02-04 10:50:45"}
{"level":"info","message":"GET /api/attendance/2026/2 200 - - 93.605 ms","timestamp":"2026-02-04 10:50:45"}
{"level":"info","message":"GET /api/users 200 - - 165.502 ms","timestamp":"2026-02-04 10:50:45"}
{"level":"info","message":"GET /api/messages/unread-count - - - - ms","timestamp":"2026-02-04 10:50:46"}
{"level":"info","message":"GET /api/messages/unread-count - - - - ms","timestamp":"2026-02-04 10:50:46"}
{"level":"info","message":"OPTIONS /api/messages/unread-count 200 0 - 0.056 ms","timestamp":"2026-02-04 10:50:47"}
{"level":"info","message":"OPTIONS /api/messages/unread-count 200 0 - 0.096 ms","timestamp":"2026-02-04 10:50:47"}
{"level":"info","message":"GET /api/messages/unread-count 304 - - 71.858 ms","timestamp":"2026-02-04 10:50:47"}
{"level":"info","message":"GET /api/messages/unread-count 200 17 - 71.143 ms","timestamp":"2026-02-04 10:50:47"}
{"level":"info","message":"GET /api/attendance/2026/2 304 - - 93.713 ms","timestamp":"2026-02-04 10:50:47"}
{"level":"info","message":"GET /api/attendance/2026/2 200 - - 99.350 ms","timestamp":"2026-02-04 10:50:47"}
{"level":"info","message":"GET /api/users 200 - - 160.800 ms","timestamp":"2026-02-04 10:50:48"}
{"level":"info","message":"OPTIONS /api/attendance/2026/2 200 0 - 0.445 ms","timestamp":"2026-02-04 10:51:17"}
{"level":"info","message":"GET /api/attendance/2026/2 304 - - 101.629 ms","timestamp":"2026-02-04 10:51:17"}
{"level":"info","message":"OPTIONS /api/users/register 200 0 - 0.117 ms","timestamp":"2026-02-04 10:51:28"}
{"level":"info","message":"POST /api/users/register 403 53 - 33.519 ms","timestamp":"2026-02-04 10:51:28"}
{"level":"info","message":"OPTIONS /api/attendance/2026/2 200 0 - 0.116 ms","timestamp":"2026-02-04 10:53:02"}
{"level":"info","message":"GET /api/attendance/2026/2 304 - - 102.285 ms","timestamp":"2026-02-04 10:53:02"}
{"level":"info","message":"OPTIONS /api/attendance/2026/2 200 0 - 0.074 ms","timestamp":"2026-02-04 10:53:33"}
{"level":"info","message":"GET /api/attendance/2026/2 304 - - 97.776 ms","timestamp":"2026-02-04 10:53:33"}
{"level":"info","message":"OPTIONS /api/attendance/2026/2 200 0 - 0.054 ms","timestamp":"2026-02-04 10:54:03"}
{"level":"info","message":"GET /api/attendance/2026/2 304 - - 106.408 ms","timestamp":"2026-02-04 10:54:03"}
{"level":"info","message":"OPTIONS /api/attendance/2026/2 200 0 - 0.060 ms","timestamp":"2026-02-04 10:54:33"}
{"level":"info","message":"GET /api/attendance/2026/2 304 - - 104.125 ms","timestamp":"2026-02-04 10:54:33"}
{"level":"info","message":"OPTIONS /api/attendance/2026/2 200 0 - 0.049 ms","timestamp":"2026-02-04 10:55:04"}
{"level":"info","message":"GET /api/attendance/2026/2 304 - - 93.593 ms","timestamp":"2026-02-04 10:55:04"}
{"level":"info","message":"OPTIONS /api/attendance/2026/2 200 0 - 0.053 ms","timestamp":"2026-02-04 10:55:34"}
{"level":"info","message":"GET /api/attendance/2026/2 304 - - 100.501 ms","timestamp":"2026-02-04 10:55:34"}
{"level":"info","message":"OPTIONS /api/attendance/2026/2 200 0 - 0.050 ms","timestamp":"2026-02-04 10:56:04"}
{"level":"info","message":"GET /api/attendance/2026/2 304 - - 103.792 ms","timestamp":"2026-02-04 10:56:04"}
{"level":"info","message":"OPTIONS /api/attendance/2026/2 200 0 - 0.086 ms","timestamp":"2026-02-04 10:56:34"}
{"level":"info","message":"GET /api/attendance/2026/2 304 - - 96.545 ms","timestamp":"2026-02-04 10:56:34"}
{"level":"info","message":"OPTIONS /api/attendance/2026/2 200 0 - 0.073 ms","timestamp":"2026-02-04 10:57:04"}
{"level":"info","message":"GET /api/attendance/2026/2 304 - - 106.097 ms","timestamp":"2026-02-04 10:57:04"}
{"level":"info","message":"OPTIONS /api/attendance/2026/2 200 0 - 0.104 ms","timestamp":"2026-02-04 10:57:34"}
{"level":"info","message":"GET /api/attendance/2026/2 304 - - 105.611 ms","timestamp":"2026-02-04 10:57:34"}
{"level":"info","message":"OPTIONS /api/attendance/2026/2 200 0 - 0.097 ms","timestamp":"2026-02-04 10:58:05"}
{"level":"info","message":"GET /api/attendance/2026/2 304 - - 102.237 ms","timestamp":"2026-02-04 10:58:05"}
{"level":"info","message":"🚀 Server running on http://localhost:5000","timestamp":"2026-02-04 11:00:01"}
{"level":"info","message":"📡 Socket.IO server ready for connections","timestamp":"2026-02-04 11:00:01"}
{"level":"info","message":"✅ Redis Clients (Pub/Sub) Connected and Ready","timestamp":"2026-02-04 11:00:01"}
{"level":"info","message":"🚀 Server running on http://localhost:5000","timestamp":"2026-02-04 11:00:21"}
{"level":"info","message":"📡 Socket.IO server ready for connections","timestamp":"2026-02-04 11:00:21"}
{"level":"info","message":"✅ Redis Clients (Pub/Sub) Connected and Ready","timestamp":"2026-02-04 11:00:21"}
{"level":"info","message":"OPTIONS /api/messages/unread-count 200 0 - 0.954 ms","timestamp":"2026-02-04 11:02:42"}
{"level":"info","message":"OPTIONS /api/messages/unread-count 200 0 - 0.139 ms","timestamp":"2026-02-04 11:02:42"}
{"level":"info","message":"OPTIONS /api/attendance/2026/2 200 0 - 0.135 ms","timestamp":"2026-02-04 11:02:43"}
{"level":"info","message":"OPTIONS /api/attendance/2026/2 200 0 - 0.154 ms","timestamp":"2026-02-04 11:02:43"}
{"level":"info","message":"OPTIONS /api/users 200 0 - 0.136 ms","timestamp":"2026-02-04 11:02:43"}
{"level":"info","message":"GET /api/attendance/2026/2 304 - - 127.523 ms","timestamp":"2026-02-04 11:02:43"}
{"level":"info","message":"GET /api/attendance/2026/2 200 - - 133.509 ms","timestamp":"2026-02-04 11:02:43"}
{"level":"info","message":"GET /api/users 200 - - 211.045 ms","timestamp":"2026-02-04 11:02:43"}
{"level":"info","message":"GET /api/messages/unread-count 304 - - 65.393 ms","timestamp":"2026-02-04 11:02:46"}
{"level":"info","message":"GET /api/messages/unread-count 200 17 - 65.686 ms","timestamp":"2026-02-04 11:02:46"}
{"level":"info","message":"GET /api/attendance/2026/2 304 - - 101.154 ms","timestamp":"2026-02-04 11:02:46"}
{"level":"info","message":"GET /api/attendance/2026/2 200 - - 102.049 ms","timestamp":"2026-02-04 11:02:46"}
{"level":"info","message":"GET /api/users 200 - - 176.115 ms","timestamp":"2026-02-04 11:02:46"}
{"level":"info","message":"OPTIONS /api/users/register 200 0 - 0.275 ms","timestamp":"2026-02-04 11:03:14"}
{"level":"info","message":"POST /api/users/register 201 337 - 219.024 ms","timestamp":"2026-02-04 11:03:14"}
{"level":"info","message":"OPTIONS /api/users 200 0 - 0.141 ms","timestamp":"2026-02-04 11:03:14"}
{"level":"info","message":"GET /api/users 200 - - 192.784 ms","timestamp":"2026-02-04 11:03:14"}
{"level":"info","message":"OPTIONS /api/attendance/2026/2 200 0 - 0.107 ms","timestamp":"2026-02-04 11:03:17"}
{"level":"info","message":"GET /api/attendance/2026/2 304 - - 94.644 ms","timestamp":"2026-02-04 11:03:17"}
{"level":"info","message":"OPTIONS /api/users/6982da1aa6fdfc9717120f42 200 0 - 0.140 ms","timestamp":"2026-02-04 11:03:26"}
{"level":"info","message":"DELETE /api/users/6982da1aa6fdfc9717120f42 200 39 - 64.976 ms","timestamp":"2026-02-04 11:03:26"}
{"level":"info","message":"OPTIONS /api/users 200 0 - 0.099 ms","timestamp":"2026-02-04 11:03:26"}
{"level":"info","message":"GET /api/users 200 - - 149.870 ms","timestamp":"2026-02-04 11:03:26"}
{"level":"info","message":"OPTIONS /api/attendance/range?start=2026-01-31T18:30:00.000Z&end=2026-02-28T18:29:59.999Z 200 0 - 0.071 ms","timestamp":"2026-02-04 11:03:35"}
{"level":"info","message":"OPTIONS /api/attendance/range?start=2026-01-31T18:30:00.000Z&end=2026-02-28T18:29:59.999Z 200 0 - 0.056 ms","timestamp":"2026-02-04 11:03:35"}
{"level":"info","message":"GET /api/attendance/range?start=2026-01-31T18:30:00.000Z&end=2026-02-28T18:29:59.999Z 200 - - 84.327 ms","timestamp":"2026-02-04 11:03:35"}
{"level":"info","message":"GET /api/attendance/range?start=2026-01-31T18:30:00.000Z&end=2026-02-28T18:29:59.999Z 304 - - 107.798 ms","timestamp":"2026-02-04 11:03:35"}
{"level":"info","message":"OPTIONS /api/users 200 0 - 0.103 ms","timestamp":"2026-02-04 11:03:36"}
{"level":"info","message":"OPTIONS /api/users/me 200 0 - 0.079 ms","timestamp":"2026-02-04 11:03:36"}
{"level":"info","message":"OPTIONS /api/users/me 200 0 - 0.119 ms","timestamp":"2026-02-04 11:03:36"}
{"level":"info","message":"OPTIONS /api/users 200 0 - 0.046 ms","timestamp":"2026-02-04 11:03:36"}
{"level":"info","message":"OPTIONS /api/tasks 200 0 - 0.080 ms","timestamp":"2026-02-04 11:03:36"}
{"level":"info","message":"OPTIONS /api/tasks 200 0 - 0.040 ms","timestamp":"2026-02-04 11:03:36"}
{"level":"info","message":"GET /api/tasks 304 - - 57.734 ms","timestamp":"2026-02-04 11:03:37"}
{"level":"info","message":"GET /api/users/me 200 - - 61.584 ms","timestamp":"2026-02-04 11:03:37"}
{"level":"info","message":"GET /api/tasks 200 2 - 65.901 ms","timestamp":"2026-02-04 11:03:37"}
{"level":"info","message":"GET /api/users/me 200 - - 68.550 ms","timestamp":"2026-02-04 11:03:37"}
{"level":"info","message":"GET /api/users 200 - - 195.467 ms","timestamp":"2026-02-04 11:03:37"}
{"level":"info","message":"GET /api/users 200 - - 206.525 ms","timestamp":"2026-02-04 11:03:37"}
{"level":"info","message":"OPTIONS /api/queries 200 0 - 0.117 ms","timestamp":"2026-02-04 11:03:37"}
{"level":"info","message":"OPTIONS /api/reports 200 0 - 0.071 ms","timestamp":"2026-02-04 11:03:37"}
{"level":"info","message":"GET /api/reports 304 - - 79.016 ms","timestamp":"2026-02-04 11:03:37"}
{"level":"info","message":"GET /api/reports 200 - - 81.810 ms","timestamp":"2026-02-04 11:03:37"}
{"level":"info","message":"GET /api/queries 304 - - 140.674 ms","timestamp":"2026-02-04 11:03:37"}
{"level":"info","message":"GET /api/queries 200 - - 137.156 ms","timestamp":"2026-02-04 11:03:37"}
{"level":"info","message":"OPTIONS /api/attendance/2026/2 200 0 - 0.329 ms","timestamp":"2026-02-04 11:03:47"}
{"level":"info","message":"GET /api/attendance/2026/2 304 - - 99.915 ms","timestamp":"2026-02-04 11:03:47"}
{"level":"info","message":"OPTIONS /api/queries 200 0 - 0.090 ms","timestamp":"2026-02-04 11:03:51"}
{"level":"info","message":"OPTIONS /api/users 200 0 - 0.081 ms","timestamp":"2026-02-04 11:03:51"}
{"level":"info","message":"OPTIONS /api/users 200 0 - 0.043 ms","timestamp":"2026-02-04 11:03:51"}
{"level":"info","message":"OPTIONS /api/queries 200 0 - 0.067 ms","timestamp":"2026-02-04 11:03:51"}
{"level":"info","message":"OPTIONS /api/users 200 0 - 0.053 ms","timestamp":"2026-02-04 11:03:51"}
{"level":"info","message":"OPTIONS /api/users 200 0 - 0.041 ms","timestamp":"2026-02-04 11:03:51"}
{"level":"info","message":"GET /api/queries 304 - - 91.869 ms","timestamp":"2026-02-04 11:03:51"}
{"level":"info","message":"GET /api/queries 200 - - 109.399 ms","timestamp":"2026-02-04 11:03:51"}
{"level":"info","message":"GET /api/users 200 - - 139.732 ms","timestamp":"2026-02-04 11:03:51"}
{"level":"info","message":"GET /api/users 200 - - 147.090 ms","timestamp":"2026-02-04 11:03:51"}
{"level":"info","message":"GET /api/users 200 - - 172.290 ms","timestamp":"2026-02-04 11:03:51"}
{"level":"info","message":"GET /api/users 200 - - 181.016 ms","timestamp":"2026-02-04 11:03:51"}
{"level":"info","message":"OPTIONS /api/auth/logout 200 0 - 0.100 ms","timestamp":"2026-02-04 11:03:59"}
{"level":"info","message":"POST /api/auth/logout 200 31 - 1.196 ms","timestamp":"2026-02-04 11:03:59"}
{"level":"info","message":"OPTIONS /api/users/logout 200 0 - 0.057 ms","timestamp":"2026-02-04 11:03:59"}
{"level":"info","message":"POST /api/users/logout 200 33 - 167.030 ms","timestamp":"2026-02-04 11:04:00"}
{"level":"info","message":"OPTIONS /api/auth/login 200 0 - 0.200 ms","timestamp":"2026-02-04 11:04:42"}
{"level":"info","message":"POST /api/auth/login 200 662 - 337.377 ms","timestamp":"2026-02-04 11:04:43"}
{"level":"info","message":"OPTIONS /api/messages/unread-count 200 0 - 0.283 ms","timestamp":"2026-02-04 11:04:43"}
{"level":"info","message":"GET /api/messages/unread-count 200 17 - 79.164 ms","timestamp":"2026-02-04 11:04:43"}
{"level":"info","message":"OPTIONS /api/attendance/2026/2 200 0 - 0.070 ms","timestamp":"2026-02-04 11:04:43"}
{"level":"info","message":"OPTIONS /api/tasks 200 0 - 0.104 ms","timestamp":"2026-02-04 11:04:43"}
{"level":"info","message":"OPTIONS /api/appointments/revenue/reports 200 0 - 0.037 ms","timestamp":"2026-02-04 11:04:43"}
{"level":"info","message":"OPTIONS /api/attendance/range?start=2026-01-31T18:30:00.000Z&end=2026-02-28T18:29:59.999Z 200 0 - 0.091 ms","timestamp":"2026-02-04 11:04:43"}
{"level":"info","message":"OPTIONS /api/appointments/all 200 0 - 0.072 ms","timestamp":"2026-02-04 11:04:43"}
{"level":"info","message":"OPTIONS /api/users/all 200 0 - 0.045 ms","timestamp":"2026-02-04 11:04:43"}
{"level":"info","message":"OPTIONS /api/tasks 200 0 - 0.061 ms","timestamp":"2026-02-04 11:04:43"}
{"level":"info","message":"OPTIONS /api/users 200 0 - 0.063 ms","timestamp":"2026-02-04 11:04:43"}
{"level":"info","message":"OPTIONS /api/appointments/revenue/reports 200 0 - 0.048 ms","timestamp":"2026-02-04 11:04:43"}
{"level":"info","message":"OPTIONS /api/appointments/stats?month=2&year=2026 200 0 - 0.064 ms","timestamp":"2026-02-04 11:04:43"}
{"level":"info","message":"OPTIONS /api/appointments/stats?month=1&year=2026 200 0 - 0.083 ms","timestamp":"2026-02-04 11:04:43"}
{"level":"info","message":"OPTIONS /api/tasks 200 0 - 0.079 ms","timestamp":"2026-02-04 11:04:43"}
{"level":"info","message":"OPTIONS /api/appointments/stats?month=1&year=2026 200 0 - 0.070 ms","timestamp":"2026-02-04 11:04:43"}
{"level":"info","message":"OPTIONS /api/appointments/all 200 0 - 0.070 ms","timestamp":"2026-02-04 11:04:43"}
{"level":"info","message":"OPTIONS /api/appointments/revenue 200 0 - 0.062 ms","timestamp":"2026-02-04 11:04:43"}
{"level":"info","message":"OPTIONS /api/appointments/revenue 200 0 - 0.071 ms","timestamp":"2026-02-04 11:04:43"}
{"level":"info","message":"OPTIONS /api/users/all 200 0 - 0.086 ms","timestamp":"2026-02-04 11:04:43"}
{"level":"info","message":"OPTIONS /api/admin-status 200 0 - 0.072 ms","timestamp":"2026-02-04 11:04:43"}
{"level":"info","message":"OPTIONS /api/admin-status 200 0 - 0.075 ms","timestamp":"2026-02-04 11:04:43"}
{"level":"info","message":"OPTIONS /api/attendance/range?start=2026-01-31T18:30:00.000Z&end=2026-02-28T18:29:59.999Z 200 0 - 0.036 ms","timestamp":"2026-02-04 11:04:43"}
{"level":"info","message":"OPTIONS /api/users 200 0 - 0.033 ms","timestamp":"2026-02-04 11:04:43"}
{"level":"info","message":"OPTIONS /api/appointments/stats?month=2&year=2026 200 0 - 0.032 ms","timestamp":"2026-02-04 11:04:43"}
{"level":"info","message":"GET /api/appointments/revenue/reports 304 - - 64.227 ms","timestamp":"2026-02-04 11:04:43"}
{"level":"info","message":"GET /api/attendance/2026/2 200 - - 106.023 ms","timestamp":"2026-02-04 11:04:43"}
{"level":"info","message":"GET /api/attendance/range?start=2026-01-31T18:30:00.000Z&end=2026-02-28T18:29:59.999Z 200 - - 112.070 ms","timestamp":"2026-02-04 11:04:43"}
{"level":"info","message":"GET /api/tasks 200 - - 120.134 ms","timestamp":"2026-02-04 11:04:43"}
{"level":"info","message":"GET /api/attendance/2026/2 200 - - 151.706 ms","timestamp":"2026-02-04 11:04:43"}
{"level":"info","message":"GET /api/appointments/revenue/reports 200 - - 79.829 ms","timestamp":"2026-02-04 11:04:43"}
{"level":"info","message":"GET /api/appointments/all 304 - - 173.824 ms","timestamp":"2026-02-04 11:04:43"}
{"level":"info","message":"GET /api/tasks 200 - - 158.892 ms","timestamp":"2026-02-04 11:04:43"}
{"level":"info","message":"GET /api/users/all 200 - - 172.871 ms","timestamp":"2026-02-04 11:04:43"}
{"level":"info","message":"GET /api/appointments/stats?month=1&year=2026 200 12 - 69.422 ms","timestamp":"2026-02-04 11:04:43"}
{"level":"info","message":"GET /api/appointments/stats?month=2&year=2026 304 - - 75.830 ms","timestamp":"2026-02-04 11:04:43"}
{"level":"info","message":"GET /api/users 200 - - 185.397 ms","timestamp":"2026-02-04 11:04:43"}
{"level":"info","message":"GET /api/appointments/stats?month=1&year=2026 304 - - 55.603 ms","timestamp":"2026-02-04 11:04:43"}
{"level":"info","message":"GET /api/tasks 200 - - 375.976 ms","timestamp":"2026-02-04 11:04:43"}
{"level":"info","message":"GET /api/appointments/revenue 304 - - 103.333 ms","timestamp":"2026-02-04 11:04:43"}
{"level":"info","message":"GET /api/appointments/revenue 200 45 - 141.782 ms","timestamp":"2026-02-04 11:04:43"}
{"level":"info","message":"GET /api/admin-status 200 48 - 89.959 ms","timestamp":"2026-02-04 11:04:43"}
{"level":"info","message":"GET /api/users/all 200 - - 100.490 ms","timestamp":"2026-02-04 11:04:43"}
{"level":"info","message":"GET /api/appointments/all 200 - - 178.188 ms","timestamp":"2026-02-04 11:04:43"}
{"level":"info","message":"GET /api/admin-status 200 48 - 78.575 ms","timestamp":"2026-02-04 11:04:43"}
{"level":"info","message":"GET /api/appointments/stats?month=2&year=2026 200 11 - 75.386 ms","timestamp":"2026-02-04 11:04:43"}
{"level":"info","message":"GET /api/attendance/range?start=2026-01-31T18:30:00.000Z&end=2026-02-28T18:29:59.999Z 200 - - 109.584 ms","timestamp":"2026-02-04 11:04:44"}
{"level":"info","message":"GET /api/tasks 200 - - 307.957 ms","timestamp":"2026-02-04 11:04:44"}
{"level":"info","message":"GET /api/users 200 - - 118.966 ms","timestamp":"2026-02-04 11:04:44"}
{"level":"info","message":"OPTIONS /api/users/68fcc5bfb85c2281711925bb 200 0 - 0.183 ms","timestamp":"2026-02-04 11:04:52"}
{"level":"info","message":"OPTIONS /api/users 200 0 - 0.056 ms","timestamp":"2026-02-04 11:04:52"}
{"level":"info","message":"PUT /api/users/68fcc5bfb85c2281711925bb 200 - - 61.671 ms","timestamp":"2026-02-04 11:04:52"}
{"level":"info","message":"GET /api/users 200 - - 173.339 ms","timestamp":"2026-02-04 11:04:53"}
{"level":"info","message":"GET /api/users 200 - - 135.041 ms","timestamp":"2026-02-04 11:04:53"}
{"level":"info","message":"OPTIONS /api/appointments/revenue/reports 200 0 - 0.076 ms","timestamp":"2026-02-04 11:04:56"}
{"level":"info","message":"OPTIONS /api/appointments/all 200 0 - 0.054 ms","timestamp":"2026-02-04 11:04:56"}
{"level":"info","message":"OPTIONS /api/tasks 200 0 - 0.064 ms","timestamp":"2026-02-04 11:04:56"}
{"level":"info","message":"OPTIONS /api/users/all 200 0 - 0.030 ms","timestamp":"2026-02-04 11:04:56"}
{"level":"info","message":"OPTIONS /api/attendance/range?start=2026-01-31T18:30:00.000Z&end=2026-02-28T18:29:59.999Z 200 0 - 0.034 ms","timestamp":"2026-02-04 11:04:56"}
{"level":"info","message":"OPTIONS /api/admin-status 200 0 - 0.039 ms","timestamp":"2026-02-04 11:04:56"}
{"level":"info","message":"OPTIONS /api/appointments/stats?month=2&year=2026 200 0 - 0.066 ms","timestamp":"2026-02-04 11:04:56"}
{"level":"info","message":"OPTIONS /api/appointments/stats?month=1&year=2026 200 0 - 0.062 ms","timestamp":"2026-02-04 11:04:56"}
{"level":"info","message":"OPTIONS /api/appointments/revenue 200 0 - 0.058 ms","timestamp":"2026-02-04 11:04:56"}
{"level":"info","message":"OPTIONS /api/tasks 200 0 - 0.066 ms","timestamp":"2026-02-04 11:04:56"}
{"level":"info","message":"OPTIONS /api/appointments/all 200 0 - 0.045 ms","timestamp":"2026-02-04 11:04:56"}
{"level":"info","message":"OPTIONS /api/users/all 200 0 - 0.062 ms","timestamp":"2026-02-04 11:04:56"}
{"level":"info","message":"OPTIONS /api/tasks 200 0 - 0.069 ms","timestamp":"2026-02-04 11:04:56"}
{"level":"info","message":"OPTIONS /api/attendance/range?start=2026-01-31T18:30:00.000Z&end=2026-02-28T18:29:59.999Z 200 0 - 0.077 ms","timestamp":"2026-02-04 11:04:56"}
{"level":"info","message":"OPTIONS /api/admin-status 200 0 - 0.059 ms","timestamp":"2026-02-04 11:04:56"}
{"level":"info","message":"OPTIONS /api/appointments/stats?month=1&year=2026 200 0 - 0.043 ms","timestamp":"2026-02-04 11:04:56"}
{"level":"info","message":"OPTIONS /api/appointments/stats?month=2&year=2026 200 0 - 0.090 ms","timestamp":"2026-02-04 11:04:56"}
{"level":"info","message":"OPTIONS /api/appointments/revenue 200 0 - 0.045 ms","timestamp":"2026-02-04 11:04:56"}
{"level":"info","message":"OPTIONS /api/tasks 200 0 - 0.121 ms","timestamp":"2026-02-04 11:04:56"}
{"level":"info","message":"GET /api/appointments/revenue/reports 304 - - 50.645 ms","timestamp":"2026-02-04 11:04:56"}
{"level":"info","message":"GET /api/appointments/revenue/reports 200 - - 66.611 ms","timestamp":"2026-02-04 11:04:56"}
{"level":"info","message":"GET /api/tasks 304 - - 136.092 ms","timestamp":"2026-02-04 11:04:56"}
{"level":"info","message":"GET /api/appointments/all 304 - - 225.680 ms","timestamp":"2026-02-04 11:04:56"}
{"level":"info","message":"GET /api/users 304 - - 240.183 ms","timestamp":"2026-02-04 11:04:56"}
{"level":"info","message":"GET /api/admin-status 304 - - 101.112 ms","timestamp":"2026-02-04 11:04:56"}
{"level":"info","message":"GET /api/attendance/range?start=2026-01-31T18:30:00.000Z&end=2026-02-28T18:29:59.999Z 200 - - 137.753 ms","timestamp":"2026-02-04 11:04:56"}
{"level":"info","message":"GET /api/users 200 - - 217.070 ms","timestamp":"2026-02-04 11:04:56"}
{"level":"info","message":"GET /api/users/all 200 - - 156.077 ms","timestamp":"2026-02-04 11:04:56"}
{"level":"info","message":"GET /api/appointments/stats?month=2&year=2026 304 - - 59.592 ms","timestamp":"2026-02-04 11:04:56"}
{"level":"info","message":"GET /api/appointments/stats?month=1&year=2026 304 - - 60.418 ms","timestamp":"2026-02-04 11:04:56"}
{"level":"info","message":"GET /api/appointments/revenue 304 - - 115.371 ms","timestamp":"2026-02-04 11:04:56"}
{"level":"info","message":"GET /api/tasks 200 - - 116.540 ms","timestamp":"2026-02-04 11:04:56"}
{"level":"info","message":"GET /api/users/all 200 - - 91.261 ms","timestamp":"2026-02-04 11:04:56"}
{"level":"info","message":"GET /api/attendance/range?start=2026-01-31T18:30:00.000Z&end=2026-02-28T18:29:59.999Z 200 - - 90.792 ms","timestamp":"2026-02-04 11:04:56"}
{"level":"info","message":"GET /api/tasks 200 - - 112.065 ms","timestamp":"2026-02-04 11:04:56"}
{"level":"info","message":"GET /api/admin-status 200 48 - 55.032 ms","timestamp":"2026-02-04 11:04:56"}
{"level":"info","message":"GET /api/appointments/stats?month=2&year=2026 200 11 - 61.434 ms","timestamp":"2026-02-04 11:04:56"}
{"level":"info","message":"GET /api/appointments/stats?month=1&year=2026 200 12 - 80.940 ms","timestamp":"2026-02-04 11:04:56"}
{"level":"info","message":"GET /api/appointments/all 200 - - 198.163 ms","timestamp":"2026-02-04 11:04:56"}
{"level":"info","message":"GET /api/appointments/revenue 200 45 - 83.666 ms","timestamp":"2026-02-04 11:04:56"}
{"level":"info","message":"GET /api/tasks 200 - - 106.241 ms","timestamp":"2026-02-04 11:04:56"}
{"level":"info","message":"OPTIONS /api/appointments/stats?month=2&year=2026 200 0 - 0.085 ms","timestamp":"2026-02-04 11:05:06"}
{"level":"info","message":"OPTIONS /api/appointments/stats?month=1&year=2026 200 0 - 0.052 ms","timestamp":"2026-02-04 11:05:06"}
{"level":"info","message":"OPTIONS /api/appointments/revenue 200 0 - 0.045 ms","timestamp":"2026-02-04 11:05:06"}
{"level":"info","message":"OPTIONS /api/users 200 0 - 0.041 ms","timestamp":"2026-02-04 11:05:06"}
{"level":"info","message":"GET /api/appointments/stats?month=1&year=2026 304 - - 75.422 ms","timestamp":"2026-02-04 11:05:06"}
{"level":"info","message":"GET /api/appointments/stats?month=2&year=2026 304 - - 79.307 ms","timestamp":"2026-02-04 11:05:06"}
{"level":"info","message":"GET /api/appointments/revenue 304 - - 107.990 ms","timestamp":"2026-02-04 11:05:06"}
{"level":"info","message":"GET /api/users 304 - - 158.907 ms","timestamp":"2026-02-04 11:05:06"}
{"level":"info","message":"OPTIONS /api/attendance/2026/2 200 0 - 0.167 ms","timestamp":"2026-02-04 11:05:13"}
{"level":"info","message":"GET /api/attendance/2026/2 200 - - 79.756 ms","timestamp":"2026-02-04 11:05:13"}
{"level":"info","message":"OPTIONS /api/appointments/stats?month=2&year=2026 200 0 - 0.084 ms","timestamp":"2026-02-04 11:05:16"}
{"level":"info","message":"OPTIONS /api/appointments/stats?month=1&year=2026 200 0 - 0.033 ms","timestamp":"2026-02-04 11:05:16"}
{"level":"info","message":"OPTIONS /api/appointments/revenue 200 0 - 0.049 ms","timestamp":"2026-02-04 11:05:16"}
{"level":"info","message":"OPTIONS /api/users 200 0 - 0.030 ms","timestamp":"2026-02-04 11:05:16"}
{"level":"info","message":"GET /api/appointments/stats?month=2&year=2026 304 - - 46.552 ms","timestamp":"2026-02-04 11:05:16"}
{"level":"info","message":"GET /api/appointments/stats?month=1&year=2026 304 - - 58.985 ms","timestamp":"2026-02-04 11:05:16"}
{"level":"info","message":"GET /api/appointments/revenue 304 - - 104.191 ms","timestamp":"2026-02-04 11:05:16"}
{"level":"info","message":"GET /api/users 200 - - 156.980 ms","timestamp":"2026-02-04 11:05:16"}
{"level":"info","message":"OPTIONS /api/users/all 200 0 - 0.309 ms","timestamp":"2026-02-04 11:05:26"}
{"level":"info","message":"OPTIONS /api/attendance/range?start=2026-01-31T18:30:00.000Z&end=2026-02-28T18:29:59.999Z 200 0 - 0.220 ms","timestamp":"2026-02-04 11:05:26"}
{"level":"info","message":"OPTIONS /api/appointments/stats?month=2&year=2026 200 0 - 0.083 ms","timestamp":"2026-02-04 11:05:26"}
{"level":"info","message":"OPTIONS /api/appointments/stats?month=1&year=2026 200 0 - 0.110 ms","timestamp":"2026-02-04 11:05:26"}
{"level":"info","message":"OPTIONS /api/appointments/revenue 200 0 - 0.053 ms","timestamp":"2026-02-04 11:05:26"}
{"level":"info","message":"OPTIONS /api/users 200 0 - 0.050 ms","timestamp":"2026-02-04 11:05:26"}
{"level":"info","message":"GET /api/attendance/range?start=2026-01-31T18:30:00.000Z&end=2026-02-28T18:29:59.999Z 304 - - 97.161 ms","timestamp":"2026-02-04 11:05:26"}
{"level":"info","message":"GET /api/appointments/stats?month=1&year=2026 304 - - 51.479 ms","timestamp":"2026-02-04 11:05:26"}
{"level":"info","message":"GET /api/users/all 200 - - 144.680 ms","timestamp":"2026-02-04 11:05:26"}
{"level":"info","message":"GET /api/appointments/stats?month=2&year=2026 304 - - 62.587 ms","timestamp":"2026-02-04 11:05:26"}
{"level":"info","message":"GET /api/appointments/revenue 304 - - 92.655 ms","timestamp":"2026-02-04 11:05:26"}
{"level":"info","message":"GET /api/users 200 - - 126.496 ms","timestamp":"2026-02-04 11:05:26"}
{"level":"info","message":"OPTIONS /api/appointments/stats?month=2&year=2026 200 0 - 0.061 ms","timestamp":"2026-02-04 11:05:36"}
{"level":"info","message":"OPTIONS /api/appointments/stats?month=1&year=2026 200 0 - 0.038 ms","timestamp":"2026-02-04 11:05:36"}
{"level":"info","message":"OPTIONS /api/appointments/revenue 200 0 - 0.055 ms","timestamp":"2026-02-04 11:05:36"}
{"level":"info","message":"OPTIONS /api/users 200 0 - 0.044 ms","timestamp":"2026-02-04 11:05:36"}
{"level":"info","message":"GET /api/appointments/stats?month=2&year=2026 304 - - 60.863 ms","timestamp":"2026-02-04 11:05:36"}
{"level":"info","message":"GET /api/appointments/stats?month=1&year=2026 304 - - 70.747 ms","timestamp":"2026-02-04 11:05:36"}
{"level":"info","message":"GET /api/appointments/revenue 304 - - 100.057 ms","timestamp":"2026-02-04 11:05:36"}
{"level":"info","message":"GET /api/users 304 - - 133.090 ms","timestamp":"2026-02-04 11:05:36"}
{"level":"info","message":"OPTIONS /api/attendance/2026/2 200 0 - 0.150 ms","timestamp":"2026-02-04 11:05:43"}
{"level":"info","message":"GET /api/attendance/2026/2 304 - - 77.227 ms","timestamp":"2026-02-04 11:05:43"}
{"level":"info","message":"OPTIONS /api/appointments/stats?month=2&year=2026 200 0 - 0.073 ms","timestamp":"2026-02-04 11:05:46"}
{"level":"info","message":"OPTIONS /api/appointments/stats?month=1&year=2026 200 0 - 0.066 ms","timestamp":"2026-02-04 11:05:46"}
{"level":"info","message":"OPTIONS /api/appointments/revenue 200 0 - 0.028 ms","timestamp":"2026-02-04 11:05:46"}
{"level":"info","message":"OPTIONS /api/users 200 0 - 0.035 ms","timestamp":"2026-02-04 11:05:46"}
{"level":"info","message":"GET /api/appointments/stats?month=2&year=2026 304 - - 47.815 ms","timestamp":"2026-02-04 11:05:46"}
{"level":"info","message":"GET /api/appointments/stats?month=1&year=2026 304 - - 63.472 ms","timestamp":"2026-02-04 11:05:46"}
{"level":"info","message":"GET /api/appointments/revenue 304 - - 99.988 ms","timestamp":"2026-02-04 11:05:46"}
{"level":"info","message":"GET /api/users 200 - - 126.259 ms","timestamp":"2026-02-04 11:05:46"}
{"level":"info","message":"OPTIONS /api/users/all 200 0 - 0.128 ms","timestamp":"2026-02-04 11:05:56"}
{"level":"info","message":"OPTIONS /api/attendance/range?start=2026-01-31T18:30:00.000Z&end=2026-02-28T18:29:59.999Z 200 0 - 0.102 ms","timestamp":"2026-02-04 11:05:56"}
{"level":"info","message":"GET /api/attendance/range?start=2026-01-31T18:30:00.000Z&end=2026-02-28T18:29:59.999Z 304 - - 95.839 ms","timestamp":"2026-02-04 11:05:56"}
{"level":"info","message":"GET /api/users/all 200 - - 119.940 ms","timestamp":"2026-02-04 11:05:56"}
{"level":"info","message":"OPTIONS /api/appointments/stats?month=2&year=2026 200 0 - 0.077 ms","timestamp":"2026-02-04 11:05:56"}
{"level":"info","message":"OPTIONS /api/appointments/stats?month=1&year=2026 200 0 - 0.072 ms","timestamp":"2026-02-04 11:05:56"}
{"level":"info","message":"OPTIONS /api/appointments/revenue 200 0 - 0.049 ms","timestamp":"2026-02-04 11:05:56"}
{"level":"info","message":"OPTIONS /api/users 200 0 - 0.043 ms","timestamp":"2026-02-04 11:05:56"}
{"level":"info","message":"GET /api/appointments/stats?month=2&year=2026 304 - - 60.522 ms","timestamp":"2026-02-04 11:05:56"}
{"level":"info","message":"GET /api/appointments/stats?month=1&year=2026 304 - - 60.723 ms","timestamp":"2026-02-04 11:05:56"}
{"level":"info","message":"GET /api/appointments/revenue 304 - - 97.123 ms","timestamp":"2026-02-04 11:05:56"}
{"level":"info","message":"GET /api/users 200 - - 135.772 ms","timestamp":"2026-02-04 11:05:56"}
{"level":"info","message":"OPTIONS /api/appointments/stats?month=2&year=2026 200 0 - 0.058 ms","timestamp":"2026-02-04 11:06:06"}
{"level":"info","message":"OPTIONS /api/appointments/stats?month=1&year=2026 200 0 - 0.086 ms","timestamp":"2026-02-04 11:06:06"}
{"level":"info","message":"OPTIONS /api/appointments/revenue 200 0 - 0.027 ms","timestamp":"2026-02-04 11:06:06"}
{"level":"info","message":"OPTIONS /api/users 200 0 - 0.035 ms","timestamp":"2026-02-04 11:06:06"}
{"level":"info","message":"GET /api/appointments/stats?month=2&year=2026 304 - - 59.716 ms","timestamp":"2026-02-04 11:06:06"}
{"level":"info","message":"GET /api/appointments/stats?month=1&year=2026 304 - - 77.080 ms","timestamp":"2026-02-04 11:06:06"}
{"level":"info","message":"GET /api/appointments/revenue 304 - - 119.136 ms","timestamp":"2026-02-04 11:06:06"}
{"level":"info","message":"GET /api/users 304 - - 218.661 ms","timestamp":"2026-02-04 11:06:06"}
