{"level":"info","message":"🚀 Server running on http://localhost:5000","timestamp":"2026-03-02 10:08:01"}
{"level":"info","message":"📡 Socket.IO server ready for connections","timestamp":"2026-03-02 10:08:01"}
{"level":"info","message":"✅ Redis Clients (Pub/Sub) Connected and Ready","timestamp":"2026-03-02 10:08:01"}
{"level":"info","message":"OPTIONS /api/messages/unread-count 200 0 - 1.520 ms","timestamp":"2026-03-02 10:08:16"}
{"level":"info","message":"OPTIONS /api/messages/unread-count 200 0 - 0.230 ms","timestamp":"2026-03-02 10:08:16"}
{"level":"info","message":"GET /api/messages/unread-count 401 31 - 12.392 ms","timestamp":"2026-03-02 10:08:16"}
{"level":"info","message":"GET /api/messages/unread-count 401 31 - 2.423 ms","timestamp":"2026-03-02 10:08:16"}
{"level":"info","message":"OPTIONS /api/auth/login 200 0 - 0.133 ms","timestamp":"2026-03-02 10:08:27"}
{"level":"info","message":"POST /api/auth/login 200 698 - 256.474 ms","timestamp":"2026-03-02 10:08:28"}
{"level":"info","message":"OPTIONS /api/messages/unread-count 200 0 - 0.328 ms","timestamp":"2026-03-02 10:08:28"}
{"level":"info","message":"GET /api/messages/unread-count 304 - - 66.299 ms","timestamp":"2026-03-02 10:08:28"}
{"level":"info","message":"OPTIONS /api/attendance/2026/3 200 0 - 0.177 ms","timestamp":"2026-03-02 10:08:28"}
{"level":"info","message":"OPTIONS /api/appointments/revenue/reports 200 0 - 0.215 ms","timestamp":"2026-03-02 10:08:28"}
{"level":"info","message":"OPTIONS /api/appointments 200 0 - 0.134 ms","timestamp":"2026-03-02 10:08:28"}
{"level":"info","message":"OPTIONS /api/users/all 200 0 - 0.116 ms","timestamp":"2026-03-02 10:08:28"}
{"level":"info","message":"OPTIONS /api/tasks 200 0 - 0.111 ms","timestamp":"2026-03-02 10:08:28"}
{"level":"info","message":"OPTIONS /api/attendance/range?start=2026-02-28T18:30:00.000Z&end=2026-03-31T18:29:59.999Z 200 0 - 0.268 ms","timestamp":"2026-03-02 10:08:28"}
{"level":"info","message":"OPTIONS /api/admin-status 200 0 - 0.122 ms","timestamp":"2026-03-02 10:08:28"}
{"level":"info","message":"OPTIONS /api/appointments/stats?month=3&year=2026 200 0 - 0.102 ms","timestamp":"2026-03-02 10:08:28"}
{"level":"info","message":"OPTIONS /api/appointments/stats?month=2&year=2026 200 0 - 0.092 ms","timestamp":"2026-03-02 10:08:28"}
{"level":"info","message":"OPTIONS /api/appointments/revenue 200 0 - 0.091 ms","timestamp":"2026-03-02 10:08:28"}
{"level":"info","message":"OPTIONS /api/appointments/stats?month=2&year=2026 200 0 - 0.175 ms","timestamp":"2026-03-02 10:08:28"}
{"level":"info","message":"OPTIONS /api/appointments/revenue 200 0 - 0.094 ms","timestamp":"2026-03-02 10:08:28"}
{"level":"info","message":"OPTIONS /api/users 200 0 - 0.110 ms","timestamp":"2026-03-02 10:08:28"}
{"level":"info","message":"OPTIONS /api/users 200 0 - 0.062 ms","timestamp":"2026-03-02 10:08:28"}
{"level":"info","message":"GET /api/appointments/revenue/reports 304 - - 47.947 ms","timestamp":"2026-03-02 10:08:28"}
{"level":"info","message":"GET /api/attendance/2026/3 200 - - 75.448 ms","timestamp":"2026-03-02 10:08:29"}
{"level":"info","message":"GET /api/appointments/stats?month=3&year=2026 200 11 - 56.739 ms","timestamp":"2026-03-02 10:08:29"}
{"level":"info","message":"GET /api/users/all 200 - - 115.608 ms","timestamp":"2026-03-02 10:08:29"}
{"level":"info","message":"GET /api/attendance/range?start=2026-02-28T18:30:00.000Z&end=2026-03-31T18:29:59.999Z 200 - - 150.337 ms","timestamp":"2026-03-02 10:08:29"}
{"level":"info","message":"GET /api/appointments 304 - - 215.502 ms","timestamp":"2026-03-02 10:08:29"}
{"level":"info","message":"GET /api/appointments/stats?month=2&year=2026 304 - - 60.248 ms","timestamp":"2026-03-02 10:08:29"}
{"level":"info","message":"GET /api/appointments/revenue 200 41 - 78.650 ms","timestamp":"2026-03-02 10:08:29"}
{"level":"info","message":"GET /api/appointments/revenue/reports 304 - - 54.217 ms","timestamp":"2026-03-02 10:08:29"}
{"level":"info","message":"GET /api/appointments/stats?month=3&year=2026 304 - - 43.832 ms","timestamp":"2026-03-02 10:08:29"}
{"level":"info","message":"GET /api/attendance/2026/3 304 - - 79.307 ms","timestamp":"2026-03-02 10:08:29"}
{"level":"info","message":"GET /api/users 200 - - 135.919 ms","timestamp":"2026-03-02 10:08:29"}
{"level":"info","message":"GET /api/tasks 304 - - 322.894 ms","timestamp":"2026-03-02 10:08:29"}
{"level":"info","message":"GET /api/users/all 304 - - 82.601 ms","timestamp":"2026-03-02 10:08:29"}
{"level":"info","message":"GET /api/admin-status 200 49 - 281.980 ms","timestamp":"2026-03-02 10:08:29"}
{"level":"info","message":"GET /api/attendance/range?start=2026-02-28T18:30:00.000Z&end=2026-03-31T18:29:59.999Z 304 - - 89.082 ms","timestamp":"2026-03-02 10:08:29"}
{"level":"info","message":"GET /api/appointments/stats?month=2&year=2026 304 - - 64.128 ms","timestamp":"2026-03-02 10:08:29"}
{"level":"info","message":"GET /api/appointments/revenue 304 - - 79.605 ms","timestamp":"2026-03-02 10:08:29"}
{"level":"info","message":"GET /api/appointments 304 - - 127.606 ms","timestamp":"2026-03-02 10:08:29"}
{"level":"info","message":"GET /api/admin-status 304 - - 58.247 ms","timestamp":"2026-03-02 10:08:29"}
{"level":"info","message":"GET /api/tasks 304 - - 80.375 ms","timestamp":"2026-03-02 10:08:29"}
{"level":"info","message":"GET /api/users 304 - - 113.408 ms","timestamp":"2026-03-02 10:08:29"}
{"level":"info","message":"GET /api/tasks 304 - - 72.254 ms","timestamp":"2026-03-02 10:08:29"}
{"level":"info","message":"GET /api/tasks 304 - - 67.736 ms","timestamp":"2026-03-02 10:08:29"}
{"level":"info","message":"OPTIONS /api/appointments/stats?month=3&year=2026 200 0 - 0.099 ms","timestamp":"2026-03-02 10:08:38"}
{"level":"info","message":"OPTIONS /api/appointments/stats?month=2&year=2026 200 0 - 0.081 ms","timestamp":"2026-03-02 10:08:38"}
{"level":"info","message":"OPTIONS /api/appointments/revenue 200 0 - 0.043 ms","timestamp":"2026-03-02 10:08:38"}
{"level":"info","message":"OPTIONS /api/users 200 0 - 0.050 ms","timestamp":"2026-03-02 10:08:38"}
{"level":"info","message":"GET /api/appointments/stats?month=3&year=2026 304 - - 41.449 ms","timestamp":"2026-03-02 10:08:38"}
{"level":"info","message":"GET /api/appointments/stats?month=2&year=2026 304 - - 40.952 ms","timestamp":"2026-03-02 10:08:38"}
{"level":"info","message":"GET /api/appointments/revenue 304 - - 63.410 ms","timestamp":"2026-03-02 10:08:38"}
{"level":"info","message":"GET /api/users 200 - - 107.820 ms","timestamp":"2026-03-02 10:08:39"}
{"level":"info","message":"OPTIONS /api/messages/unread-count 200 0 - 0.116 ms","timestamp":"2026-03-02 10:08:47"}
{"level":"info","message":"OPTIONS /api/messages/unread-count 200 0 - 0.255 ms","timestamp":"2026-03-02 10:08:47"}
{"level":"info","message":"GET /api/messages/unread-count 304 - - 47.567 ms","timestamp":"2026-03-02 10:08:47"}
{"level":"info","message":"GET /api/messages/unread-count 304 - - 46.889 ms","timestamp":"2026-03-02 10:08:47"}
{"level":"info","message":"OPTIONS /api/attendance/2026/3 200 0 - 0.084 ms","timestamp":"2026-03-02 10:08:47"}
{"level":"info","message":"OPTIONS /api/appointments/revenue/reports 200 0 - 0.113 ms","timestamp":"2026-03-02 10:08:47"}
{"level":"info","message":"OPTIONS /api/appointments 200 0 - 0.063 ms","timestamp":"2026-03-02 10:08:47"}
{"level":"info","message":"OPTIONS /api/tasks 200 0 - 0.100 ms","timestamp":"2026-03-02 10:08:47"}
{"level":"info","message":"OPTIONS /api/users/all 200 0 - 0.126 ms","timestamp":"2026-03-02 10:08:47"}
{"level":"info","message":"OPTIONS /api/attendance/range?start=2026-02-28T18:30:00.000Z&end=2026-03-31T18:29:59.999Z 200 0 - 0.070 ms","timestamp":"2026-03-02 10:08:47"}
{"level":"info","message":"OPTIONS /api/admin-status 200 0 - 1.157 ms","timestamp":"2026-03-02 10:08:47"}
{"level":"info","message":"OPTIONS /api/appointments/stats?month=3&year=2026 200 0 - 0.062 ms","timestamp":"2026-03-02 10:08:47"}
{"level":"info","message":"OPTIONS /api/users 200 0 - 0.080 ms","timestamp":"2026-03-02 10:08:47"}
{"level":"info","message":"OPTIONS /api/appointments/stats?month=2&year=2026 200 0 - 0.059 ms","timestamp":"2026-03-02 10:08:47"}
{"level":"info","message":"OPTIONS /api/appointments/revenue 200 0 - 0.107 ms","timestamp":"2026-03-02 10:08:47"}
{"level":"info","message":"OPTIONS /api/appointments/stats?month=2&year=2026 200 0 - 0.142 ms","timestamp":"2026-03-02 10:08:47"}
{"level":"info","message":"OPTIONS /api/appointments/revenue 200 0 - 0.059 ms","timestamp":"2026-03-02 10:08:47"}
{"level":"info","message":"OPTIONS /api/users 200 0 - 0.060 ms","timestamp":"2026-03-02 10:08:47"}
{"level":"info","message":"GET /api/appointments/revenue/reports 304 - - 41.835 ms","timestamp":"2026-03-02 10:08:47"}
{"level":"info","message":"GET /api/attendance/2026/3 304 - - 65.558 ms","timestamp":"2026-03-02 10:08:47"}
{"level":"info","message":"GET /api/tasks 304 - - 77.703 ms","timestamp":"2026-03-02 10:08:47"}
{"level":"info","message":"GET /api/attendance/range?start=2026-02-28T18:30:00.000Z&end=2026-03-31T18:29:59.999Z 304 - - 116.988 ms","timestamp":"2026-03-02 10:08:48"}
{"level":"info","message":"GET /api/appointments/stats?month=3&year=2026 304 - - 81.784 ms","timestamp":"2026-03-02 10:08:48"}
{"level":"info","message":"GET /api/appointments 304 - - 163.440 ms","timestamp":"2026-03-02 10:08:48"}
{"level":"info","message":"GET /api/users/all 200 - - 122.030 ms","timestamp":"2026-03-02 10:08:48"}
{"level":"info","message":"GET /api/appointments/stats?month=2&year=2026 304 - - 45.534 ms","timestamp":"2026-03-02 10:08:48"}
{"level":"info","message":"GET /api/appointments/revenue/reports 304 - - 41.119 ms","timestamp":"2026-03-02 10:08:48"}
{"level":"info","message":"GET /api/appointments/revenue 304 - - 66.611 ms","timestamp":"2026-03-02 10:08:48"}
{"level":"info","message":"GET /api/users 200 - - 152.124 ms","timestamp":"2026-03-02 10:08:48"}
{"level":"info","message":"GET /api/attendance/2026/3 304 - - 75.238 ms","timestamp":"2026-03-02 10:08:48"}
{"level":"info","message":"GET /api/tasks 304 - - 76.115 ms","timestamp":"2026-03-02 10:08:48"}
{"level":"info","message":"GET /api/admin-status 304 - - 260.044 ms","timestamp":"2026-03-02 10:08:48"}
{"level":"info","message":"GET /api/attendance/range?start=2026-02-28T18:30:00.000Z&end=2026-03-31T18:29:59.999Z 304 - - 72.435 ms","timestamp":"2026-03-02 10:08:48"}
{"level":"info","message":"GET /api/appointments/stats?month=3&year=2026 304 - - 49.478 ms","timestamp":"2026-03-02 10:08:48"}
{"level":"info","message":"GET /api/appointments/stats?month=2&year=2026 304 - - 51.262 ms","timestamp":"2026-03-02 10:08:48"}
{"level":"info","message":"GET /api/users/all 304 - - 108.808 ms","timestamp":"2026-03-02 10:08:48"}
{"level":"info","message":"GET /api/appointments 304 - - 127.451 ms","timestamp":"2026-03-02 10:08:48"}
{"level":"info","message":"GET /api/appointments/revenue 304 - - 92.322 ms","timestamp":"2026-03-02 10:08:48"}
{"level":"info","message":"GET /api/tasks 304 - - 105.612 ms","timestamp":"2026-03-02 10:08:48"}
{"level":"info","message":"GET /api/admin-status 304 - - 64.415 ms","timestamp":"2026-03-02 10:08:48"}
{"level":"info","message":"GET /api/users 304 - - 131.314 ms","timestamp":"2026-03-02 10:08:48"}
{"level":"info","message":"GET /api/tasks 304 - - 75.456 ms","timestamp":"2026-03-02 10:08:48"}
{"level":"info","message":"OPTIONS /api/appointments/stats?month=3&year=2026 200 0 - 0.131 ms","timestamp":"2026-03-02 10:08:58"}
{"level":"info","message":"OPTIONS /api/appointments/stats?month=2&year=2026 200 0 - 0.041 ms","timestamp":"2026-03-02 10:08:58"}
{"level":"info","message":"OPTIONS /api/appointments/revenue 200 0 - 0.066 ms","timestamp":"2026-03-02 10:08:58"}
{"level":"info","message":"OPTIONS /api/users 200 0 - 0.077 ms","timestamp":"2026-03-02 10:08:58"}
{"level":"info","message":"GET /api/appointments/stats?month=2&year=2026 304 - - 40.680 ms","timestamp":"2026-03-02 10:08:58"}
{"level":"info","message":"GET /api/appointments/stats?month=3&year=2026 304 - - 48.671 ms","timestamp":"2026-03-02 10:08:58"}
{"level":"info","message":"GET /api/appointments/revenue 304 - - 65.339 ms","timestamp":"2026-03-02 10:08:58"}
{"level":"info","message":"GET /api/users 304 - - 111.477 ms","timestamp":"2026-03-02 10:08:58"}
{"level":"info","message":"OPTIONS /api/appointments/stats?month=3&year=2026 200 0 - 0.083 ms","timestamp":"2026-03-02 10:09:08"}
{"level":"info","message":"OPTIONS /api/appointments/stats?month=2&year=2026 200 0 - 0.145 ms","timestamp":"2026-03-02 10:09:08"}
{"level":"info","message":"OPTIONS /api/appointments/revenue 200 0 - 0.092 ms","timestamp":"2026-03-02 10:09:08"}
{"level":"info","message":"OPTIONS /api/users 200 0 - 0.169 ms","timestamp":"2026-03-02 10:09:08"}
{"level":"info","message":"GET /api/appointments/stats?month=3&year=2026 304 - - 43.340 ms","timestamp":"2026-03-02 10:09:08"}
{"level":"info","message":"GET /api/appointments/stats?month=2&year=2026 304 - - 42.560 ms","timestamp":"2026-03-02 10:09:08"}
{"level":"info","message":"GET /api/appointments/revenue 304 - - 78.431 ms","timestamp":"2026-03-02 10:09:08"}
{"level":"info","message":"GET /api/users 200 - - 120.351 ms","timestamp":"2026-03-02 10:09:08"}
{"level":"info","message":"OPTIONS /api/attendance/2026/3 200 0 - 0.076 ms","timestamp":"2026-03-02 10:09:18"}
{"level":"info","message":"OPTIONS /api/users/all 200 0 - 0.079 ms","timestamp":"2026-03-02 10:09:18"}
{"level":"info","message":"OPTIONS /api/attendance/range?start=2026-02-28T18:30:00.000Z&end=2026-03-31T18:29:59.999Z 200 0 - 0.080 ms","timestamp":"2026-03-02 10:09:18"}
{"level":"info","message":"OPTIONS /api/appointments/stats?month=3&year=2026 200 0 - 0.057 ms","timestamp":"2026-03-02 10:09:18"}
{"level":"info","message":"OPTIONS /api/appointments/stats?month=2&year=2026 200 0 - 0.050 ms","timestamp":"2026-03-02 10:09:18"}
{"level":"info","message":"OPTIONS /api/appointments/revenue 200 0 - 0.034 ms","timestamp":"2026-03-02 10:09:18"}
{"level":"info","message":"OPTIONS /api/users 200 0 - 0.064 ms","timestamp":"2026-03-02 10:09:18"}
{"level":"info","message":"GET /api/attendance/2026/3 200 - - 62.649 ms","timestamp":"2026-03-02 10:09:18"}
{"level":"info","message":"GET /api/attendance/range?start=2026-02-28T18:30:00.000Z&end=2026-03-31T18:29:59.999Z 200 - - 62.505 ms","timestamp":"2026-03-02 10:09:18"}
{"level":"info","message":"GET /api/appointments/stats?month=3&year=2026 304 - - 40.833 ms","timestamp":"2026-03-02 10:09:18"}
{"level":"info","message":"GET /api/users/all 200 - - 102.927 ms","timestamp":"2026-03-02 10:09:18"}
{"level":"info","message":"GET /api/appointments/stats?month=2&year=2026 304 - - 53.591 ms","timestamp":"2026-03-02 10:09:18"}
{"level":"info","message":"GET /api/appointments/revenue 304 - - 85.434 ms","timestamp":"2026-03-02 10:09:18"}
{"level":"info","message":"GET /api/users 200 - - 107.111 ms","timestamp":"2026-03-02 10:09:18"}
{"level":"info","message":"OPTIONS /api/appointments/stats?month=3&year=2026 200 0 - 0.078 ms","timestamp":"2026-03-02 10:09:28"}
{"level":"info","message":"OPTIONS /api/appointments/stats?month=2&year=2026 200 0 - 0.083 ms","timestamp":"2026-03-02 10:09:28"}
{"level":"info","message":"OPTIONS /api/appointments/revenue 200 0 - 0.051 ms","timestamp":"2026-03-02 10:09:28"}
{"level":"info","message":"OPTIONS /api/users 200 0 - 0.058 ms","timestamp":"2026-03-02 10:09:28"}
{"level":"info","message":"GET /api/appointments/stats?month=3&year=2026 304 - - 41.437 ms","timestamp":"2026-03-02 10:09:28"}
{"level":"info","message":"GET /api/appointments/stats?month=2&year=2026 304 - - 41.801 ms","timestamp":"2026-03-02 10:09:28"}
{"level":"info","message":"GET /api/appointments/revenue 304 - - 64.558 ms","timestamp":"2026-03-02 10:09:28"}
{"level":"info","message":"GET /api/users 200 - - 109.373 ms","timestamp":"2026-03-02 10:09:28"}
{"level":"info","message":"OPTIONS /api/appointments/stats?month=3&year=2026 200 0 - 0.102 ms","timestamp":"2026-03-02 10:09:38"}
{"level":"info","message":"OPTIONS /api/appointments/stats?month=2&year=2026 200 0 - 0.101 ms","timestamp":"2026-03-02 10:09:38"}
{"level":"info","message":"OPTIONS /api/appointments/revenue 200 0 - 0.057 ms","timestamp":"2026-03-02 10:09:38"}
{"level":"info","message":"OPTIONS /api/users 200 0 - 0.036 ms","timestamp":"2026-03-02 10:09:38"}
{"level":"info","message":"GET /api/appointments/stats?month=3&year=2026 304 - - 40.427 ms","timestamp":"2026-03-02 10:09:38"}
{"level":"info","message":"GET /api/appointments/stats?month=2&year=2026 304 - - 40.509 ms","timestamp":"2026-03-02 10:09:38"}
{"level":"info","message":"GET /api/appointments/revenue 304 - - 64.374 ms","timestamp":"2026-03-02 10:09:38"}
{"level":"info","message":"GET /api/users 200 - - 109.970 ms","timestamp":"2026-03-02 10:09:38"}
{"level":"info","message":"OPTIONS /api/attendance/2026/3 200 0 - 0.193 ms","timestamp":"2026-03-02 10:09:48"}
{"level":"info","message":"OPTIONS /api/users/all 200 0 - 0.228 ms","timestamp":"2026-03-02 10:09:48"}
{"level":"info","message":"OPTIONS /api/attendance/range?start=2026-02-28T18:30:00.000Z&end=2026-03-31T18:29:59.999Z 200 0 - 0.301 ms","timestamp":"2026-03-02 10:09:48"}
{"level":"info","message":"GET /api/attendance/2026/3 304 - - 74.590 ms","timestamp":"2026-03-02 10:09:48"}
{"level":"info","message":"GET /api/attendance/range?start=2026-02-28T18:30:00.000Z&end=2026-03-31T18:29:59.999Z 304 - - 67.314 ms","timestamp":"2026-03-02 10:09:48"}
{"level":"info","message":"OPTIONS /api/appointments/stats?month=3&year=2026 200 0 - 0.078 ms","timestamp":"2026-03-02 10:09:48"}
{"level":"info","message":"OPTIONS /api/appointments/stats?month=2&year=2026 200 0 - 0.045 ms","timestamp":"2026-03-02 10:09:48"}
{"level":"info","message":"OPTIONS /api/appointments/revenue 200 0 - 0.052 ms","timestamp":"2026-03-02 10:09:48"}
{"level":"info","message":"OPTIONS /api/users 200 0 - 0.063 ms","timestamp":"2026-03-02 10:09:48"}
{"level":"info","message":"GET /api/users/all 200 - - 97.588 ms","timestamp":"2026-03-02 10:09:48"}
{"level":"info","message":"GET /api/appointments/stats?month=3&year=2026 304 - - 40.257 ms","timestamp":"2026-03-02 10:09:48"}
{"level":"info","message":"GET /api/appointments/stats?month=2&year=2026 304 - - 39.714 ms","timestamp":"2026-03-02 10:09:48"}
{"level":"info","message":"GET /api/appointments/revenue 304 - - 63.202 ms","timestamp":"2026-03-02 10:09:48"}
{"level":"info","message":"GET /api/users 200 - - 112.440 ms","timestamp":"2026-03-02 10:09:48"}
{"level":"info","message":"OPTIONS /api/attendance/2026/3 200 0 - 0.299 ms","timestamp":"2026-03-02 10:10:18"}
{"level":"info","message":"OPTIONS /api/attendance/range?start=2026-02-28T18:30:00.000Z&end=2026-03-31T18:29:59.999Z 200 0 - 0.087 ms","timestamp":"2026-03-02 10:10:18"}
{"level":"info","message":"OPTIONS /api/users/all 200 0 - 0.143 ms","timestamp":"2026-03-02 10:10:18"}
{"level":"info","message":"GET /api/attendance/2026/3 200 - - 77.749 ms","timestamp":"2026-03-02 10:10:18"}
{"level":"info","message":"GET /api/attendance/range?start=2026-02-28T18:30:00.000Z&end=2026-03-31T18:29:59.999Z 200 - - 72.701 ms","timestamp":"2026-03-02 10:10:18"}
{"level":"info","message":"GET /api/users/all 200 - - 113.685 ms","timestamp":"2026-03-02 10:10:18"}
{"level":"info","message":"OPTIONS /api/appointments/stats?month=3&year=2026 200 0 - 0.071 ms","timestamp":"2026-03-02 10:10:42"}
{"level":"info","message":"OPTIONS /api/appointments/stats?month=2&year=2026 200 0 - 0.077 ms","timestamp":"2026-03-02 10:10:42"}
{"level":"info","message":"OPTIONS /api/appointments/revenue 200 0 - 0.049 ms","timestamp":"2026-03-02 10:10:42"}
{"level":"info","message":"OPTIONS /api/users 200 0 - 0.060 ms","timestamp":"2026-03-02 10:10:42"}
{"level":"info","message":"GET /api/appointments/stats?month=3&year=2026 304 - - 41.069 ms","timestamp":"2026-03-02 10:10:42"}
{"level":"info","message":"GET /api/appointments/stats?month=2&year=2026 304 - - 40.220 ms","timestamp":"2026-03-02 10:10:42"}
{"level":"info","message":"GET /api/appointments/revenue 304 - - 63.062 ms","timestamp":"2026-03-02 10:10:42"}
{"level":"info","message":"GET /api/users 200 - - 106.547 ms","timestamp":"2026-03-02 10:10:42"}
{"level":"info","message":"OPTIONS /api/attendance/2026/3 200 0 - 0.211 ms","timestamp":"2026-03-02 10:10:48"}
{"level":"info","message":"OPTIONS /api/users/all 200 0 - 0.144 ms","timestamp":"2026-03-02 10:10:48"}
{"level":"info","message":"OPTIONS /api/attendance/range?start=2026-02-28T18:30:00.000Z&end=2026-03-31T18:29:59.999Z 200 0 - 0.141 ms","timestamp":"2026-03-02 10:10:48"}
{"level":"info","message":"GET /api/attendance/2026/3 304 - - 71.251 ms","timestamp":"2026-03-02 10:10:48"}
{"level":"info","message":"GET /api/attendance/range?start=2026-02-28T18:30:00.000Z&end=2026-03-31T18:29:59.999Z 304 - - 69.427 ms","timestamp":"2026-03-02 10:10:48"}
{"level":"info","message":"GET /api/users/all 200 - - 111.122 ms","timestamp":"2026-03-02 10:10:48"}
{"level":"info","message":"OPTIONS /api/attendance/2026/3 200 0 - 0.378 ms","timestamp":"2026-03-02 10:11:18"}
{"level":"info","message":"OPTIONS /api/users/all 200 0 - 0.143 ms","timestamp":"2026-03-02 10:11:18"}
{"level":"info","message":"OPTIONS /api/attendance/range?start=2026-02-28T18:30:00.000Z&end=2026-03-31T18:29:59.999Z 200 0 - 0.208 ms","timestamp":"2026-03-02 10:11:18"}
{"level":"info","message":"GET /api/attendance/2026/3 304 - - 71.674 ms","timestamp":"2026-03-02 10:11:18"}
{"level":"info","message":"GET /api/attendance/range?start=2026-02-28T18:30:00.000Z&end=2026-03-31T18:29:59.999Z 304 - - 63.936 ms","timestamp":"2026-03-02 10:11:18"}
{"level":"info","message":"GET /api/users/all 200 - - 102.830 ms","timestamp":"2026-03-02 10:11:18"}
{"level":"info","message":"OPTIONS /api/appointments/stats?month=3&year=2026 200 0 - 0.127 ms","timestamp":"2026-03-02 10:11:27"}
{"level":"info","message":"OPTIONS /api/appointments/stats?month=2&year=2026 200 0 - 0.089 ms","timestamp":"2026-03-02 10:11:27"}
{"level":"info","message":"OPTIONS /api/appointments/revenue 200 0 - 0.066 ms","timestamp":"2026-03-02 10:11:27"}
{"level":"info","message":"OPTIONS /api/users 200 0 - 0.044 ms","timestamp":"2026-03-02 10:11:27"}
{"level":"info","message":"GET /api/appointments/stats?month=3&year=2026 304 - - 40.799 ms","timestamp":"2026-03-02 10:11:27"}
{"level":"info","message":"GET /api/appointments/stats?month=2&year=2026 304 - - 40.796 ms","timestamp":"2026-03-02 10:11:27"}
{"level":"info","message":"GET /api/appointments/revenue 304 - - 62.802 ms","timestamp":"2026-03-02 10:11:27"}
{"level":"info","message":"GET /api/users 200 - - 110.488 ms","timestamp":"2026-03-02 10:11:28"}
{"level":"info","message":"OPTIONS /api/appointments/stats?month=3&year=2026 200 0 - 0.094 ms","timestamp":"2026-03-02 10:11:38"}
{"level":"info","message":"OPTIONS /api/appointments/stats?month=2&year=2026 200 0 - 0.054 ms","timestamp":"2026-03-02 10:11:38"}
{"level":"info","message":"OPTIONS /api/appointments/revenue 200 0 - 0.056 ms","timestamp":"2026-03-02 10:11:38"}
{"level":"info","message":"OPTIONS /api/users 200 0 - 0.026 ms","timestamp":"2026-03-02 10:11:38"}
{"level":"info","message":"GET /api/appointments/stats?month=3&year=2026 304 - - 39.995 ms","timestamp":"2026-03-02 10:11:38"}
{"level":"info","message":"GET /api/appointments/stats?month=2&year=2026 304 - - 39.341 ms","timestamp":"2026-03-02 10:11:38"}
{"level":"info","message":"GET /api/appointments/revenue 304 - - 61.430 ms","timestamp":"2026-03-02 10:11:38"}
{"level":"info","message":"GET /api/users 200 - - 106.178 ms","timestamp":"2026-03-02 10:11:38"}
{"level":"info","message":"OPTIONS /api/attendance/2026/3 200 0 - 0.263 ms","timestamp":"2026-03-02 10:11:48"}
{"level":"info","message":"OPTIONS /api/users/all 200 0 - 0.214 ms","timestamp":"2026-03-02 10:11:48"}
{"level":"info","message":"OPTIONS /api/attendance/range?start=2026-02-28T18:30:00.000Z&end=2026-03-31T18:29:59.999Z 200 0 - 0.355 ms","timestamp":"2026-03-02 10:11:48"}
{"level":"info","message":"GET /api/attendance/2026/3 304 - - 65.287 ms","timestamp":"2026-03-02 10:11:48"}
{"level":"info","message":"GET /api/attendance/range?start=2026-02-28T18:30:00.000Z&end=2026-03-31T18:29:59.999Z 304 - - 62.646 ms","timestamp":"2026-03-02 10:11:48"}
{"level":"info","message":"OPTIONS /api/appointments/stats?month=3&year=2026 200 0 - 0.076 ms","timestamp":"2026-03-02 10:11:48"}
{"level":"info","message":"OPTIONS /api/appointments/stats?month=2&year=2026 200 0 - 0.052 ms","timestamp":"2026-03-02 10:11:48"}
{"level":"info","message":"OPTIONS /api/appointments/revenue 200 0 - 0.065 ms","timestamp":"2026-03-02 10:11:48"}
{"level":"info","message":"OPTIONS /api/users 200 0 - 0.053 ms","timestamp":"2026-03-02 10:11:48"}
{"level":"info","message":"GET /api/users/all 200 - - 88.179 ms","timestamp":"2026-03-02 10:11:48"}
{"level":"info","message":"GET /api/appointments/stats?month=3&year=2026 304 - - 40.977 ms","timestamp":"2026-03-02 10:11:48"}
{"level":"info","message":"GET /api/appointments/stats?month=2&year=2026 304 - - 40.593 ms","timestamp":"2026-03-02 10:11:48"}
{"level":"info","message":"GET /api/appointments/revenue 304 - - 62.758 ms","timestamp":"2026-03-02 10:11:48"}
{"level":"info","message":"GET /api/users 200 - - 117.936 ms","timestamp":"2026-03-02 10:11:48"}
{"level":"info","message":"OPTIONS /api/appointments/stats?month=3&year=2026 200 0 - 0.084 ms","timestamp":"2026-03-02 10:11:58"}
{"level":"info","message":"OPTIONS /api/appointments/stats?month=2&year=2026 200 0 - 0.035 ms","timestamp":"2026-03-02 10:11:58"}
{"level":"info","message":"OPTIONS /api/appointments/revenue 200 0 - 0.046 ms","timestamp":"2026-03-02 10:11:58"}
{"level":"info","message":"OPTIONS /api/users 200 0 - 0.030 ms","timestamp":"2026-03-02 10:11:58"}
{"level":"info","message":"GET /api/appointments/stats?month=2&year=2026 304 - - 46.393 ms","timestamp":"2026-03-02 10:11:58"}
{"level":"info","message":"GET /api/appointments/stats?month=3&year=2026 304 - - 51.733 ms","timestamp":"2026-03-02 10:11:58"}
{"level":"info","message":"GET /api/appointments/revenue 304 - - 74.501 ms","timestamp":"2026-03-02 10:11:58"}
{"level":"info","message":"GET /api/users 304 - - 125.874 ms","timestamp":"2026-03-02 10:11:58"}
{"level":"info","message":"OPTIONS /api/appointments/stats?month=3&year=2026 200 0 - 0.054 ms","timestamp":"2026-03-02 10:12:08"}
{"level":"info","message":"OPTIONS /api/appointments/stats?month=2&year=2026 200 0 - 0.059 ms","timestamp":"2026-03-02 10:12:08"}
{"level":"info","message":"OPTIONS /api/appointments/revenue 200 0 - 0.032 ms","timestamp":"2026-03-02 10:12:08"}
{"level":"info","message":"OPTIONS /api/users 200 0 - 0.027 ms","timestamp":"2026-03-02 10:12:08"}
{"level":"info","message":"GET /api/appointments/stats?month=3&year=2026 304 - - 40.211 ms","timestamp":"2026-03-02 10:12:08"}
{"level":"info","message":"GET /api/appointments/stats?month=2&year=2026 304 - - 39.804 ms","timestamp":"2026-03-02 10:12:08"}
{"level":"info","message":"GET /api/appointments/revenue 304 - - 69.701 ms","timestamp":"2026-03-02 10:12:08"}
{"level":"info","message":"GET /api/users 200 - - 110.358 ms","timestamp":"2026-03-02 10:12:08"}
{"level":"info","message":"OPTIONS /api/attendance/2026/3 200 0 - 0.062 ms","timestamp":"2026-03-02 10:12:17"}
{"level":"info","message":"GET /api/attendance/2026/3 304 - - 61.877 ms","timestamp":"2026-03-02 10:12:17"}
{"level":"info","message":"OPTIONS /api/attendance/2026/3 200 0 - 0.176 ms","timestamp":"2026-03-02 10:12:47"}
{"level":"info","message":"GET /api/attendance/2026/3 304 - - 67.377 ms","timestamp":"2026-03-02 10:12:47"}
{"level":"info","message":"OPTIONS /api/leads 200 0 - 0.096 ms","timestamp":"2026-03-02 10:12:54"}
{"level":"info","message":"OPTIONS /api/leads 200 0 - 0.067 ms","timestamp":"2026-03-02 10:12:54"}
{"level":"info","message":"GET /api/leads 200 - - 121.128 ms","timestamp":"2026-03-02 10:12:54"}
{"level":"info","message":"GET /api/leads 304 - - 78.389 ms","timestamp":"2026-03-02 10:12:55"}
{"level":"info","message":"OPTIONS /api/users 200 0 - 0.074 ms","timestamp":"2026-03-02 10:13:01"}
{"level":"info","message":"OPTIONS /api/appointments/telecaller 200 0 - 0.070 ms","timestamp":"2026-03-02 10:13:01"}
{"level":"info","message":"OPTIONS /api/users 200 0 - 0.079 ms","timestamp":"2026-03-02 10:13:01"}
{"level":"info","message":"OPTIONS /api/appointments/telecaller 200 0 - 0.074 ms","timestamp":"2026-03-02 10:13:01"}
{"level":"info","message":"GET /api/appointments/telecaller 200 540 - 151.776 ms","timestamp":"2026-03-02 10:13:01"}
{"level":"info","message":"GET /api/users 200 - - 140.647 ms","timestamp":"2026-03-02 10:13:01"}
{"level":"info","message":"GET /api/appointments/telecaller 304 - - 192.271 ms","timestamp":"2026-03-02 10:13:01"}
{"level":"info","message":"GET /api/users 200 - - 194.873 ms","timestamp":"2026-03-02 10:13:01"}
{"level":"info","message":"OPTIONS /api/appointments/revenue/report 200 0 - 0.110 ms","timestamp":"2026-03-02 10:13:03"}
{"level":"info","message":"OPTIONS /api/appointments/all 200 0 - 0.062 ms","timestamp":"2026-03-02 10:13:03"}
{"level":"info","message":"POST /api/appointments/revenue/report 200 312 - 113.484 ms","timestamp":"2026-03-02 10:13:03"}
{"level":"info","message":"POST /api/appointments/revenue/report 200 312 - 108.423 ms","timestamp":"2026-03-02 10:13:03"}
{"level":"info","message":"GET /api/users 304 - - 137.243 ms","timestamp":"2026-03-02 10:13:03"}
{"level":"info","message":"GET /api/appointments/all 200 - - 127.850 ms","timestamp":"2026-03-02 10:13:03"}
{"level":"info","message":"GET /api/users 304 - - 88.949 ms","timestamp":"2026-03-02 10:13:03"}
{"level":"info","message":"GET /api/appointments/all 304 - - 131.559 ms","timestamp":"2026-03-02 10:13:03"}
{"level":"info","message":"OPTIONS /api/tasks 200 0 - 0.191 ms","timestamp":"2026-03-02 10:13:04"}
{"level":"info","message":"OPTIONS /api/calls/huawei-audio-status 200 0 - 0.071 ms","timestamp":"2026-03-02 10:13:04"}
{"level":"info","message":"OPTIONS /api/calls/setup-huawei-audio 200 0 - 0.059 ms","timestamp":"2026-03-02 10:13:04"}
{"level":"info","message":"OPTIONS /api/tasks 200 0 - 0.083 ms","timestamp":"2026-03-02 10:13:04"}
{"level":"info","message":"OPTIONS /api/calls/huawei-audio-status 200 0 - 0.089 ms","timestamp":"2026-03-02 10:13:04"}
{"level":"info","message":"OPTIONS /api/calls/setup-huawei-audio 200 0 - 0.060 ms","timestamp":"2026-03-02 10:13:04"}
{"level":"info","message":"GET /api/calls/huawei-audio-status 200 111 - 48.370 ms","timestamp":"2026-03-02 10:13:04"}
{"level":"info","message":"GET /api/tasks 304 - - 109.879 ms","timestamp":"2026-03-02 10:13:04"}
{"level":"info","message":"GET /api/calls/huawei-audio-status 304 - - 29.355 ms","timestamp":"2026-03-02 10:13:04"}
{"level":"info","message":"GET /api/users 304 - - 145.783 ms","timestamp":"2026-03-02 10:13:04"}
{"level":"info","message":"GET /api/tasks 304 - - 78.161 ms","timestamp":"2026-03-02 10:13:04"}
{"level":"info","message":"GET /api/users 304 - - 101.241 ms","timestamp":"2026-03-02 10:13:04"}
{"level":"info","message":"POST /api/calls/setup-huawei-audio 200 560 - 6345.120 ms","timestamp":"2026-03-02 10:13:10"}
{"level":"info","message":"OPTIONS /api/attendance/2026/3 200 0 - 0.073 ms","timestamp":"2026-03-02 10:13:17"}
{"level":"info","message":"GET /api/attendance/2026/3 304 - - 69.176 ms","timestamp":"2026-03-02 10:13:17"}
{"level":"info","message":"POST /api/calls/setup-huawei-audio - - - - ms","timestamp":"2026-03-02 10:13:42"}
{"level":"info","message":"OPTIONS /api/messages/unread-count 200 0 - 0.088 ms","timestamp":"2026-03-02 10:13:43"}
{"level":"info","message":"OPTIONS /api/messages/unread-count 200 0 - 0.093 ms","timestamp":"2026-03-02 10:13:43"}
{"level":"info","message":"GET /api/messages/unread-count 304 - - 47.282 ms","timestamp":"2026-03-02 10:13:43"}
{"level":"info","message":"GET /api/messages/unread-count 304 - - 44.107 ms","timestamp":"2026-03-02 10:13:43"}
{"level":"info","message":"OPTIONS /api/attendance/2026/3 200 0 - 0.084 ms","timestamp":"2026-03-02 10:13:43"}
{"level":"info","message":"OPTIONS /api/queries 200 0 - 0.087 ms","timestamp":"2026-03-02 10:13:43"}
{"level":"info","message":"OPTIONS /api/users 200 0 - 0.082 ms","timestamp":"2026-03-02 10:13:43"}
{"level":"info","message":"OPTIONS /api/users 200 0 - 0.087 ms","timestamp":"2026-03-02 10:13:43"}
{"level":"info","message":"GET /api/queries 200 2 - 41.014 ms","timestamp":"2026-03-02 10:13:43"}
{"level":"info","message":"GET /api/attendance/2026/3 304 - - 68.222 ms","timestamp":"2026-03-02 10:13:43"}
{"level":"info","message":"GET /api/queries 304 - - 44.811 ms","timestamp":"2026-03-02 10:13:43"}
{"level":"info","message":"GET /api/users 200 - - 107.189 ms","timestamp":"2026-03-02 10:13:43"}
{"level":"info","message":"GET /api/attendance/2026/3 304 - - 70.739 ms","timestamp":"2026-03-02 10:13:43"}
{"level":"info","message":"GET /api/users 304 - - 76.072 ms","timestamp":"2026-03-02 10:13:43"}
{"level":"info","message":"GET /api/users 304 - - 83.948 ms","timestamp":"2026-03-02 10:13:44"}
{"level":"info","message":"GET /api/users 304 - - 76.682 ms","timestamp":"2026-03-02 10:13:44"}
{"level":"info","message":"OPTIONS /api/users 200 0 - 0.074 ms","timestamp":"2026-03-02 10:13:55"}
{"level":"info","message":"OPTIONS /api/attendance/range?start=2026-02-28T18:30:00.000Z&end=2026-03-31T18:29:59.999Z 200 0 - 0.078 ms","timestamp":"2026-03-02 10:13:55"}
{"level":"info","message":"OPTIONS /api/attendance/range?start=2026-02-28T18:30:00.000Z&end=2026-03-31T18:29:59.999Z 200 0 - 0.075 ms","timestamp":"2026-03-02 10:13:55"}
{"level":"info","message":"GET /api/attendance/range?start=2026-02-28T18:30:00.000Z&end=2026-03-31T18:29:59.999Z 304 - - 85.462 ms","timestamp":"2026-03-02 10:13:55"}
{"level":"info","message":"GET /api/users 200 - - 110.629 ms","timestamp":"2026-03-02 10:13:55"}
{"level":"info","message":"GET /api/attendance/range?start=2026-02-28T18:30:00.000Z&end=2026-03-31T18:29:59.999Z 304 - - 74.093 ms","timestamp":"2026-03-02 10:13:55"}
{"level":"info","message":"GET /api/users 304 - - 80.616 ms","timestamp":"2026-03-02 10:13:55"}
{"level":"info","message":"OPTIONS /api/messages/unread-count 200 0 - 0.285 ms","timestamp":"2026-03-02 10:14:03"}
{"level":"info","message":"OPTIONS /api/messages/unread-count 200 0 - 0.291 ms","timestamp":"2026-03-02 10:14:03"}
{"level":"info","message":"GET /api/messages/unread-count 304 - - 47.794 ms","timestamp":"2026-03-02 10:14:03"}
{"level":"info","message":"GET /api/messages/unread-count 304 - - 48.537 ms","timestamp":"2026-03-02 10:14:03"}
{"level":"info","message":"OPTIONS /api/attendance/2026/3 200 0 - 0.155 ms","timestamp":"2026-03-02 10:14:03"}
{"level":"info","message":"OPTIONS /api/appointments/revenue/reports 200 0 - 0.068 ms","timestamp":"2026-03-02 10:14:03"}
{"level":"info","message":"OPTIONS /api/appointments 200 0 - 0.100 ms","timestamp":"2026-03-02 10:14:03"}
{"level":"info","message":"OPTIONS /api/tasks 200 0 - 0.096 ms","timestamp":"2026-03-02 10:14:03"}
{"level":"info","message":"OPTIONS /api/users/all 200 0 - 0.051 ms","timestamp":"2026-03-02 10:14:03"}
{"level":"info","message":"OPTIONS /api/attendance/range?start=2026-02-28T18:30:00.000Z&end=2026-03-31T18:29:59.999Z 200 0 - 0.084 ms","timestamp":"2026-03-02 10:14:03"}
{"level":"info","message":"OPTIONS /api/admin-status 200 0 - 0.086 ms","timestamp":"2026-03-02 10:14:03"}
{"level":"info","message":"OPTIONS /api/appointments/stats?month=3&year=2026 200 0 - 0.065 ms","timestamp":"2026-03-02 10:14:03"}
{"level":"info","message":"OPTIONS /api/appointments/stats?month=2&year=2026 200 0 - 0.110 ms","timestamp":"2026-03-02 10:14:03"}
{"level":"info","message":"OPTIONS /api/appointments/revenue 200 0 - 0.076 ms","timestamp":"2026-03-02 10:14:03"}
{"level":"info","message":"OPTIONS /api/users 200 0 - 0.069 ms","timestamp":"2026-03-02 10:14:03"}
{"level":"info","message":"GET /api/appointments/revenue/reports 200 - - 49.582 ms","timestamp":"2026-03-02 10:14:03"}
{"level":"info","message":"GET /api/attendance/2026/3 304 - - 70.464 ms","timestamp":"2026-03-02 10:14:03"}
{"level":"info","message":"GET /api/tasks 304 - - 78.013 ms","timestamp":"2026-03-02 10:14:03"}
{"level":"info","message":"GET /api/attendance/range?start=2026-02-28T18:30:00.000Z&end=2026-03-31T18:29:59.999Z 304 - - 76.036 ms","timestamp":"2026-03-02 10:14:03"}
{"level":"info","message":"GET /api/admin-status 304 - - 77.890 ms","timestamp":"2026-03-02 10:14:03"}
{"level":"info","message":"GET /api/users/all 200 - - 100.577 ms","timestamp":"2026-03-02 10:14:03"}
{"level":"info","message":"GET /api/appointments 304 - - 158.676 ms","timestamp":"2026-03-02 10:14:03"}
{"level":"info","message":"GET /api/appointments/stats?month=3&year=2026 304 - - 90.989 ms","timestamp":"2026-03-02 10:14:03"}
{"level":"info","message":"GET /api/appointments/stats?month=2&year=2026 304 - - 74.605 ms","timestamp":"2026-03-02 10:14:03"}
{"level":"info","message":"GET /api/appointments/revenue/reports 304 - - 49.076 ms","timestamp":"2026-03-02 10:14:03"}
{"level":"info","message":"GET /api/appointments/revenue 304 - - 81.559 ms","timestamp":"2026-03-02 10:14:03"}
{"level":"info","message":"GET /api/attendance/2026/3 304 - - 68.069 ms","timestamp":"2026-03-02 10:14:03"}
{"level":"info","message":"GET /api/tasks 304 - - 76.537 ms","timestamp":"2026-03-02 10:14:03"}
{"level":"info","message":"GET /api/attendance/range?start=2026-02-28T18:30:00.000Z&end=2026-03-31T18:29:59.999Z 304 - - 75.842 ms","timestamp":"2026-03-02 10:14:03"}
{"level":"info","message":"GET /api/admin-status 304 - - 52.489 ms","timestamp":"2026-03-02 10:14:03"}
{"level":"info","message":"GET /api/users 200 - - 128.085 ms","timestamp":"2026-03-02 10:14:03"}
{"level":"info","message":"GET /api/appointments/stats?month=3&year=2026 304 - - 40.835 ms","timestamp":"2026-03-02 10:14:03"}
{"level":"info","message":"GET /api/users/all 304 - - 99.113 ms","timestamp":"2026-03-02 10:14:03"}
{"level":"info","message":"GET /api/appointments/stats?month=2&year=2026 304 - - 61.150 ms","timestamp":"2026-03-02 10:14:03"}
{"level":"info","message":"GET /api/appointments/revenue 304 - - 91.904 ms","timestamp":"2026-03-02 10:14:03"}
{"level":"info","message":"GET /api/tasks 304 - - 87.231 ms","timestamp":"2026-03-02 10:14:03"}
{"level":"info","message":"GET /api/appointments 304 - - 149.157 ms","timestamp":"2026-03-02 10:14:03"}
{"level":"info","message":"GET /api/users 304 - - 121.871 ms","timestamp":"2026-03-02 10:14:03"}
{"level":"info","message":"GET /api/tasks 304 - - 78.409 ms","timestamp":"2026-03-02 10:14:04"}
{"level":"info","message":"OPTIONS /api/appointments/stats?month=3&year=2026 200 0 - 0.127 ms","timestamp":"2026-03-02 10:14:14"}
{"level":"info","message":"OPTIONS /api/appointments/stats?month=2&year=2026 200 0 - 0.067 ms","timestamp":"2026-03-02 10:14:14"}
{"level":"info","message":"OPTIONS /api/users 200 0 - 0.041 ms","timestamp":"2026-03-02 10:14:14"}
{"level":"info","message":"OPTIONS /api/appointments/revenue 200 0 - 0.050 ms","timestamp":"2026-03-02 10:14:14"}
{"level":"info","message":"GET /api/appointments/stats?month=2&year=2026 304 - - 40.626 ms","timestamp":"2026-03-02 10:14:14"}
{"level":"info","message":"GET /api/appointments/stats?month=3&year=2026 304 - - 48.466 ms","timestamp":"2026-03-02 10:14:14"}
{"level":"info","message":"GET /api/appointments/revenue 304 - - 73.837 ms","timestamp":"2026-03-02 10:14:14"}
{"level":"info","message":"GET /api/users 200 - - 117.281 ms","timestamp":"2026-03-02 10:14:14"}
{"level":"info","message":"OPTIONS /api/appointments/stats?month=3&year=2026 200 0 - 0.076 ms","timestamp":"2026-03-02 10:14:24"}
{"level":"info","message":"OPTIONS /api/appointments/stats?month=2&year=2026 200 0 - 0.040 ms","timestamp":"2026-03-02 10:14:24"}
{"level":"info","message":"OPTIONS /api/appointments/revenue 200 0 - 0.031 ms","timestamp":"2026-03-02 10:14:24"}
{"level":"info","message":"OPTIONS /api/users 200 0 - 0.027 ms","timestamp":"2026-03-02 10:14:24"}
{"level":"info","message":"GET /api/appointments/stats?month=3&year=2026 304 - - 39.819 ms","timestamp":"2026-03-02 10:14:24"}
{"level":"info","message":"GET /api/appointments/stats?month=2&year=2026 304 - - 39.098 ms","timestamp":"2026-03-02 10:14:24"}
{"level":"info","message":"GET /api/appointments/revenue 304 - - 68.305 ms","timestamp":"2026-03-02 10:14:24"}
{"level":"info","message":"GET /api/users 200 - - 104.825 ms","timestamp":"2026-03-02 10:14:24"}
{"level":"info","message":"OPTIONS /api/attendance/2026/3 200 0 - 0.111 ms","timestamp":"2026-03-02 10:14:34"}
{"level":"info","message":"OPTIONS /api/users/all 200 0 - 0.083 ms","timestamp":"2026-03-02 10:14:34"}
{"level":"info","message":"OPTIONS /api/attendance/range?start=2026-02-28T18:30:00.000Z&end=2026-03-31T18:29:59.999Z 200 0 - 0.071 ms","timestamp":"2026-03-02 10:14:34"}
{"level":"info","message":"OPTIONS /api/appointments/stats?month=3&year=2026 200 0 - 0.065 ms","timestamp":"2026-03-02 10:14:34"}
{"level":"info","message":"OPTIONS /api/appointments/stats?month=2&year=2026 200 0 - 0.052 ms","timestamp":"2026-03-02 10:14:34"}
{"level":"info","message":"OPTIONS /api/appointments/revenue 200 0 - 0.057 ms","timestamp":"2026-03-02 10:14:34"}
{"level":"info","message":"OPTIONS /api/users 200 0 - 0.039 ms","timestamp":"2026-03-02 10:14:34"}
{"level":"info","message":"GET /api/attendance/2026/3 304 - - 73.064 ms","timestamp":"2026-03-02 10:14:34"}
{"level":"info","message":"GET /api/attendance/range?start=2026-02-28T18:30:00.000Z&end=2026-03-31T18:29:59.999Z 304 - - 73.599 ms","timestamp":"2026-03-02 10:14:34"}
{"level":"info","message":"GET /api/appointments/stats?month=3&year=2026 304 - - 46.534 ms","timestamp":"2026-03-02 10:14:34"}
{"level":"info","message":"GET /api/appointments/stats?month=2&year=2026 304 - - 43.477 ms","timestamp":"2026-03-02 10:14:34"}
{"level":"info","message":"GET /api/users/all 200 - - 113.543 ms","timestamp":"2026-03-02 10:14:34"}
{"level":"info","message":"GET /api/appointments/revenue 304 - - 65.804 ms","timestamp":"2026-03-02 10:14:34"}
{"level":"info","message":"GET /api/users 200 - - 107.361 ms","timestamp":"2026-03-02 10:14:34"}
{"level":"info","message":"OPTIONS /api/appointments/stats?month=3&year=2026 200 0 - 0.123 ms","timestamp":"2026-03-02 10:14:44"}
{"level":"info","message":"OPTIONS /api/appointments/stats?month=2&year=2026 200 0 - 0.066 ms","timestamp":"2026-03-02 10:14:44"}
{"level":"info","message":"OPTIONS /api/appointments/revenue 200 0 - 0.033 ms","timestamp":"2026-03-02 10:14:44"}
{"level":"info","message":"OPTIONS /api/users 200 0 - 0.030 ms","timestamp":"2026-03-02 10:14:44"}
{"level":"info","message":"GET /api/appointments/stats?month=3&year=2026 304 - - 41.073 ms","timestamp":"2026-03-02 10:14:44"}
{"level":"info","message":"GET /api/appointments/stats?month=2&year=2026 304 - - 39.887 ms","timestamp":"2026-03-02 10:14:44"}
{"level":"info","message":"GET /api/appointments/revenue 304 - - 61.032 ms","timestamp":"2026-03-02 10:14:44"}
{"level":"info","message":"GET /api/users 200 - - 108.917 ms","timestamp":"2026-03-02 10:14:44"}
{"level":"info","message":"OPTIONS /api/appointments/stats?month=3&year=2026 200 0 - 0.095 ms","timestamp":"2026-03-02 10:14:54"}
{"level":"info","message":"OPTIONS /api/appointments/stats?month=2&year=2026 200 0 - 0.069 ms","timestamp":"2026-03-02 10:14:54"}
{"level":"info","message":"OPTIONS /api/appointments/revenue 200 0 - 0.058 ms","timestamp":"2026-03-02 10:14:54"}
{"level":"info","message":"OPTIONS /api/users 200 0 - 0.039 ms","timestamp":"2026-03-02 10:14:54"}
{"level":"info","message":"GET /api/appointments/stats?month=3&year=2026 304 - - 40.751 ms","timestamp":"2026-03-02 10:14:54"}
{"level":"info","message":"GET /api/appointments/stats?month=2&year=2026 304 - - 40.780 ms","timestamp":"2026-03-02 10:14:54"}
{"level":"info","message":"GET /api/appointments/revenue 304 - - 73.855 ms","timestamp":"2026-03-02 10:14:54"}
{"level":"info","message":"GET /api/users 200 - - 108.970 ms","timestamp":"2026-03-02 10:14:54"}
{"level":"info","message":"OPTIONS /api/attendance/2026/3 200 0 - 0.080 ms","timestamp":"2026-03-02 10:15:04"}
{"level":"info","message":"OPTIONS /api/users/all 200 0 - 0.054 ms","timestamp":"2026-03-02 10:15:04"}
{"level":"info","message":"OPTIONS /api/attendance/range?start=2026-02-28T18:30:00.000Z&end=2026-03-31T18:29:59.999Z 200 0 - 0.056 ms","timestamp":"2026-03-02 10:15:04"}
{"level":"info","message":"GET /api/attendance/2026/3 304 - - 62.764 ms","timestamp":"2026-03-02 10:15:04"}
{"level":"info","message":"GET /api/attendance/range?start=2026-02-28T18:30:00.000Z&end=2026-03-31T18:29:59.999Z 304 - - 61.258 ms","timestamp":"2026-03-02 10:15:04"}
{"level":"info","message":"OPTIONS /api/appointments/stats?month=3&year=2026 200 0 - 0.056 ms","timestamp":"2026-03-02 10:15:04"}
{"level":"info","message":"OPTIONS /api/appointments/stats?month=2&year=2026 200 0 - 0.043 ms","timestamp":"2026-03-02 10:15:04"}
{"level":"info","message":"OPTIONS /api/appointments/revenue 200 0 - 0.064 ms","timestamp":"2026-03-02 10:15:04"}
{"level":"info","message":"OPTIONS /api/users 200 0 - 0.088 ms","timestamp":"2026-03-02 10:15:04"}
{"level":"info","message":"GET /api/users/all 200 - - 90.849 ms","timestamp":"2026-03-02 10:15:04"}
{"level":"info","message":"GET /api/appointments/stats?month=3&year=2026 304 - - 64.416 ms","timestamp":"2026-03-02 10:15:04"}
{"level":"info","message":"GET /api/appointments/stats?month=2&year=2026 304 - - 63.467 ms","timestamp":"2026-03-02 10:15:04"}
{"level":"info","message":"GET /api/appointments/revenue 304 - - 77.511 ms","timestamp":"2026-03-02 10:15:04"}
{"level":"info","message":"GET /api/users 200 - - 87.979 ms","timestamp":"2026-03-02 10:15:04"}
{"level":"info","message":"OPTIONS /api/appointments/stats?month=3&year=2026 200 0 - 0.069 ms","timestamp":"2026-03-02 10:15:14"}
{"level":"info","message":"OPTIONS /api/appointments/stats?month=2&year=2026 200 0 - 0.072 ms","timestamp":"2026-03-02 10:15:14"}
{"level":"info","message":"OPTIONS /api/appointments/revenue 200 0 - 0.105 ms","timestamp":"2026-03-02 10:15:14"}
{"level":"info","message":"OPTIONS /api/users 200 0 - 0.104 ms","timestamp":"2026-03-02 10:15:14"}
{"level":"info","message":"GET /api/appointments/stats?month=3&year=2026 304 - - 40.562 ms","timestamp":"2026-03-02 10:15:14"}
{"level":"info","message":"GET /api/appointments/stats?month=2&year=2026 304 - - 40.610 ms","timestamp":"2026-03-02 10:15:14"}
{"level":"info","message":"GET /api/appointments/revenue 304 - - 63.066 ms","timestamp":"2026-03-02 10:15:14"}
{"level":"info","message":"GET /api/users 200 - - 110.532 ms","timestamp":"2026-03-02 10:15:14"}
{"level":"info","message":"OPTIONS /api/attendance/2026/3 200 0 - 0.165 ms","timestamp":"2026-03-02 10:15:34"}
{"level":"info","message":"OPTIONS /api/users/all 200 0 - 0.211 ms","timestamp":"2026-03-02 10:15:34"}
{"level":"info","message":"OPTIONS /api/attendance/range?start=2026-02-28T18:30:00.000Z&end=2026-03-31T18:29:59.999Z 200 0 - 0.288 ms","timestamp":"2026-03-02 10:15:34"}
{"level":"info","message":"GET /api/attendance/2026/3 304 - - 66.258 ms","timestamp":"2026-03-02 10:15:34"}
{"level":"info","message":"GET /api/attendance/range?start=2026-02-28T18:30:00.000Z&end=2026-03-31T18:29:59.999Z 304 - - 63.003 ms","timestamp":"2026-03-02 10:15:34"}
{"level":"info","message":"GET /api/users/all 200 - - 90.863 ms","timestamp":"2026-03-02 10:15:34"}
{"level":"info","message":"OPTIONS /api/appointments/stats?month=3&year=2026 200 0 - 0.070 ms","timestamp":"2026-03-02 10:15:42"}
{"level":"info","message":"OPTIONS /api/appointments/stats?month=2&year=2026 200 0 - 0.053 ms","timestamp":"2026-03-02 10:15:42"}
{"level":"info","message":"OPTIONS /api/appointments/revenue 200 0 - 0.055 ms","timestamp":"2026-03-02 10:15:42"}
{"level":"info","message":"OPTIONS /api/users 200 0 - 0.080 ms","timestamp":"2026-03-02 10:15:42"}
{"level":"info","message":"GET /api/appointments/stats?month=3&year=2026 304 - - 40.078 ms","timestamp":"2026-03-02 10:15:42"}
{"level":"info","message":"GET /api/appointments/stats?month=2&year=2026 304 - - 38.926 ms","timestamp":"2026-03-02 10:15:42"}
{"level":"info","message":"GET /api/appointments/revenue 304 - - 61.858 ms","timestamp":"2026-03-02 10:15:42"}
{"level":"info","message":"GET /api/users 200 - - 106.992 ms","timestamp":"2026-03-02 10:15:42"}
{"level":"info","message":"OPTIONS /api/attendance/2026/3 200 0 - 0.057 ms","timestamp":"2026-03-02 10:16:04"}
{"level":"info","message":"OPTIONS /api/users/all 200 0 - 0.056 ms","timestamp":"2026-03-02 10:16:04"}
{"level":"info","message":"OPTIONS /api/attendance/range?start=2026-02-28T18:30:00.000Z&end=2026-03-31T18:29:59.999Z 200 0 - 0.028 ms","timestamp":"2026-03-02 10:16:04"}
{"level":"info","message":"GET /api/attendance/2026/3 304 - - 59.810 ms","timestamp":"2026-03-02 10:16:04"}
{"level":"info","message":"GET /api/attendance/range?start=2026-02-28T18:30:00.000Z&end=2026-03-31T18:29:59.999Z 304 - - 62.632 ms","timestamp":"2026-03-02 10:16:04"}
{"level":"info","message":"GET /api/users/all 200 - - 88.165 ms","timestamp":"2026-03-02 10:16:04"}
{"level":"info","message":"OPTIONS /api/attendance/2026/3 200 0 - 0.174 ms","timestamp":"2026-03-02 10:16:34"}
{"level":"info","message":"OPTIONS /api/users/all 200 0 - 0.231 ms","timestamp":"2026-03-02 10:16:34"}
{"level":"info","message":"OPTIONS /api/attendance/range?start=2026-02-28T18:30:00.000Z&end=2026-03-31T18:29:59.999Z 200 0 - 0.127 ms","timestamp":"2026-03-02 10:16:34"}
{"level":"info","message":"GET /api/attendance/range?start=2026-02-28T18:30:00.000Z&end=2026-03-31T18:29:59.999Z 304 - - 68.392 ms","timestamp":"2026-03-02 10:16:34"}
{"level":"info","message":"GET /api/attendance/2026/3 304 - - 83.806 ms","timestamp":"2026-03-02 10:16:34"}
{"level":"info","message":"GET /api/users/all 200 - - 111.953 ms","timestamp":"2026-03-02 10:16:34"}
{"level":"info","message":"OPTIONS /api/appointments/stats?month=3&year=2026 200 0 - 0.095 ms","timestamp":"2026-03-02 10:16:42"}
{"level":"info","message":"OPTIONS /api/appointments/stats?month=2&year=2026 200 0 - 0.048 ms","timestamp":"2026-03-02 10:16:42"}
{"level":"info","message":"OPTIONS /api/appointments/revenue 200 0 - 0.054 ms","timestamp":"2026-03-02 10:16:42"}
{"level":"info","message":"OPTIONS /api/users 200 0 - 0.038 ms","timestamp":"2026-03-02 10:16:42"}
{"level":"info","message":"GET /api/appointments/stats?month=3&year=2026 304 - - 40.886 ms","timestamp":"2026-03-02 10:16:42"}
{"level":"info","message":"GET /api/appointments/stats?month=2&year=2026 304 - - 39.498 ms","timestamp":"2026-03-02 10:16:42"}
{"level":"info","message":"GET /api/appointments/revenue 304 - - 60.666 ms","timestamp":"2026-03-02 10:16:42"}
{"level":"info","message":"GET /api/users 200 - - 107.754 ms","timestamp":"2026-03-02 10:16:42"}
{"level":"info","message":"OPTIONS /api/attendance/2026/3 200 0 - 0.057 ms","timestamp":"2026-03-02 10:17:04"}
{"level":"info","message":"OPTIONS /api/users/all 200 0 - 0.052 ms","timestamp":"2026-03-02 10:17:04"}
{"level":"info","message":"OPTIONS /api/attendance/range?start=2026-02-28T18:30:00.000Z&end=2026-03-31T18:29:59.999Z 200 0 - 0.028 ms","timestamp":"2026-03-02 10:17:04"}
{"level":"info","message":"GET /api/attendance/2026/3 304 - - 60.978 ms","timestamp":"2026-03-02 10:17:04"}
{"level":"info","message":"GET /api/attendance/range?start=2026-02-28T18:30:00.000Z&end=2026-03-31T18:29:59.999Z 304 - - 62.803 ms","timestamp":"2026-03-02 10:17:04"}
{"level":"info","message":"GET /api/users/all 200 - - 88.653 ms","timestamp":"2026-03-02 10:17:04"}
{"level":"info","message":"OPTIONS /api/appointments/stats?month=3&year=2026 200 0 - 0.113 ms","timestamp":"2026-03-02 10:17:20"}
{"level":"info","message":"OPTIONS /api/appointments/stats?month=2&year=2026 200 0 - 0.088 ms","timestamp":"2026-03-02 10:17:20"}
{"level":"info","message":"OPTIONS /api/appointments/revenue 200 0 - 0.049 ms","timestamp":"2026-03-02 10:17:20"}
{"level":"info","message":"OPTIONS /api/users 200 0 - 0.049 ms","timestamp":"2026-03-02 10:17:20"}
{"level":"info","message":"GET /api/appointments/stats?month=3&year=2026 304 - - 40.432 ms","timestamp":"2026-03-02 10:17:20"}
{"level":"info","message":"GET /api/appointments/stats?month=2&year=2026 304 - - 39.815 ms","timestamp":"2026-03-02 10:17:20"}
{"level":"info","message":"GET /api/appointments/revenue 304 - - 61.835 ms","timestamp":"2026-03-02 10:17:20"}
{"level":"info","message":"GET /api/users 200 - - 106.042 ms","timestamp":"2026-03-02 10:17:20"}
{"level":"info","message":"GET /api/appointments/stats?month=2&year=2026 304 - - 44.977 ms","timestamp":"2026-03-02 10:17:23"}
{"level":"info","message":"GET /api/appointments/stats?month=3&year=2026 304 - - 46.642 ms","timestamp":"2026-03-02 10:17:23"}
{"level":"info","message":"GET /api/appointments/revenue 304 - - 64.596 ms","timestamp":"2026-03-02 10:17:23"}
{"level":"info","message":"GET /api/users 304 - - 113.726 ms","timestamp":"2026-03-02 10:17:23"}
{"level":"info","message":"OPTIONS /api/attendance/2026/3 200 0 - 0.084 ms","timestamp":"2026-03-02 10:17:33"}
{"level":"info","message":"OPTIONS /api/users/all 200 0 - 0.072 ms","timestamp":"2026-03-02 10:17:33"}
{"level":"info","message":"OPTIONS /api/attendance/range?start=2026-02-28T18:30:00.000Z&end=2026-03-31T18:29:59.999Z 200 0 - 0.083 ms","timestamp":"2026-03-02 10:17:33"}
{"level":"info","message":"GET /api/attendance/2026/3 304 - - 62.867 ms","timestamp":"2026-03-02 10:17:33"}
{"level":"info","message":"OPTIONS /api/appointments/stats?month=3&year=2026 200 0 - 0.087 ms","timestamp":"2026-03-02 10:17:33"}
{"level":"info","message":"OPTIONS /api/appointments/stats?month=2&year=2026 200 0 - 0.088 ms","timestamp":"2026-03-02 10:17:33"}
{"level":"info","message":"OPTIONS /api/appointments/revenue 200 0 - 0.076 ms","timestamp":"2026-03-02 10:17:33"}
{"level":"info","message":"GET /api/attendance/range?start=2026-02-28T18:30:00.000Z&end=2026-03-31T18:29:59.999Z 304 - - 67.881 ms","timestamp":"2026-03-02 10:17:33"}
{"level":"info","message":"OPTIONS /api/users 200 0 - 0.093 ms","timestamp":"2026-03-02 10:17:33"}
{"level":"info","message":"GET /api/users/all 200 - - 93.301 ms","timestamp":"2026-03-02 10:17:33"}
{"level":"info","message":"GET /api/appointments/stats?month=3&year=2026 304 - - 41.424 ms","timestamp":"2026-03-02 10:17:33"}
{"level":"info","message":"GET /api/appointments/stats?month=2&year=2026 304 - - 43.661 ms","timestamp":"2026-03-02 10:17:33"}
{"level":"info","message":"GET /api/appointments/revenue 304 - - 70.033 ms","timestamp":"2026-03-02 10:17:33"}
{"level":"info","message":"GET /api/users 200 - - 108.332 ms","timestamp":"2026-03-02 10:17:33"}
{"level":"info","message":"OPTIONS /api/appointments/stats?month=3&year=2026 200 0 - 0.081 ms","timestamp":"2026-03-02 10:17:44"}
{"level":"info","message":"OPTIONS /api/appointments/stats?month=2&year=2026 200 0 - 0.072 ms","timestamp":"2026-03-02 10:17:44"}
{"level":"info","message":"OPTIONS /api/appointments/revenue 200 0 - 0.037 ms","timestamp":"2026-03-02 10:17:44"}
{"level":"info","message":"OPTIONS /api/users 200 0 - 0.034 ms","timestamp":"2026-03-02 10:17:44"}
{"level":"info","message":"GET /api/appointments/stats?month=3&year=2026 304 - - 40.913 ms","timestamp":"2026-03-02 10:17:44"}
{"level":"info","message":"GET /api/appointments/stats?month=2&year=2026 304 - - 46.296 ms","timestamp":"2026-03-02 10:17:44"}
{"level":"info","message":"GET /api/appointments/revenue 304 - - 60.194 ms","timestamp":"2026-03-02 10:17:44"}
{"level":"info","message":"GET /api/users 200 - - 105.514 ms","timestamp":"2026-03-02 10:17:44"}
{"level":"info","message":"OPTIONS /api/appointments/stats?month=3&year=2026 200 0 - 0.116 ms","timestamp":"2026-03-02 10:17:54"}
{"level":"info","message":"OPTIONS /api/appointments/stats?month=2&year=2026 200 0 - 0.084 ms","timestamp":"2026-03-02 10:17:54"}
{"level":"info","message":"OPTIONS /api/appointments/revenue 200 0 - 0.070 ms","timestamp":"2026-03-02 10:17:54"}
{"level":"info","message":"OPTIONS /api/users 200 0 - 0.069 ms","timestamp":"2026-03-02 10:17:54"}
{"level":"info","message":"GET /api/appointments/stats?month=3&year=2026 304 - - 41.597 ms","timestamp":"2026-03-02 10:17:54"}
{"level":"info","message":"GET /api/appointments/stats?month=2&year=2026 304 - - 41.453 ms","timestamp":"2026-03-02 10:17:54"}
{"level":"info","message":"GET /api/appointments/revenue 304 - - 71.929 ms","timestamp":"2026-03-02 10:17:54"}
{"level":"info","message":"GET /api/users 200 - - 117.587 ms","timestamp":"2026-03-02 10:17:54"}
{"level":"info","message":"OPTIONS /api/attendance/2026/3 200 0 - 0.092 ms","timestamp":"2026-03-02 10:18:04"}
{"level":"info","message":"OPTIONS /api/users/all 200 0 - 0.060 ms","timestamp":"2026-03-02 10:18:04"}
{"level":"info","message":"OPTIONS /api/attendance/range?start=2026-02-28T18:30:00.000Z&end=2026-03-31T18:29:59.999Z 200 0 - 0.052 ms","timestamp":"2026-03-02 10:18:04"}
{"level":"info","message":"GET /api/attendance/2026/3 304 - - 61.935 ms","timestamp":"2026-03-02 10:18:04"}
{"level":"info","message":"OPTIONS /api/appointments/stats?month=3&year=2026 200 0 - 0.068 ms","timestamp":"2026-03-02 10:18:04"}
{"level":"info","message":"OPTIONS /api/appointments/stats?month=2&year=2026 200 0 - 0.058 ms","timestamp":"2026-03-02 10:18:04"}
{"level":"info","message":"GET /api/attendance/range?start=2026-02-28T18:30:00.000Z&end=2026-03-31T18:29:59.999Z 304 - - 62.010 ms","timestamp":"2026-03-02 10:18:04"}
{"level":"info","message":"OPTIONS /api/appointments/revenue 200 0 - 0.069 ms","timestamp":"2026-03-02 10:18:04"}
{"level":"info","message":"OPTIONS /api/users 200 0 - 0.069 ms","timestamp":"2026-03-02 10:18:04"}
{"level":"info","message":"GET /api/users/all 200 - - 99.019 ms","timestamp":"2026-03-02 10:18:04"}
{"level":"info","message":"GET /api/appointments/stats?month=3&year=2026 304 - - 40.178 ms","timestamp":"2026-03-02 10:18:04"}
{"level":"info","message":"GET /api/appointments/stats?month=2&year=2026 304 - - 49.769 ms","timestamp":"2026-03-02 10:18:04"}
{"level":"info","message":"GET /api/appointments/revenue 304 - - 60.115 ms","timestamp":"2026-03-02 10:18:04"}
{"level":"info","message":"GET /api/users 200 - - 116.226 ms","timestamp":"2026-03-02 10:18:04"}
{"level":"info","message":"OPTIONS /api/appointments/stats?month=3&year=2026 200 0 - 0.060 ms","timestamp":"2026-03-02 10:18:13"}
{"level":"info","message":"OPTIONS /api/appointments/stats?month=2&year=2026 200 0 - 0.059 ms","timestamp":"2026-03-02 10:18:13"}
{"level":"info","message":"OPTIONS /api/appointments/revenue 200 0 - 0.026 ms","timestamp":"2026-03-02 10:18:13"}
{"level":"info","message":"OPTIONS /api/users 200 0 - 0.026 ms","timestamp":"2026-03-02 10:18:13"}
{"level":"info","message":"GET /api/appointments/stats?month=3&year=2026 304 - - 39.955 ms","timestamp":"2026-03-02 10:18:13"}
{"level":"info","message":"GET /api/appointments/stats?month=2&year=2026 304 - - 40.607 ms","timestamp":"2026-03-02 10:18:13"}
{"level":"info","message":"GET /api/appointments/revenue 304 - - 62.084 ms","timestamp":"2026-03-02 10:18:13"}
{"level":"info","message":"GET /api/users 200 - - 106.511 ms","timestamp":"2026-03-02 10:18:13"}
{"level":"info","message":"OPTIONS /api/appointments/stats?month=3&year=2026 200 0 - 0.089 ms","timestamp":"2026-03-02 10:18:24"}
{"level":"info","message":"OPTIONS /api/appointments/stats?month=2&year=2026 200 0 - 0.053 ms","timestamp":"2026-03-02 10:18:24"}
{"level":"info","message":"OPTIONS /api/appointments/revenue 200 0 - 0.060 ms","timestamp":"2026-03-02 10:18:24"}
{"level":"info","message":"OPTIONS /api/users 200 0 - 0.041 ms","timestamp":"2026-03-02 10:18:24"}
{"level":"info","message":"GET /api/appointments/stats?month=3&year=2026 304 - - 39.748 ms","timestamp":"2026-03-02 10:18:24"}
{"level":"info","message":"GET /api/appointments/stats?month=2&year=2026 304 - - 38.959 ms","timestamp":"2026-03-02 10:18:24"}
{"level":"info","message":"GET /api/appointments/revenue 304 - - 64.431 ms","timestamp":"2026-03-02 10:18:24"}
{"level":"info","message":"GET /api/users 200 - - 119.791 ms","timestamp":"2026-03-02 10:18:24"}
{"level":"info","message":"OPTIONS /api/attendance/2026/3 200 0 - 0.432 ms","timestamp":"2026-03-02 10:18:34"}
{"level":"info","message":"OPTIONS /api/users/all 200 0 - 0.228 ms","timestamp":"2026-03-02 10:18:34"}
{"level":"info","message":"OPTIONS /api/attendance/range?start=2026-02-28T18:30:00.000Z&end=2026-03-31T18:29:59.999Z 200 0 - 0.123 ms","timestamp":"2026-03-02 10:18:34"}
{"level":"info","message":"GET /api/attendance/2026/3 304 - - 64.373 ms","timestamp":"2026-03-02 10:18:34"}
{"level":"info","message":"GET /api/attendance/range?start=2026-02-28T18:30:00.000Z&end=2026-03-31T18:29:59.999Z 304 - - 63.005 ms","timestamp":"2026-03-02 10:18:34"}
{"level":"info","message":"OPTIONS /api/appointments/stats?month=3&year=2026 200 0 - 0.060 ms","timestamp":"2026-03-02 10:18:34"}
{"level":"info","message":"OPTIONS /api/appointments/stats?month=2&year=2026 200 0 - 0.030 ms","timestamp":"2026-03-02 10:18:34"}
{"level":"info","message":"OPTIONS /api/appointments/revenue 200 0 - 0.042 ms","timestamp":"2026-03-02 10:18:34"}
{"level":"info","message":"OPTIONS /api/users 200 0 - 0.033 ms","timestamp":"2026-03-02 10:18:34"}
{"level":"info","message":"GET /api/users/all 200 - - 90.301 ms","timestamp":"2026-03-02 10:18:34"}
{"level":"info","message":"GET /api/appointments/stats?month=3&year=2026 304 - - 41.425 ms","timestamp":"2026-03-02 10:18:34"}
{"level":"info","message":"GET /api/appointments/stats?month=2&year=2026 304 - - 41.469 ms","timestamp":"2026-03-02 10:18:34"}
{"level":"info","message":"GET /api/appointments/revenue 304 - - 63.654 ms","timestamp":"2026-03-02 10:18:34"}
{"level":"info","message":"GET /api/users 200 - - 119.425 ms","timestamp":"2026-03-02 10:18:34"}
{"level":"info","message":"OPTIONS /api/appointments/stats?month=3&year=2026 200 0 - 0.084 ms","timestamp":"2026-03-02 10:18:44"}
{"level":"info","message":"OPTIONS /api/appointments/stats?month=2&year=2026 200 0 - 0.071 ms","timestamp":"2026-03-02 10:18:44"}
{"level":"info","message":"OPTIONS /api/appointments/revenue 200 0 - 0.047 ms","timestamp":"2026-03-02 10:18:44"}
{"level":"info","message":"OPTIONS /api/users 200 0 - 0.035 ms","timestamp":"2026-03-02 10:18:44"}
{"level":"info","message":"GET /api/appointments/stats?month=2&year=2026 304 - - 39.006 ms","timestamp":"2026-03-02 10:18:44"}
{"level":"info","message":"GET /api/appointments/stats?month=3&year=2026 304 - - 45.752 ms","timestamp":"2026-03-02 10:18:44"}
{"level":"info","message":"GET /api/appointments/revenue 304 - - 60.880 ms","timestamp":"2026-03-02 10:18:44"}
{"level":"info","message":"GET /api/users 200 - - 133.195 ms","timestamp":"2026-03-02 10:18:44"}
{"level":"info","message":"OPTIONS /api/appointments/stats?month=3&year=2026 200 0 - 0.067 ms","timestamp":"2026-03-02 10:18:54"}
{"level":"info","message":"OPTIONS /api/appointments/stats?month=2&year=2026 200 0 - 0.043 ms","timestamp":"2026-03-02 10:18:54"}
{"level":"info","message":"OPTIONS /api/appointments/revenue 200 0 - 0.050 ms","timestamp":"2026-03-02 10:18:54"}
{"level":"info","message":"OPTIONS /api/users 200 0 - 0.043 ms","timestamp":"2026-03-02 10:18:54"}
{"level":"info","message":"GET /api/appointments/stats?month=3&year=2026 304 - - 39.763 ms","timestamp":"2026-03-02 10:18:54"}
{"level":"info","message":"GET /api/appointments/stats?month=2&year=2026 304 - - 39.233 ms","timestamp":"2026-03-02 10:18:54"}
{"level":"info","message":"GET /api/appointments/revenue 304 - - 70.180 ms","timestamp":"2026-03-02 10:18:54"}
{"level":"info","message":"GET /api/users 200 - - 114.152 ms","timestamp":"2026-03-02 10:18:54"}
{"level":"info","message":"GET /api/appointments/revenue/reports 401 32 - 1.228 ms","timestamp":"2026-03-02 10:19:03"}
{"level":"info","message":"OPTIONS /api/attendance/2026/3 200 0 - 0.160 ms","timestamp":"2026-03-02 10:19:04"}
{"level":"info","message":"OPTIONS /api/users/all 200 0 - 0.070 ms","timestamp":"2026-03-02 10:19:04"}
{"level":"info","message":"OPTIONS /api/attendance/range?start=2026-02-28T18:30:00.000Z&end=2026-03-31T18:29:59.999Z 200 0 - 0.062 ms","timestamp":"2026-03-02 10:19:04"}
{"level":"info","message":"GET /api/attendance/2026/3 304 - - 64.857 ms","timestamp":"2026-03-02 10:19:04"}
{"level":"info","message":"GET /api/attendance/range?start=2026-02-28T18:30:00.000Z&end=2026-03-31T18:29:59.999Z 304 - - 62.054 ms","timestamp":"2026-03-02 10:19:04"}
{"level":"info","message":"OPTIONS /api/appointments/stats?month=3&year=2026 200 0 - 0.096 ms","timestamp":"2026-03-02 10:19:04"}
{"level":"info","message":"OPTIONS /api/appointments/stats?month=2&year=2026 200 0 - 0.053 ms","timestamp":"2026-03-02 10:19:04"}
{"level":"info","message":"OPTIONS /api/appointments/revenue 200 0 - 0.055 ms","timestamp":"2026-03-02 10:19:04"}
{"level":"info","message":"OPTIONS /api/users 200 0 - 0.056 ms","timestamp":"2026-03-02 10:19:04"}
{"level":"info","message":"GET /api/users/all 200 - - 115.929 ms","timestamp":"2026-03-02 10:19:04"}
{"level":"info","message":"GET /api/appointments/stats?month=3&year=2026 304 - - 52.559 ms","timestamp":"2026-03-02 10:19:04"}
{"level":"info","message":"GET /api/appointments/stats?month=2&year=2026 304 - - 52.520 ms","timestamp":"2026-03-02 10:19:04"}
{"level":"info","message":"GET /api/appointments/revenue 304 - - 78.185 ms","timestamp":"2026-03-02 10:19:04"}
{"level":"info","message":"GET /api/users 200 - - 144.484 ms","timestamp":"2026-03-02 10:19:04"}
{"level":"info","message":"OPTIONS /api/appointments/stats?month=3&year=2026 200 0 - 0.086 ms","timestamp":"2026-03-02 10:19:14"}
{"level":"info","message":"OPTIONS /api/appointments/stats?month=2&year=2026 200 0 - 0.068 ms","timestamp":"2026-03-02 10:19:14"}
{"level":"info","message":"OPTIONS /api/appointments/revenue 200 0 - 0.034 ms","timestamp":"2026-03-02 10:19:14"}
{"level":"info","message":"OPTIONS /api/users 200 0 - 0.034 ms","timestamp":"2026-03-02 10:19:14"}
{"level":"info","message":"GET /api/appointments/stats?month=3&year=2026 304 - - 40.710 ms","timestamp":"2026-03-02 10:19:14"}
{"level":"info","message":"GET /api/appointments/stats?month=2&year=2026 304 - - 40.276 ms","timestamp":"2026-03-02 10:19:14"}
{"level":"info","message":"GET /api/appointments/revenue 304 - - 62.192 ms","timestamp":"2026-03-02 10:19:14"}
{"level":"info","message":"GET /api/users 200 - - 106.868 ms","timestamp":"2026-03-02 10:19:14"}
{"level":"info","message":"OPTIONS /api/appointments/stats?month=3&year=2026 200 0 - 0.076 ms","timestamp":"2026-03-02 10:19:42"}
{"level":"info","message":"OPTIONS /api/appointments/stats?month=2&year=2026 200 0 - 0.051 ms","timestamp":"2026-03-02 10:19:42"}
{"level":"info","message":"OPTIONS /api/appointments/revenue 200 0 - 0.027 ms","timestamp":"2026-03-02 10:19:42"}
{"level":"info","message":"OPTIONS /api/users 200 0 - 0.033 ms","timestamp":"2026-03-02 10:19:42"}
{"level":"info","message":"OPTIONS /api/attendance/2026/3 200 0 - 0.033 ms","timestamp":"2026-03-02 10:19:42"}
{"level":"info","message":"OPTIONS /api/users/all 200 0 - 0.040 ms","timestamp":"2026-03-02 10:19:42"}
{"level":"info","message":"OPTIONS /api/attendance/range?start=2026-02-28T18:30:00.000Z&end=2026-03-31T18:29:59.999Z 200 0 - 0.046 ms","timestamp":"2026-03-02 10:19:42"}
{"level":"info","message":"GET /api/appointments/stats?month=3&year=2026 304 - - 39.999 ms","timestamp":"2026-03-02 10:19:42"}
{"level":"info","message":"GET /api/appointments/stats?month=2&year=2026 304 - - 39.245 ms","timestamp":"2026-03-02 10:19:42"}
{"level":"info","message":"GET /api/appointments/revenue 304 - - 60.902 ms","timestamp":"2026-03-02 10:19:42"}
{"level":"info","message":"GET /api/attendance/2026/3 304 - - 67.167 ms","timestamp":"2026-03-02 10:19:42"}
{"level":"info","message":"GET /api/users/all 200 - - 88.977 ms","timestamp":"2026-03-02 10:19:42"}
{"level":"info","message":"GET /api/attendance/range?start=2026-02-28T18:30:00.000Z&end=2026-03-31T18:29:59.999Z 304 - - 61.527 ms","timestamp":"2026-03-02 10:19:42"}
{"level":"info","message":"GET /api/users 200 - - 105.066 ms","timestamp":"2026-03-02 10:19:42"}
{"level":"info","message":"OPTIONS /api/appointments/stats?month=3&year=2026 200 0 - 0.058 ms","timestamp":"2026-03-02 10:20:42"}
{"level":"info","message":"OPTIONS /api/appointments/stats?month=2&year=2026 200 0 - 0.063 ms","timestamp":"2026-03-02 10:20:42"}
{"level":"info","message":"OPTIONS /api/appointments/revenue 200 0 - 0.043 ms","timestamp":"2026-03-02 10:20:42"}
{"level":"info","message":"OPTIONS /api/users 200 0 - 0.038 ms","timestamp":"2026-03-02 10:20:42"}
{"level":"info","message":"OPTIONS /api/attendance/2026/3 200 0 - 0.084 ms","timestamp":"2026-03-02 10:20:42"}
{"level":"info","message":"OPTIONS /api/users/all 200 0 - 0.041 ms","timestamp":"2026-03-02 10:20:42"}
{"level":"info","message":"OPTIONS /api/attendance/range?start=2026-02-28T18:30:00.000Z&end=2026-03-31T18:29:59.999Z 200 0 - 0.029 ms","timestamp":"2026-03-02 10:20:42"}
{"level":"info","message":"GET /api/appointments/stats?month=3&year=2026 304 - - 39.985 ms","timestamp":"2026-03-02 10:20:42"}
{"level":"info","message":"GET /api/appointments/stats?month=2&year=2026 304 - - 38.875 ms","timestamp":"2026-03-02 10:20:42"}
{"level":"info","message":"GET /api/appointments/revenue 304 - - 59.664 ms","timestamp":"2026-03-02 10:20:42"}
{"level":"info","message":"GET /api/attendance/2026/3 304 - - 59.596 ms","timestamp":"2026-03-02 10:20:42"}
{"level":"info","message":"GET /api/attendance/range?start=2026-02-28T18:30:00.000Z&end=2026-03-31T18:29:59.999Z 304 - - 63.628 ms","timestamp":"2026-03-02 10:20:42"}
{"level":"info","message":"GET /api/users/all 200 - - 90.273 ms","timestamp":"2026-03-02 10:20:42"}
{"level":"info","message":"GET /api/users 200 - - 123.812 ms","timestamp":"2026-03-02 10:20:42"}
{"level":"info","message":"OPTIONS /api/appointments/stats?month=3&year=2026 200 0 - 0.065 ms","timestamp":"2026-03-02 10:21:42"}
{"level":"info","message":"OPTIONS /api/appointments/stats?month=2&year=2026 200 0 - 0.042 ms","timestamp":"2026-03-02 10:21:42"}
{"level":"info","message":"OPTIONS /api/appointments/revenue 200 0 - 0.040 ms","timestamp":"2026-03-02 10:21:42"}
{"level":"info","message":"OPTIONS /api/attendance/2026/3 200 0 - 0.041 ms","timestamp":"2026-03-02 10:21:42"}
{"level":"info","message":"OPTIONS /api/users/all 200 0 - 0.025 ms","timestamp":"2026-03-02 10:21:42"}
{"level":"info","message":"OPTIONS /api/users 200 0 - 0.027 ms","timestamp":"2026-03-02 10:21:42"}
{"level":"info","message":"OPTIONS /api/attendance/range?start=2026-02-28T18:30:00.000Z&end=2026-03-31T18:29:59.999Z 200 0 - 0.034 ms","timestamp":"2026-03-02 10:21:42"}
{"level":"info","message":"GET /api/appointments/stats?month=3&year=2026 304 - - 40.214 ms","timestamp":"2026-03-02 10:21:42"}
{"level":"info","message":"GET /api/appointments/stats?month=2&year=2026 304 - - 39.122 ms","timestamp":"2026-03-02 10:21:42"}
{"level":"info","message":"GET /api/appointments/revenue 304 - - 73.575 ms","timestamp":"2026-03-02 10:21:42"}
{"level":"info","message":"GET /api/attendance/2026/3 304 - - 76.680 ms","timestamp":"2026-03-02 10:21:42"}
{"level":"info","message":"GET /api/users/all 200 - - 101.350 ms","timestamp":"2026-03-02 10:21:42"}
{"level":"info","message":"GET /api/attendance/range?start=2026-02-28T18:30:00.000Z&end=2026-03-31T18:29:59.999Z 304 - - 91.400 ms","timestamp":"2026-03-02 10:21:42"}
{"level":"info","message":"GET /api/users 200 - - 137.868 ms","timestamp":"2026-03-02 10:21:42"}
